<html>
<body>
<pre>
<h1>µVision Build Log</h1>
<h2>Project:</h2>
C:\Users\dell\Desktop\app\nRF_Project\app.uvproj
Project File Date:  12/13/2019

<h2>Output:</h2>
Build target 'App'
assembling arm_startup_nrf52.s...
compiling main.c...
..\nRF_APP\src\main.c(952): warning:  #177-D: variable "err_code" was declared but never referenced
      uint32_t       err_code;
..\nRF_APP\src\main.c(1037): warning:  #177-D: variable "buff" was declared but never referenced
          uint8_t  buff[16] = {0};
..\nRF_APP\src\main.c(905): warning:  #177-D: function "buttons_leds_init" was declared but never referenced
  static void buttons_leds_init(bool * p_erase_bonds)
..\nRF_APP\src\main.c(928): warning:  #550-D: variable "my_flag" was set but never used
  static  int        my_flag;
..\nRF_APP\src\main.c(990): warning:  #177-D: function "uart_init" was declared but never referenced
  static void uart_init(void)
..\nRF_APP\src\main.c(1039): warning: C4017W: erase_bonds may be used before being set
    bool erase_bonds;
..\nRF_APP\src\main.c: 6 warnings, 0 errors
compiling bsp.c...
compiling bsp_btn_ble.c...
compiling ble_advdata.c...
compiling ble_advertising.c...
compiling ble_bas.c...
compiling ble_conn_params.c...
compiling ble_dfu.c...
compiling ble_dis.c...
compiling ble_hrs.c...
compiling ble_srv_common.c...
compiling device_manager_peripheral.c...
compiling softdevice_handler.c...
compiling system_nrf52.c...
compiling app_uart_fifo.c...
compiling nrf_delay.c...
compiling nrf_drv_common.c...
compiling nrf_drv_gpiote.c...
compiling nrf_drv_uart.c...
compiling pstorage.c...
compiling app_button.c...
compiling app_error.c...
compiling app_error_weak.c...
compiling app_fifo.c...
compiling app_timer.c...
compiling app_trace.c...
compiling app_util_platform.c...
compiling bootloader_util.c...
compiling dfu_app_handler.c...
compiling fstorage.c...
compiling nrf_assert.c...
compiling nrf_log.c...
compiling retarget.c...
compiling RTT_Syscalls_KEIL.c...
compiling SEGGER_RTT.c...
compiling SEGGER_RTT_printf.c...
compiling sensorsim.c...
linking...
Program Size: Code=25100 RO-data=1248 RW-data=368 ZI-data=10776  
FromELF: creating hex file...
"..\nRF_Obj\app.axf" - 0 Error(s), 6 Warning(s).
</pre>
</body>
</html>
n running ...
