<html>
<body>
<pre>
<h1>µVision Build Log</h1>
<h2>Project:</h2>
C:\Users\dell\Desktop\boot\nRF_Project\bootv1.0.uvproj
Project File Date:  12/10/2019

<h2>Output:</h2>
Build target 'bootv1.0'
compiling main.c...
..\nRF_App\src\main.c(198): warning:  #223-D: function "nrf_delay_ms" declared implicitly
          nrf_delay_ms(2000);
..\nRF_App\src\main.c(95): warning:  #177-D: function "leds_init" was declared but never referenced
  static void leds_init(void)
..\nRF_App\src\main.c: 2 warnings, 0 errors
compiling nrf_drv_common.c...
compiling softdevice_handler.c...
linking...
Program Size: Code=14092 RO-data=1188 RW-data=216 ZI-data=18392  
FromELF: creating hex file...
".\bootv1.0" - 0 Error(s), 2 Warning(s).
</pre>
</body>
</html>
on.c: 0 warnings, 1 error
compiling pstorage_raw.c...
compiling bootloader.c...
compiling dfu_dual_bank.c...
compiling softdevice_handler.c...
..\nRF_Driver\inc\nrf_drv_config.h(462): error:  #5: cannot open source input file "nrf_drv_config_validation.h": No such file or directory
  #include "nrf_drv_config_validation.h"
..\nRF_SoftDevice\src\softdevice_handler.c: 0 warnings, 1 error
".\bootv1.0" - 2 Error(s), 2 Warning(s).
Target not created
iling app_timer.c...
compiling app_timer_appsh.c...
compiling app_util_platform.c...
compiling bootloader.c...
..\nRF_Driver\inc\pstorage.h(28): error:  #5: cannot open source input file "pstorage_platform.h": No such file or directory
  #include "pstorage_platform.h"
..\nRF_Library\src\bootloader.c: 0 warnings, 1 error
compiling bootloader_settings.c...
compiling bootloader_util.c...
compiling crc16.c...
compiling dfu_dual_bank.c...
..\nRF_Driver\inc\pstorage.h(28): error:  #5: cannot open source input file "pstorage_platform.h": No such file or directory
  #include "pstorage_platform.h"
..\nRF_Library\src\dfu_dual_bank.c: 0 warnings, 1 error
compiling dfu_init_template.c...
compiling dfu_transport_ble.c...
compiling hci_mem_pool.c...
compiling nrf_assert.c...
compiling softdevice_handler.c...
..\nRF_Driver\inc\nrf_drv_config.h(462): error:  #5: cannot open source input file "nrf_drv_config_validation.h": No such file or directory
  #include "nrf_drv_config_validation.h"
..\nRF_SoftDevice\src\softdevice_handler.c: 0 warnings, 1 error
compiling softdevice_handler_appsh.c...
".\bootv1.0" - 6 Error(s), 0 Warning(s).
Target not created
piling bootloader.c...
bootloader.c: Warning: C3910W: Old syntax, please use '--c99'.
..\nRF_Driver\inc\pstorage.h(28): error:  #5: cannot open source input file "pstorage_platform.h": No such file or directory
  #include "pstorage_platform.h"
..\nRF_Library\src\bootloader.c: 0 warnings, 1 error
compiling bootloader_settings.c...
bootloader_settings.c: Warning: C3910W: Old syntax, please use '--c99'.
compiling bootloader_util.c...
bootloader_util.c: Warning: C3910W: Old syntax, please use '--c99'.
compiling crc16.c...
crc16.c: Warning: C3910W: Old syntax, please use '--c99'.
compiling dfu_dual_bank.c...
dfu_dual_bank.c: Warning: C3910W: Old syntax, please use '--c99'.
..\nRF_Driver\inc\pstorage.h(28): error:  #5: cannot open source input file "pstorage_platform.h": No such file or directory
  #include "pstorage_platform.h"
..\nRF_Library\src\dfu_dual_bank.c: 0 warnings, 1 error
compiling dfu_init_template.c...
dfu_init_template.c: Warning: C3910W: Old syntax, please use '--c99'.
compiling dfu_transport_ble.c...
dfu_transport_ble.c: Warning: C3910W: Old syntax, please use '--c99'.
compiling hci_mem_pool.c...
hci_mem_pool.c: Warning: C3910W: Old syntax, please use '--c99'.
compiling nrf_assert.c...
nrf_assert.c: Warning: C3910W: Old syntax, please use '--c99'.
compiling softdevice_handler.c...
softdevice_handler.c: Warning: C3910W: Old syntax, please use '--c99'.
..\nRF_Driver\inc\nrf_drv_config.h(462): error:  #5: cannot open source input file "nrf_drv_config_validation.h": No such file or directory
  #include "nrf_drv_config_validation.h"
..\nRF_SoftDevice\src\softdevice_handler.c: 0 warnings, 1 error
compiling softdevice_handler_appsh.c...
softdevice_handler_appsh.c: Warning: C3910W: Old syntax, please use '--c99'.
".\bootv1.0" - 6 Error(s), 27 Warning(s).
Target not created
h": No such file or directory
  #include "bootloader.h"
..\nRF_Library\src\bootloader.c: 0 warnings, 1 error
compiling bootloader_settings.c...
..\nRF_Library\src\bootloader_settings.c(13): error:  #5: cannot open source input file "bootloader_settings.h": No such file or directory
  #include "bootloader_settings.h"
..\nRF_Library\src\bootloader_settings.c: 0 warnings, 1 error
compiling bootloader_util.c...
..\nRF_Library\src\bootloader_util.c(13): error:  #5: cannot open source input file "bootloader_util.h": No such file or directory
  #include "bootloader_util.h"
..\nRF_Library\src\bootloader_util.c: 0 warnings, 1 error
compiling crc16.c...
..\nRF_Library\src\crc16.c(13): error:  #5: cannot open source input file "crc16.h": No such file or directory
  #include "crc16.h"
..\nRF_Library\src\crc16.c: 0 warnings, 1 error
compiling dfu_dual_bank.c...
..\nRF_Library\src\dfu_dual_bank.c(14): error:  #5: cannot open source input file "dfu.h": No such file or directory
  #include "dfu.h"
..\nRF_Library\src\dfu_dual_bank.c: 0 warnings, 1 error
compiling dfu_init_template.c...
..\nRF_Library\src\dfu_init_template.c(43): error:  #5: cannot open source input file "dfu_init.h": No such file or directory
  #include "dfu_init.h"
..\nRF_Library\src\dfu_init_template.c: 0 warnings, 1 error
compiling dfu_transport_ble.c...
..\nRF_Library\src\dfu_transport_ble.c(13): error:  #5: cannot open source input file "dfu_transport.h": No such file or directory
  #include "dfu_transport.h"
..\nRF_Library\src\dfu_transport_ble.c: 0 warnings, 1 error
compiling hci_mem_pool.c...
..\nRF_Library\src\hci_mem_pool.c(13): error:  #5: cannot open source input file "hci_mem_pool.h": No such file or directory
  #include "hci_mem_pool.h"
..\nRF_Library\src\hci_mem_pool.c: 0 warnings, 1 error
compiling nrf_assert.c...
..\nRF_Library\src\nrf_assert.c(12): error:  #5: cannot open source input file "nrf_assert.h": No such file or directory
  #include "nrf_assert.h"
..\nRF_Library\src\nrf_assert.c: 0 warnings, 1 error
compiling softdevice_handler.c...
..\nRF_SoftDevice\src\softdevice_handler.c(13): error:  #5: cannot open source input file "softdevice_handler.h": No such file or directory
  #include "softdevice_handler.h"
..\nRF_SoftDevice\src\softdevice_handler.c: 0 warnings, 1 error
compiling softdevice_handler_appsh.c...
..\nRF_SoftDevice\src\softdevice_handler_appsh.c(13): error:  #5: cannot open source input file "softdevice_handler_appsh.h": No such file or directory
  #include "softdevice_handler_appsh.h"
..\nRF_SoftDevice\src\softdevice_handler_appsh.c: 0 warnings, 1 error
".\bootv1.0" - 27 Error(s), 0 Warning(s).
Target not created
