<html>
<body>
<pre>
<h1>礦ision Build Log</h1>
<h2>Tool Versions:</h2>
IDE-Version: μVision V5.12.0.0
Copyright (C) 2014 ARM Ltd and ARM Germany GmbH. All rights reserved.
License Information: 1 wan, Microsoft, LIC=58512-942TU-Q0MNJ-UXMD6-MW3ZP-RY2ZU
 
Tool Versions:
Toolchain:       MDK-ARM Standard  Version: 5.12.0.0
Toolchain Path:  f:\Keil_v5\ARM\ARMCC\Bin
C Compiler:      Armcc.exe V5.05 (build 41)
Assembler:       Armasm.exe V5.05 (build 41)
Linker/Locator:  ArmLink.exe V5.05 (build 41)
Library Manager: ArmAr.exe V5.05 (build 41)
Hex Converter:   FromElf.exe V5.05 (build 41)
CPU DLL:         
Dialog DLL:      
    Target DLL: Segger\JL2CM3.dll
Dialog DLL:      TCM.DLL V1.14.2.0
 
<h2>Project:</h2>
E:\2016年开发产品\青云NRF52832DK开发板\9.官方SDK\nRF5_SDK_11.0.0_89a8197\examples\ble_peripheral\ble_app_hrs\pca10040\s132\arm4\ble_app_hrs_s132_pca10040.uvproj
Project File Date:  03/11/2016

<h2>Output:</h2>
Rebuild target 'nrf52832_xxaa_s132'
compiling main.c...
compiling bsp.c...
compiling bsp_btn_ble.c...
assembling arm_startup_nrf52.s...
compiling system_nrf52.c...
compiling ble_advdata.c...
compiling ble_advertising.c...
compiling ble_bas.c...
compiling ble_conn_params.c...
compiling ble_dis.c...
compiling ble_hrs.c...
compiling ble_srv_common.c...
compiling device_manager_peripheral.c...
compiling app_uart_fifo.c...
compiling nrf_delay.c...
compiling nrf_drv_common.c...
compiling nrf_drv_gpiote.c...
compiling nrf_drv_uart.c...
compiling pstorage.c...
compiling app_button.c...
compiling app_error.c...
compiling app_error_weak.c...
compiling app_fifo.c...
compiling app_timer.c...
compiling app_trace.c...
compiling app_util_platform.c...
compiling fstorage.c...
compiling nrf_assert.c...
compiling nrf_log.c...
compiling retarget.c...
compiling sensorsim.c...
compiling RTT_Syscalls_KEIL.c...
compiling SEGGER_RTT.c...
compiling SEGGER_RTT_printf.c...
compiling softdevice_handler.c...
linking...
Program Size: Code=19320 RO-data=1240 RW-data=344 ZI-data=10648  
FromELF: creating hex file...
".\_build\nrf52832_xxaa_s132.axf" - 0 Error(s), 0 Warning(s).
Load "E:\\2016年开发产品\\青云NRF52832DK开发板\\9.官方SDK\\nRF5_SDK_11.0.0_89a8197\\examples\\ble_peripheral\\ble_app_hrs\\pca10040\\s132\\arm4\\_build\\nrf52832_xxaa_s132.axf" 
Set JLink Project File to "E:\2016年开发产品\青云NRF52832DK开发板\9.官方SDK\nRF5_SDK_11.0.0_89a8197\examples\ble_peripheral\ble_app_hrs\pca10040\s132\arm4\JLinkSettings.ini"
* JLink Info: Device "UNSPECIFIED" selected (0 KB flash, 0 KB RAM).
 
JLink info:
------------
DLL: V4.91b, compiled Sep 15 2014 09:17:56
Firmware: J-Link ARM-OB STM32 compiled Aug 22 2012 19:52:04
Hardware: V7.00
S/N : 20090928 
Feature(s) : RDI,FlashDL,FlashBP,JFlash,GDBFull 
 
* JLink Info: Found SWD-DP with ID 0x2BA01477
* JLink Info: Found Cortex-M4 r0p1, Little endian.
* JLink Info: FPUnit: 6 code (BP) slots and 2 literal slots
* JLink Info: TPIU fitted.
* JLink Info: ETM fitted.
ROMTableAddr = 0xE00FF003
 
Target info:
------------
Device: nRF52832_xxAA
VTarget = 3.300V
State of Pins: 
TCK: 0, TDI: 0, TDO: 1, TMS: 0, TRES: 1, TRST: 1
Hardware-Breakpoints: 6
Software-Breakpoints: 8192
Watchpoints:          4
JTAG speed: 2000 kHz
 
Erase Failed!
Error: Flash Download failed  -  "Cortex-M4"
Load "E:\\2016年开发产品\\青云NRF52832DK开发板\\9.官方SDK\\nRF5_SDK_11.0.0_89a8197\\examples\\ble_peripheral\\ble_app_hrs\\pca10040\\s132\\arm4\\_build\\nrf52832_xxaa_s132.axf" 
* JLink Info: Device "UNSPECIFIED" selected (0 KB flash, 0 KB RAM).
Set JLink Project File to "E:\2016年开发产品\青云NRF52832DK开发板\9.官方SDK\nRF5_SDK_11.0.0_89a8197\examples\ble_peripheral\ble_app_hrs\pca10040\s132\arm4\JLinkSettings.ini"
* JLink Info: Device "UNSPECIFIED" selected (0 KB flash, 0 KB RAM).
 
JLink info:
------------
DLL: V4.91b, compiled Sep 15 2014 09:17:56
Firmware: J-Link ARM-OB STM32 compiled Aug 22 2012 19:52:04
Hardware: V7.00
S/N : 20090928 
Feature(s) : RDI,FlashDL,FlashBP,JFlash,GDBFull 
 
Error: Flash Download failed  -  Target DLL has been cancelled
Load "E:\\2016年开发产品\\青云NRF52832DK开发板\\9.官方SDK\\nRF5_SDK_11.0.0_89a8197\\examples\\ble_peripheral\\ble_app_hrs\\pca10040\\s132\\arm4\\_build\\nrf52832_xxaa_s132.axf" 
* JLink Info: Device "UNSPECIFIED" selected (0 KB flash, 0 KB RAM).
Set JLink Project File to "E:\2016年开发产品\青云NRF52832DK开发板\9.官方SDK\nRF5_SDK_11.0.0_89a8197\examples\ble_peripheral\ble_app_hrs\pca10040\s132\arm4\JLinkSettings.ini"
* JLink Info: Device "UNSPECIFIED" selected (0 KB flash, 0 KB RAM).
 
JLink info:
------------
DLL: V4.91b, compiled Sep 15 2014 09:17:56
Firmware: J-Link ARM-OB STM32 compiled Aug 22 2012 19:52:04
Hardware: V7.00
S/N : 20090928 
Feature(s) : RDI,FlashDL,FlashBP,JFlash,GDBFull 
 
Error: Flash Download failed  -  Target DLL has been cancelled
Load "E:\\2016年开发产品\\青云NRF52832DK开发板\\9.官方SDK\\nRF5_SDK_11.0.0_89a8197\\examples\\ble_peripheral\\ble_app_hrs\\pca10040\\s132\\arm4\\_build\\nrf52832_xxaa_s132.axf" 
* JLink Info: Device "UNSPECIFIED" selected (0 KB flash, 0 KB RAM).
Set JLink Project File to "E:\2016年开发产品\青云NRF52832DK开发板\9.官方SDK\nRF5_SDK_11.0.0_89a8197\examples\ble_peripheral\ble_app_hrs\pca10040\s132\arm4\JLinkSettings.ini"
* JLink Info: Device "UNSPECIFIED" selected (0 KB flash, 0 KB RAM).
 
JLink info:
------------
DLL: V4.91b, compiled Sep 15 2014 09:17:56
Firmware: J-Link ARM-OB STM32 compiled Aug 22 2012 19:52:04
Hardware: V7.00
S/N : 20090928 
Feature(s) : RDI,FlashDL,FlashBP,JFlash,GDBFull 
 
* JLink Info: Found SWD-DP with ID 0x2BA01477
* JLink Info: Found Cortex-M4 r0p1, Little endian.
* JLink Info: FPUnit: 6 code (BP) slots and 2 literal slots
* JLink Info: TPIU fitted.
* JLink Info: ETM fitted.
ROMTableAddr = 0xE00FF003
 
Target info:
------------
Device: nRF52832_xxAA
VTarget = 3.300V
State of Pins: 
TCK: 0, TDI: 0, TDO: 1, TMS: 0, TRES: 1, TRST: 1
Hardware-Breakpoints: 6
Software-Breakpoints: 8192
Watchpoints:          4
JTAG speed: 2000 kHz
 
Erase Done.
Programming Done.
Verify OK.
Application running ...
