Component: ARM Compiler 5.05 (build 41) Tool: armlink [4d0eb9]

==============================================================================

Section Cross References

    main.o(i.application_timers_start) refers to app_timer.o(i.app_timer_start) for app_timer_start
    main.o(i.application_timers_start) refers to app_error.o(i.app_error_handler_bare) for app_error_handler_bare
    main.o(i.application_timers_start) refers to main.o(.constdata) for .constdata
    main.o(i.assert_nrf_callback) refers to app_error.o(i.app_error_handler) for app_error_handler
    main.o(i.battery_level_meas_timeout_handler) refers to sensorsim.o(i.sensorsim_measure) for sensorsim_measure
    main.o(i.battery_level_meas_timeout_handler) refers to ble_bas.o(i.ble_bas_battery_level_update) for ble_bas_battery_level_update
    main.o(i.battery_level_meas_timeout_handler) refers to app_error.o(i.app_error_handler_bare) for app_error_handler_bare
    main.o(i.battery_level_meas_timeout_handler) refers to main.o(.bss) for .bss
    main.o(i.battery_level_meas_timeout_handler) refers to main.o(.data) for .data
    main.o(i.ble_evt_dispatch) refers to device_manager_peripheral.o(i.dm_ble_evt_handler) for dm_ble_evt_handler
    main.o(i.ble_evt_dispatch) refers to ble_hrs.o(i.ble_hrs_on_ble_evt) for ble_hrs_on_ble_evt
    main.o(i.ble_evt_dispatch) refers to ble_bas.o(i.ble_bas_on_ble_evt) for ble_bas_on_ble_evt
    main.o(i.ble_evt_dispatch) refers to ble_conn_params.o(i.ble_conn_params_on_ble_evt) for ble_conn_params_on_ble_evt
    main.o(i.ble_evt_dispatch) refers to bsp_btn_ble.o(i.bsp_btn_ble_on_ble_evt) for bsp_btn_ble_on_ble_evt
    main.o(i.ble_evt_dispatch) refers to bsp.o(i.bsp_indication_set) for bsp_indication_set
    main.o(i.ble_evt_dispatch) refers to app_error.o(i.app_error_handler_bare) for app_error_handler_bare
    main.o(i.ble_evt_dispatch) refers to ble_advertising.o(i.ble_advertising_on_ble_evt) for ble_advertising_on_ble_evt
    main.o(i.ble_evt_dispatch) refers to main.o(.bss) for .bss
    main.o(i.ble_evt_dispatch) refers to main.o(.data) for .data
    main.o(i.ble_stack_init) refers to softdevice_handler.o(i.softdevice_handler_init) for softdevice_handler_init
    main.o(i.ble_stack_init) refers to app_error.o(i.app_error_handler_bare) for app_error_handler_bare
    main.o(i.ble_stack_init) refers to softdevice_handler.o(i.softdevice_enable_get_default_config) for softdevice_enable_get_default_config
    main.o(i.ble_stack_init) refers to softdevice_handler.o(i.sd_check_ram_start) for sd_check_ram_start
    main.o(i.ble_stack_init) refers to softdevice_handler.o(i.softdevice_enable) for softdevice_enable
    main.o(i.ble_stack_init) refers to softdevice_handler.o(i.softdevice_ble_evt_handler_set) for softdevice_ble_evt_handler_set
    main.o(i.ble_stack_init) refers to softdevice_handler.o(i.softdevice_sys_evt_handler_set) for softdevice_sys_evt_handler_set
    main.o(i.ble_stack_init) refers to main.o(.constdata) for .constdata
    main.o(i.ble_stack_init) refers to main.o(.bss) for .bss
    main.o(i.ble_stack_init) refers to main.o(i.ble_evt_dispatch) for ble_evt_dispatch
    main.o(i.ble_stack_init) refers to main.o(i.sys_evt_dispatch) for sys_evt_dispatch
    main.o(i.bsp_event_handler) refers to main.o(i.sleep_mode_enter) for sleep_mode_enter
    main.o(i.bsp_event_handler) refers to app_error.o(i.app_error_handler_bare) for app_error_handler_bare
    main.o(i.bsp_event_handler) refers to ble_advertising.o(i.ble_advertising_restart_without_whitelist) for ble_advertising_restart_without_whitelist
    main.o(i.bsp_event_handler) refers to main.o(.data) for .data
    main.o(i.conn_params_error_handler) refers to app_error.o(i.app_error_handler_bare) for app_error_handler_bare
    main.o(i.device_manager_evt_handler) refers to app_error.o(i.app_error_handler_bare) for app_error_handler_bare
    main.o(i.device_manager_init) refers to pstorage.o(i.pstorage_init) for pstorage_init
    main.o(i.device_manager_init) refers to app_error.o(i.app_error_handler_bare) for app_error_handler_bare
    main.o(i.device_manager_init) refers to device_manager_peripheral.o(i.dm_init) for dm_init
    main.o(i.device_manager_init) refers to device_manager_peripheral.o(i.dm_register) for dm_register
    main.o(i.device_manager_init) refers to main.o(i.device_manager_evt_handler) for device_manager_evt_handler
    main.o(i.device_manager_init) refers to main.o(.data) for .data
    main.o(i.gap_params_init) refers to app_error.o(i.app_error_handler_bare) for app_error_handler_bare
    main.o(i.heart_rate_meas_timeout_handler) refers to sensorsim.o(i.sensorsim_measure) for sensorsim_measure
    main.o(i.heart_rate_meas_timeout_handler) refers to ble_hrs.o(i.ble_hrs_heart_rate_measurement_send) for ble_hrs_heart_rate_measurement_send
    main.o(i.heart_rate_meas_timeout_handler) refers to app_error.o(i.app_error_handler_bare) for app_error_handler_bare
    main.o(i.heart_rate_meas_timeout_handler) refers to main.o(.bss) for .bss
[...]
    i.connection_instance_find               0x0001e604   Section        0  device_manager_peripheral.o(i.connection_instance_find)
    connection_instance_find                 0x0001e605   Thumb Code    40  device_manager_peripheral.o(i.connection_instance_find)
    i.connection_instance_init               0x0001e630   Section        0  device_manager_peripheral.o(i.connection_instance_init)
    connection_instance_init                 0x0001e631   Thumb Code    34  device_manager_peripheral.o(i.connection_instance_init)
    i.data_page_erase_state_run              0x0001e658   Section        0  pstorage.o(i.data_page_erase_state_run)
    data_page_erase_state_run                0x0001e659   Thumb Code    80  pstorage.o(i.data_page_erase_state_run)
    i.data_to_swap_write_state_run           0x0001e6ac   Section        0  pstorage.o(i.data_to_swap_write_state_run)
    data_to_swap_write_state_run             0x0001e6ad   Thumb Code    28  pstorage.o(i.data_to_swap_write_state_run)
    i.detection_delay_timeout_handler        0x0001e6cc   Section        0  app_button.o(i.detection_delay_timeout_handler)
    detection_delay_timeout_handler          0x0001e6cd   Thumb Code    92  app_button.o(i.detection_delay_timeout_handler)
    i.device_context_store                   0x0001e72c   Section        0  device_manager_peripheral.o(i.device_context_store)
    device_context_store                     0x0001e72d   Thumb Code   162  device_manager_peripheral.o(i.device_context_store)
    i.device_instance_find                   0x0001e7ec   Section        0  device_manager_peripheral.o(i.device_instance_find)
    device_instance_find                     0x0001e7ed   Thumb Code    66  device_manager_peripheral.o(i.device_instance_find)
    i.device_instance_free                   0x0001e834   Section        0  device_manager_peripheral.o(i.device_instance_free)
    device_instance_free                     0x0001e835   Thumb Code    40  device_manager_peripheral.o(i.device_instance_free)
    i.device_manager_evt_handler             0x0001e860   Section        0  main.o(i.device_manager_evt_handler)
    device_manager_evt_handler               0x0001e861   Thumb Code    14  main.o(i.device_manager_evt_handler)
    i.device_manager_init                    0x0001e870   Section        0  main.o(i.device_manager_init)
    device_manager_init                      0x0001e871   Thumb Code   100  main.o(i.device_manager_init)
    i.dm_ble_evt_handler                     0x0001e8dc   Section        0  device_manager_peripheral.o(i.dm_ble_evt_handler)
    i.dm_handle_initialize                   0x0001ed32   Section        0  device_manager_peripheral.o(i.dm_handle_initialize)
    i.dm_init                                0x0001ed48   Section        0  device_manager_peripheral.o(i.dm_init)
    i.dm_pstorage_cb_handler                 0x0001ee10   Section        0  device_manager_peripheral.o(i.dm_pstorage_cb_handler)
    dm_pstorage_cb_handler                   0x0001ee11   Thumb Code   374  device_manager_peripheral.o(i.dm_pstorage_cb_handler)
    i.dm_register                            0x0001ef98   Section        0  device_manager_peripheral.o(i.dm_register)
    i.elapsed_ticks_acquire                  0x0001f000   Section        0  app_timer.o(i.elapsed_ticks_acquire)
    elapsed_ticks_acquire                    0x0001f001   Thumb Code    58  app_timer.o(i.elapsed_ticks_acquire)
    i.flash_api_err_code_process             0x0001f040   Section        0  pstorage.o(i.flash_api_err_code_process)
    flash_api_err_code_process               0x0001f041   Thumb Code    24  pstorage.o(i.flash_api_err_code_process)
    i.flash_operation_success_run            0x0001f05c   Section        0  pstorage.o(i.flash_operation_success_run)
    flash_operation_success_run              0x0001f05d   Thumb Code   126  pstorage.o(i.flash_operation_success_run)
    i.flash_page_erase                       0x0001f0e8   Section        0  pstorage.o(i.flash_page_erase)
    flash_page_erase                         0x0001f0e9   Thumb Code     6  pstorage.o(i.flash_page_erase)
    i.flash_write                            0x0001f0ee   Section        0  pstorage.o(i.flash_write)
    flash_write                              0x0001f0ef   Thumb Code     6  pstorage.o(i.flash_write)
    i.fs_queued_op_count_get                 0x0001f0f4   Section        0  fstorage.o(i.fs_queued_op_count_get)
    i.gap_params_init                        0x0001f108   Section        0  main.o(i.gap_params_init)
    gap_params_init                          0x0001f109   Thumb Code    96  main.o(i.gap_params_init)
    i.gattc_context_apply                    0x0001f174   Section        0  device_manager_peripheral.o(i.gattc_context_apply)
    gattc_context_apply                      0x0001f175   Thumb Code     4  device_manager_peripheral.o(i.gattc_context_apply)
    i.gattc_context_load                     0x0001f178   Section        0  device_manager_peripheral.o(i.gattc_context_load)
    gattc_context_load                       0x0001f179   Thumb Code     4  device_manager_peripheral.o(i.gattc_context_load)
    i.gattc_context_store                    0x0001f17c   Section        0  device_manager_peripheral.o(i.gattc_context_store)
    gattc_context_store                      0x0001f17d   Thumb Code     4  device_manager_peripheral.o(i.gattc_context_store)
    i.gatts_context_apply                    0x0001f180   Section        0  device_manager_peripheral.o(i.gatts_context_apply)
    gatts_context_apply                      0x0001f181   Thumb Code   172  device_manager_peripheral.o(i.gatts_context_apply)
    i.gatts_context_load                     0x0001f230   Section        0  device_manager_peripheral.o(i.gatts_context_load)
    gatts_context_load                       0x0001f231   Thumb Code    50  device_manager_peripheral.o(i.gatts_context_load)
    i.gatts_context_store                    0x0001f268   Section        0  device_manager_peripheral.o(i.gatts_context_store)
    gatts_context_store                      0x0001f269   Thumb Code   186  device_manager_peripheral.o(i.gatts_context_store)
    i.gattsc_context_apply                   0x0001f330   Section        0  device_manager_peripheral.o(i.gattsc_context_apply)
    gattsc_context_apply                     0x0001f331   Thumb Code     4  device_manager_peripheral.o(i.gattsc_context_apply)
    i.gattsc_context_load                    0x0001f334   Section        0  device_manager_peripheral.o(i.gattsc_context_load)
    gattsc_context_load                      0x0001f335   Thumb Code     4  device_manager_peripheral.o(i.gattsc_context_load)
    i.gattsc_context_store                   0x0001f338   Section        0  device_manager_peripheral.o(i.gattsc_context_store)
    gattsc_context_store                     0x0001f339   Thumb Code     4  device_manager_peripheral.o(i.gattsc_context_store)
    i.gpiote_event_handler                   0x0001f33c   Section        0  app_button.o(i.gpiote_event_handler)
    gpiote_event_handler                     0x0001f33d   Thumb Code    78  app_button.o(i.gpiote_event_handler)
    i.head_restore_state_run                 0x0001f394   Section        0  pstorage.o(i.head_restore_state_run)
    head_restore_state_run                   0x0001f395   Thumb Code   110  pstorage.o(i.head_restore_state_run)
    i.heart_rate_meas_timeout_handler        0x0001f40c   Section        0  main.o(i.heart_rate_meas_timeout_handler)
    heart_rate_meas_timeout_handler          0x0001f40d   Thumb Code    76  main.o(i.heart_rate_meas_timeout_handler)
    i.heart_rate_measurement_char_add        0x0001f460   Section        0  ble_hrs.o(i.heart_rate_measurement_char_add)
    heart_rate_measurement_char_add          0x0001f461   Thumb Code   194  ble_hrs.o(i.heart_rate_measurement_char_add)
    i.hrm_encode                             0x0001f522   Section        0  ble_hrs.o(i.hrm_encode)
    hrm_encode                               0x0001f523   Thumb Code   146  ble_hrs.o(i.hrm_encode)
    i.intern_softdevice_events_execute       0x0001f5b4   Section        0  softdevice_handler.o(i.intern_softdevice_events_execute)
    i.is_conn_params_ok                      0x0001f624   Section        0  ble_conn_params.o(i.is_conn_params_ok)
    is_conn_params_ok                        0x0001f625   Thumb Code    24  ble_conn_params.o(i.is_conn_params_ok)
    i.is_page_erase_required                 0x0001f640   Section        0  pstorage.o(i.is_page_erase_required)
    is_page_erase_required                   0x0001f641   Thumb Code    60  pstorage.o(i.is_page_erase_required)
    i.is_word_aligned                        0x0001f684   Section        0  pstorage.o(i.is_word_aligned)
    is_word_aligned                          0x0001f685   Thumb Code    12  pstorage.o(i.is_word_aligned)
    i.le_role_encode                         0x0001f690   Section        0  ble_advdata.o(i.le_role_encode)
    le_role_encode                           0x0001f691   Thumb Code    84  ble_advdata.o(i.le_role_encode)
    i.leds_timer_handler                     0x0001f6e4   Section        0  bsp.o(i.leds_timer_handler)
    leds_timer_handler                       0x0001f6e5   Thumb Code    16  bsp.o(i.leds_timer_handler)
    i.list_deletions_handler                 0x0001f6f8   Section        0  app_timer.o(i.list_deletions_handler)
    list_deletions_handler                   0x0001f6f9   Thumb Code   178  app_timer.o(i.list_deletions_handler)
    i.list_insertions_handler                0x0001f7b4   Section        0  app_timer.o(i.list_insertions_handler)
    list_insertions_handler                  0x0001f7b5   Thumb Code   196  app_timer.o(i.list_insertions_handler)
    i.main                                   0x0001f880   Section        0  main.o(i.main)
    i.main_state_err_busy_process            0x0001f984   Section        0  pstorage.o(i.main_state_err_busy_process)
    main_state_err_busy_process              0x0001f985   Thumb Code    16  pstorage.o(i.main_state_err_busy_process)
    i.manuf_specific_data_encode             0x0001f998   Section        0  ble_advdata.o(i.manuf_specific_data_encode)
    manuf_specific_data_encode               0x0001f999   Thumb Code   100  ble_advdata.o(i.manuf_specific_data_encode)
    i.name_encode                            0x0001f9fc   Section        0  ble_advdata.o(i.name_encode)
    name_encode                              0x0001f9fd   Thumb Code   156  ble_advdata.o(i.name_encode)
    i.no_service_context_apply               0x0001fa98   Section        0  device_manager_peripheral.o(i.no_service_context_apply)
    no_service_context_apply                 0x0001fa99   Thumb Code     4  device_manager_peripheral.o(i.no_service_context_apply)
    i.no_service_context_load                0x0001fa9c   Section        0  device_manager_peripheral.o(i.no_service_context_load)
    no_service_context_load                  0x0001fa9d   Thumb Code     4  device_manager_peripheral.o(i.no_service_context_load)
    i.no_service_context_store               0x0001faa0   Section        0  device_manager_peripheral.o(i.no_service_context_store)
    no_service_context_store                 0x0001faa1   Thumb Code     4  device_manager_peripheral.o(i.no_service_context_store)
    i.nrf_drv_common_irq_enable              0x0001faa4   Section        0  nrf_drv_common.o(i.nrf_drv_common_irq_enable)
    i.nrf_drv_gpiote_in_event_enable         0x0001fadc   Section        0  nrf_drv_gpiote.o(i.nrf_drv_gpiote_in_event_enable)
    i.nrf_drv_gpiote_in_init                 0x0001fb80   Section        0  nrf_drv_gpiote.o(i.nrf_drv_gpiote_in_init)
    i.nrf_drv_gpiote_in_is_set               0x0001fc38   Section        0  nrf_drv_gpiote.o(i.nrf_drv_gpiote_in_is_set)
    i.nrf_drv_gpiote_init                    0x0001fc4c   Section        0  nrf_drv_gpiote.o(i.nrf_drv_gpiote_init)
    i.nrf_drv_gpiote_is_init                 0x0001fca0   Section        0  nrf_drv_gpiote.o(i.nrf_drv_gpiote_is_init)
    i.nrf_gpio_cfg                           0x0001fcb4   Section        0  nrf_drv_gpiote.o(i.nrf_gpio_cfg)
    nrf_gpio_cfg                             0x0001fcb5   Thumb Code    34  nrf_drv_gpiote.o(i.nrf_gpio_cfg)
    i.nrf_gpio_cfg_sense_set                 0x0001fcd6   Section        0  nrf_drv_gpiote.o(i.nrf_gpio_cfg_sense_set)
    nrf_gpio_cfg_sense_set                   0x0001fcd7   Thumb Code    28  nrf_drv_gpiote.o(i.nrf_gpio_cfg_sense_set)
    i.nrf_gpiote_event_clear                 0x0001fcf4   Section        0  nrf_drv_gpiote.o(i.nrf_gpiote_event_clear)
    nrf_gpiote_event_clear                   0x0001fcf5   Thumb Code    16  nrf_drv_gpiote.o(i.nrf_gpiote_event_clear)
    i.nrf_gpiote_event_is_set                0x0001fd08   Section        0  nrf_drv_gpiote.o(i.nrf_gpiote_event_is_set)
    nrf_gpiote_event_is_set                  0x0001fd09   Thumb Code    12  nrf_drv_gpiote.o(i.nrf_gpiote_event_is_set)
    i.nrf_uart_event_check                   0x0001fd18   Section        0  nrf_drv_uart.o(i.nrf_uart_event_check)
    nrf_uart_event_check                     0x0001fd19   Thumb Code    10  nrf_drv_uart.o(i.nrf_uart_event_check)
    i.nrf_uart_int_enable_check              0x0001fd22   Section        0  nrf_drv_uart.o(i.nrf_uart_int_enable_check)
    nrf_uart_int_enable_check                0x0001fd23   Thumb Code    12  nrf_drv_uart.o(i.nrf_uart_int_enable_check)
    i.nrf_uarte_event_check                  0x0001fd2e   Section        0  nrf_drv_uart.o(i.nrf_uarte_event_check)
    nrf_uarte_event_check                    0x0001fd2f   Thumb Code    10  nrf_drv_uart.o(i.nrf_uarte_event_check)
    i.on_adv_evt                             0x0001fd38   Section        0  main.o(i.on_adv_evt)
    on_adv_evt                               0x0001fd39   Thumb Code    36  main.o(i.on_adv_evt)
    i.on_conn_params_evt                     0x0001fd5c   Section        0  main.o(i.on_conn_params_evt)
    on_conn_params_evt                       0x0001fd5d   Thumb Code    24  main.o(i.on_conn_params_evt)
    i.peer_address_exists                    0x0001fd78   Section        0  ble_advertising.o(i.peer_address_exists)
    peer_address_exists                      0x0001fd79   Thumb Code    20  ble_advertising.o(i.peer_address_exists)
    i.peer_instance_init                     0x0001fd8c   Section        0  device_manager_peripheral.o(i.peer_instance_init)
    peer_instance_init                       0x0001fd8d   Thumb Code    60  device_manager_peripheral.o(i.peer_instance_init)
    i.pin_in_use_by_port                     0x0001fdcc   Section        0  nrf_drv_gpiote.o(i.pin_in_use_by_port)
    pin_in_use_by_port                       0x0001fdcd   Thumb Code    20  nrf_drv_gpiote.o(i.pin_in_use_by_port)
    i.pin_in_use_by_te                       0x0001fde4   Section        0  nrf_drv_gpiote.o(i.pin_in_use_by_te)
    pin_in_use_by_te                         0x0001fde5   Thumb Code    20  nrf_drv_gpiote.o(i.pin_in_use_by_te)
    i.pnp_id_encode                          0x0001fdfc   Section        0  ble_dis.o(i.pnp_id_encode)
    pnp_id_encode                            0x0001fdfd   Thumb Code    52  ble_dis.o(i.pnp_id_encode)
    i.pstorage_access_status_get             0x0001fe30   Section        0  pstorage.o(i.pstorage_access_status_get)
    i.pstorage_block_identifier_get          0x0001fe54   Section        0  pstorage.o(i.pstorage_block_identifier_get)
    i.pstorage_clear                         0x0001fea8   Section        0  pstorage.o(i.pstorage_clear)
    i.pstorage_flash_page_end                0x0001ff44   Section        0  pstorage.o(i.pstorage_flash_page_end)
    pstorage_flash_page_end                  0x0001ff45   Thumb Code    30  pstorage.o(i.pstorage_flash_page_end)
    i.pstorage_flash_page_size               0x0001ff62   Section        0  pstorage.o(i.pstorage_flash_page_size)
    pstorage_flash_page_size                 0x0001ff63   Thumb Code    10  pstorage.o(i.pstorage_flash_page_size)
    i.pstorage_init                          0x0001ff6c   Section        0  pstorage.o(i.pstorage_init)
    i.pstorage_load                          0x0001ffcc   Section        0  pstorage.o(i.pstorage_load)
    i.pstorage_register                      0x00020074   Section        0  pstorage.o(i.pstorage_register)
    i.pstorage_store                         0x00020128   Section        0  pstorage.o(i.pstorage_store)
    i.pstorage_sys_event_handler             0x000201b0   Section        0  pstorage.o(i.pstorage_sys_event_handler)
    i.pstorage_update                        0x000201f8   Section        0  pstorage.o(i.pstorage_update)
    i.rr_interval_timeout_handler            0x00020280   Section        0  main.o(i.rr_interval_timeout_handler)
    rr_interval_timeout_handler              0x00020281   Thumb Code    36  main.o(i.rr_interval_timeout_handler)
    i.rtc1_stop                              0x000202ac   Section        0  app_timer.o(i.rtc1_stop)
    rtc1_stop                                0x000202ad   Thumb Code    52  app_timer.o(i.rtc1_stop)
    i.rx_byte                                0x000202e8   Section        0  nrf_drv_uart.o(i.rx_byte)
    rx_byte                                  0x000202e9   Thumb Code    38  nrf_drv_uart.o(i.rx_byte)
    i.rx_done_event                          0x00020318   Section        0  nrf_drv_uart.o(i.rx_done_event)
    rx_done_event                            0x00020319   Thumb Code    26  nrf_drv_uart.o(i.rx_done_event)
    i.sd_check_ram_start                     0x00020338   Section        0  softdevice_handler.o(i.sd_check_ram_start)
    i.sd_nvic_EnableIRQ                      0x00020348   Section        0  softdevice_handler.o(i.sd_nvic_EnableIRQ)
    sd_nvic_EnableIRQ                        0x00020349   Thumb Code   128  softdevice_handler.o(i.sd_nvic_EnableIRQ)
    i.sensor_contact_detected_timeout_handler 0x000203d0   Section        0  main.o(i.sensor_contact_detected_timeout_handler)
    sensor_contact_detected_timeout_handler  0x000203d1   Thumb Code    16  main.o(i.sensor_contact_detected_timeout_handler)
    i.sensor_simulator_init                  0x000203e8   Section        0  main.o(i.sensor_simulator_init)
    sensor_simulator_init                    0x000203e9   Thumb Code    88  main.o(i.sensor_simulator_init)
    i.sensorsim_decrement                    0x00020448   Section        0  sensorsim.o(i.sensorsim_decrement)
    i.sensorsim_increment                    0x00020464   Section        0  sensorsim.o(i.sensorsim_increment)
    i.sensorsim_init                         0x00020480   Section        0  sensorsim.o(i.sensorsim_init)
    i.sensorsim_measure                      0x00020496   Section        0  sensorsim.o(i.sensorsim_measure)
    i.service_data_encode                    0x000204b0   Section        0  ble_advdata.o(i.service_data_encode)
    service_data_encode                      0x000204b1   Thumb Code   136  ble_advdata.o(i.service_data_encode)
    i.services_init                          0x00020538   Section        0  main.o(i.services_init)
    services_init                            0x00020539   Thumb Code   298  main.o(i.services_init)
    i.sleep_mode_enter                       0x0002067c   Section        0  main.o(i.sleep_mode_enter)
    sleep_mode_enter                         0x0002067d   Thumb Code    40  main.o(i.sleep_mode_enter)
    i.sm_state_change                        0x000206a4   Section        0  pstorage.o(i.sm_state_change)
    sm_state_change                          0x000206a5   Thumb Code    52  pstorage.o(i.sm_state_change)
    i.softdevice_ble_evt_handler_set         0x000206e0   Section        0  softdevice_handler.o(i.softdevice_ble_evt_handler_set)
    i.softdevice_enable                      0x000206f4   Section        0  softdevice_handler.o(i.softdevice_enable)
    i.softdevice_enable_get_default_config   0x00020708   Section        0  softdevice_handler.o(i.softdevice_enable_get_default_config)
    i.softdevice_fault_handler               0x0002072e   Section        0  softdevice_handler.o(i.softdevice_fault_handler)
    i.softdevice_handler_init                0x00020734   Section        0  softdevice_handler.o(i.softdevice_handler_init)
    i.softdevice_sys_evt_handler_set         0x00020768   Section        0  softdevice_handler.o(i.softdevice_sys_evt_handler_set)
    i.state_data_erase_swap_entry_run        0x0002077c   Section        0  pstorage.o(i.state_data_erase_swap_entry_run)
    state_data_erase_swap_entry_run          0x0002077d   Thumb Code    96  pstorage.o(i.state_data_erase_swap_entry_run)
    i.state_erase_data_page_entry_run        0x000207e4   Section        0  pstorage.o(i.state_erase_data_page_entry_run)
    state_erase_data_page_entry_run          0x000207e5   Thumb Code     8  pstorage.o(i.state_erase_data_page_entry_run)
    i.state_restore_head_entry_run           0x000207f0   Section        0  pstorage.o(i.state_restore_head_entry_run)
    state_restore_head_entry_run             0x000207f1   Thumb Code    38  pstorage.o(i.state_restore_head_entry_run)
    i.state_restore_tail_entry_run           0x0002081c   Section        0  pstorage.o(i.state_restore_tail_entry_run)
    state_restore_tail_entry_run             0x0002081d   Thumb Code    72  pstorage.o(i.state_restore_tail_entry_run)
    i.state_swap_erase_entry_run             0x0002086c   Section        0  pstorage.o(i.state_swap_erase_entry_run)
    state_swap_erase_entry_run               0x0002086d   Thumb Code    30  pstorage.o(i.state_swap_erase_entry_run)
    i.state_write_data_swap_entry_run        0x0002088c   Section        0  pstorage.o(i.state_write_data_swap_entry_run)
    state_write_data_swap_entry_run          0x0002088d   Thumb Code    44  pstorage.o(i.state_write_data_swap_entry_run)
    i.storage_operation_dummy_handler        0x000208bc   Section        0  device_manager_peripheral.o(i.storage_operation_dummy_handler)
    storage_operation_dummy_handler          0x000208bd   Thumb Code     4  device_manager_peripheral.o(i.storage_operation_dummy_handler)
    i.store_cmd_flash_write_execute          0x000208c0   Section        0  pstorage.o(i.store_cmd_flash_write_execute)
    store_cmd_flash_write_execute            0x000208c1   Thumb Code    84  pstorage.o(i.store_cmd_flash_write_execute)
    i.swap_erase_state_run                   0x0002091c   Section        0  pstorage.o(i.swap_erase_state_run)
    swap_erase_state_run                     0x0002091d   Thumb Code    18  pstorage.o(i.swap_erase_state_run)
    i.swap_sub_state_err_busy_process        0x00020934   Section        0  pstorage.o(i.swap_sub_state_err_busy_process)
    swap_sub_state_err_busy_process          0x00020935   Thumb Code    16  pstorage.o(i.swap_sub_state_err_busy_process)
    i.swap_sub_state_state_change            0x00020948   Section        0  pstorage.o(i.swap_sub_state_state_change)
    swap_sub_state_state_change              0x00020949   Thumb Code    12  pstorage.o(i.swap_sub_state_state_change)
    i.sys_evt_dispatch                       0x0002095c   Section        0  main.o(i.sys_evt_dispatch)
    sys_evt_dispatch                         0x0002095d   Thumb Code    18  main.o(i.sys_evt_dispatch)
    i.sys_id_encode                          0x0002096e   Section        0  ble_dis.o(i.sys_id_encode)
    sys_id_encode                            0x0002096f   Thumb Code    66  ble_dis.o(i.sys_id_encode)
    i.tail_restore_state_run                 0x000209b0   Section        0  pstorage.o(i.tail_restore_state_run)
    tail_restore_state_run                   0x000209b1   Thumb Code    16  pstorage.o(i.tail_restore_state_run)
    i.timer_list_handler                     0x000209c4   Section        0  app_timer.o(i.timer_list_handler)
    timer_list_handler                       0x000209c5   Thumb Code   134  app_timer.o(i.timer_list_handler)
    i.timer_list_insert                      0x00020a50   Section        0  app_timer.o(i.timer_list_insert)
    timer_list_insert                        0x00020a51   Thumb Code    56  app_timer.o(i.timer_list_insert)
    i.timer_timeouts_check                   0x00020a8c   Section        0  app_timer.o(i.timer_timeouts_check)
    timer_timeouts_check                     0x00020a8d   Thumb Code   124  app_timer.o(i.timer_timeouts_check)
    i.timers_init                            0x00020b10   Section        0  main.o(i.timers_init)
    timers_init                              0x00020b11   Thumb Code    98  main.o(i.timers_init)
    i.tx_byte                                0x00020b8c   Section        0  nrf_drv_uart.o(i.tx_byte)
    tx_byte                                  0x00020b8d   Thumb Code    28  nrf_drv_uart.o(i.tx_byte)
    i.tx_done_event                          0x00020bb0   Section        0  nrf_drv_uart.o(i.tx_done_event)
    tx_done_event                            0x00020bb1   Thumb Code    30  nrf_drv_uart.o(i.tx_done_event)
    i.uart_irq_handler                       0x00020bd4   Section        0  nrf_drv_uart.o(i.uart_irq_handler)
    uart_irq_handler                         0x00020bd5   Thumb Code   254  nrf_drv_uart.o(i.uart_irq_handler)
    i.uarte_irq_handler                      0x00020cdc   Section        0  nrf_drv_uart.o(i.uarte_irq_handler)
    uarte_irq_handler                        0x00020cdd   Thumb Code   206  nrf_drv_uart.o(i.uarte_irq_handler)
    i.uint16_encode                          0x00020db4   Section        0  ble_advdata.o(i.uint16_encode)
    uint16_encode                            0x00020db5   Thumb Code    10  ble_advdata.o(i.uint16_encode)
    i.update_status_bit_reset                0x00020dc0   Section        0  device_manager_peripheral.o(i.update_status_bit_reset)
    update_status_bit_reset                  0x00020dc1   Thumb Code    14  device_manager_peripheral.o(i.update_status_bit_reset)
    i.update_timeout_handler                 0x00020dd4   Section        0  ble_conn_params.o(i.update_timeout_handler)
    update_timeout_handler                   0x00020dd5   Thumb Code    88  ble_conn_params.o(i.update_timeout_handler)
    i.user_id_get                            0x00020e34   Section        0  app_timer.o(i.user_id_get)
    user_id_get                              0x00020e35   Thumb Code    62  app_timer.o(i.user_id_get)
    i.user_op_alloc                          0x00020e72   Section        0  app_timer.o(i.user_op_alloc)
    user_op_alloc                            0x00020e73   Thumb Code    40  app_timer.o(i.user_op_alloc)
    i.uuid_list_encode                       0x00020e9a   Section        0  ble_advdata.o(i.uuid_list_encode)
    uuid_list_encode                         0x00020e9b   Thumb Code    48  ble_advdata.o(i.uuid_list_encode)
    i.uuid_list_sized_encode                 0x00020eca   Section        0  ble_advdata.o(i.uuid_list_sized_encode)
    uuid_list_sized_encode                   0x00020ecb   Thumb Code   158  ble_advdata.o(i.uuid_list_sized_encode)
    i.whitelist_has_entries                  0x00020f68   Section        0  ble_advertising.o(i.whitelist_has_entries)
    whitelist_has_entries                    0x00020f69   Thumb Code    14  ble_advertising.o(i.whitelist_has_entries)
    .constdata                               0x00020f78   Section       20  main.o(.constdata)
    m_battery_timer_id                       0x00020f78   Data           4  main.o(.constdata)
    m_heart_rate_timer_id                    0x00020f7c   Data           4  main.o(.constdata)
    m_rr_interval_timer_id                   0x00020f80   Data           4  main.o(.constdata)
    m_sensor_contact_timer_id                0x00020f84   Data           4  main.o(.constdata)
    .constdata                               0x00020f8c   Section       60  bsp.o(.constdata)
    m_leds_timer_id                          0x00020f8c   Data           4  bsp.o(.constdata)
    m_alert_timer_id                         0x00020f90   Data           4  bsp.o(.constdata)
    m_button_timer_id                        0x00020f94   Data           4  bsp.o(.constdata)
    m_buttons_list                           0x00020f98   Data          16  bsp.o(.constdata)
    app_buttons                              0x00020fa8   Data          32  bsp.o(.constdata)
    .constdata                               0x00020fc8   Section        4  ble_conn_params.o(.constdata)
    m_conn_params_timer_id                   0x00020fc8   Data           4  ble_conn_params.o(.constdata)
    .constdata                               0x00020fcc   Section       52  device_manager_peripheral.o(.constdata)
    .constdata                               0x00021000   Section       40  pstorage.o(.constdata)
    swap_sub_state_sm_lut                    0x00021000   Data          20  pstorage.o(.constdata)
    swap_sub_state_sm_lut                    0x00021014   Data          20  pstorage.o(.constdata)
    .constdata                               0x00021028   Section        8  app_button.o(.constdata)
    m_detection_delay_timer_id               0x00021028   Data           4  app_button.o(.constdata)
    .data                                    0x20002080   Section       48  main.o(.data)
    m_rr_interval_enabled                    0x20002080   Data           1  main.o(.data)
    sensor_contact_detected                  0x20002081   Data           1  main.o(.data)
    m_app_handle                             0x20002082   Data           1  main.o(.data)
    m_conn_handle                            0x20002084   Data           2  main.o(.data)
    cnt                                      0x20002088   Data           4  main.o(.data)
    m_battery_sim_state                      0x2000208c   Data           8  main.o(.data)
    m_heart_rate_sim_state                   0x20002094   Data           8  main.o(.data)
    m_rr_interval_sim_state                  0x2000209c   Data           8  main.o(.data)
    m_adv_uuids                              0x200020a4   Data          12  main.o(.data)
    .data                                    0x200020b0   Section       24  bsp.o(.data)
    m_stable_state                           0x200020b0   Data           1  bsp.o(.data)
    current_long_push_pin_no                 0x200020b1   Data           1  bsp.o(.data)
    m_app_ticks_per_100ms                    0x200020b4   Data           4  bsp.o(.data)
    m_indication_type                        0x200020b8   Data           4  bsp.o(.data)
    m_alert_mask                             0x200020bc   Data           4  bsp.o(.data)
    m_registered_callback                    0x200020c0   Data           4  bsp.o(.data)
    release_event_at_push                    0x200020c4   Data           4  bsp.o(.data)
    .data                                    0x200020c8   Section        8  bsp_btn_ble.o(.data)
    m_error_handler                          0x200020c8   Data           4  bsp_btn_ble.o(.data)
    m_num_connections                        0x200020cc   Data           4  bsp_btn_ble.o(.data)
    .data                                    0x200020d0   Section        4  system_nrf52.o(.data)
    __tagsym$$used                           0x200020d0   Number         0  system_nrf52.o(.data)
    .data                                    0x200020d4   Section       31  ble_advertising.o(.data)
    m_advertising_start_pending              0x200020d4   Data           1  ble_advertising.o(.data)
    m_whitelist_temporarily_disabled         0x200020d5   Data           1  ble_advertising.o(.data)
    m_whitelist_reply_expected               0x200020d6   Data           1  ble_advertising.o(.data)
    m_peer_addr_reply_expected               0x200020d7   Data           1  ble_advertising.o(.data)
    m_adv_evt                                0x200020d8   Data           1  ble_advertising.o(.data)
    m_adv_mode_current                       0x200020d9   Data           1  ble_advertising.o(.data)
    m_tx_power_level                         0x200020da   Data           1  ble_advertising.o(.data)
    current_slave_link_conn_handle           0x200020dc   Data           2  ble_advertising.o(.data)
    m_evt_handler                            0x200020e0   Data           4  ble_advertising.o(.data)
    m_error_handler                          0x200020e4   Data           4  ble_advertising.o(.data)
    m_slave_conn_int                         0x200020e8   Data           4  ble_advertising.o(.data)
    m_peer_address                           0x200020ec   Data           7  ble_advertising.o(.data)
    .data                                    0x200020f4   Section       20  ble_conn_params.o(.data)
    m_change_param                           0x200020f4   Data           1  ble_conn_params.o(.data)
    m_update_count                           0x200020f5   Data           1  ble_conn_params.o(.data)
    m_conn_handle                            0x200020f6   Data           2  ble_conn_params.o(.data)
    m_preferred_conn_params                  0x200020f8   Data           8  ble_conn_params.o(.data)
    m_current_conn_params                    0x20002100   Data           8  ble_conn_params.o(.data)
    .data                                    0x20002108   Section       74  ble_dis.o(.data)
    service_handle                           0x20002108   Data           2  ble_dis.o(.data)
    manufact_name_handles                    0x2000210a   Data           8  ble_dis.o(.data)
    model_num_handles                        0x20002112   Data           8  ble_dis.o(.data)
    serial_num_handles                       0x2000211a   Data           8  ble_dis.o(.data)
    hw_rev_handles                           0x20002122   Data           8  ble_dis.o(.data)
    fw_rev_handles                           0x2000212a   Data           8  ble_dis.o(.data)
    sw_rev_handles                           0x20002132   Data           8  ble_dis.o(.data)
    sys_id_handles                           0x2000213a   Data           8  ble_dis.o(.data)
    reg_cert_data_list_handles               0x20002142   Data           8  ble_dis.o(.data)
    pnp_id_handles                           0x2000214a   Data           8  ble_dis.o(.data)
    .data                                    0x20002154   Section       24  device_manager_peripheral.o(.data)
    m_module_initialized                     0x20002154   Data           1  device_manager_peripheral.o(.data)
    m_peer_addr_update                       0x20002158   Data           4  device_manager_peripheral.o(.data)
    m_irk_index_table                        0x2000215c   Data           7  device_manager_peripheral.o(.data)
    m_storage_handle                         0x20002164   Data           8  device_manager_peripheral.o(.data)
    .data                                    0x2000216c   Section       36  pstorage.o(.data)
    m_state                                  0x2000216c   Data           1  pstorage.o(.data)
    m_swap_sub_state                         0x2000216d   Data           1  pstorage.o(.data)
    m_next_app_instance                      0x2000216e   Data           2  pstorage.o(.data)
    m_flags                                  0x20002170   Data           4  pstorage.o(.data)
    m_next_page_addr                         0x20002174   Data           4  pstorage.o(.data)
    m_head_word_size                         0x20002178   Data           4  pstorage.o(.data)
    m_tail_word_size                         0x2000217c   Data           4  pstorage.o(.data)
    m_current_page_id                        0x20002180   Data           4  pstorage.o(.data)
    m_num_of_command_retries                 0x20002184   Data           4  pstorage.o(.data)
    m_num_of_bytes_written                   0x20002188   Data           4  pstorage.o(.data)
    m_app_data_size                          0x2000218c   Data           4  pstorage.o(.data)
    .data                                    0x20002190   Section       20  app_button.o(.data)
    m_button_count                           0x20002190   Data           1  app_button.o(.data)
    mp_buttons                               0x20002194   Data           4  app_button.o(.data)
    m_detection_delay                        0x20002198   Data           4  app_button.o(.data)
    m_pin_state                              0x2000219c   Data           4  app_button.o(.data)
    m_pin_transition                         0x200021a0   Data           4  app_button.o(.data)
    .data                                    0x200021a4   Section       32  app_timer.o(.data)
    m_user_array_size                        0x200021a4   Data           1  app_timer.o(.data)
    m_ticks_elapsed_q_read_ind               0x200021a5   Data           1  app_timer.o(.data)
    m_ticks_elapsed_q_write_ind              0x200021a6   Data           1  app_timer.o(.data)
    m_rtc1_running                           0x200021a7   Data           1  app_timer.o(.data)
    m_rtc1_reset                             0x200021a8   Data           1  app_timer.o(.data)
    mp_users                                 0x200021ac   Data           4  app_timer.o(.data)
    mp_timer_id_head                         0x200021b0   Data           4  app_timer.o(.data)
    m_ticks_latest                           0x200021b4   Data           4  app_timer.o(.data)
    m_evt_schedule_func                      0x200021b8   Data           4  app_timer.o(.data)
    m_ticks_elapsed                          0x200021bc   Data           8  app_timer.o(.data)
    .data                                    0x200021c4   Section       20  softdevice_handler.o(.data)
    m_softdevice_enabled                     0x200021c4   Data           1  softdevice_handler.o(.data)
    m_ble_evt_buffer_size                    0x200021c6   Data           2  softdevice_handler.o(.data)
    m_evt_schedule_func                      0x200021c8   Data           4  softdevice_handler.o(.data)
    mp_ble_evt_buffer                        0x200021cc   Data           4  softdevice_handler.o(.data)
    m_ble_evt_handler                        0x200021d0   Data           4  softdevice_handler.o(.data)
    m_sys_evt_handler                        0x200021d4   Data           4  softdevice_handler.o(.data)
    .bss                                     0x200021d8   Section       32  main.o(.bss)
    m_battery_timer_id_data                  0x200021d8   Data          32  main.o(.bss)
    .bss                                     0x200021f8   Section       32  main.o(.bss)
    m_heart_rate_timer_id_data               0x200021f8   Data          32  main.o(.bss)
    .bss                                     0x20002218   Section       32  main.o(.bss)
    m_rr_interval_timer_id_data              0x20002218   Data          32  main.o(.bss)
    .bss                                     0x20002238   Section       32  main.o(.bss)
    m_sensor_contact_timer_id_data           0x20002238   Data          32  main.o(.bss)
    .bss                                     0x20002258   Section      680  main.o(.bss)
    APP_TIMER_BUF                            0x20002258   Data         456  main.o(.bss)
    BLE_EVT_BUFFER                           0x20002420   Data          72  main.o(.bss)
    m_bas                                    0x20002468   Data          24  main.o(.bss)
    m_hrs                                    0x20002480   Data          80  main.o(.bss)
    m_battery_sim_cfg                        0x200024d0   Data          16  main.o(.bss)
    m_heart_rate_sim_cfg                     0x200024e0   Data          16  main.o(.bss)
    m_rr_interval_sim_cfg                    0x200024f0   Data          16  main.o(.bss)
    .bss                                     0x20002500   Section       32  bsp.o(.bss)
    m_leds_timer_id_data                     0x20002500   Data          32  bsp.o(.bss)
    .bss                                     0x20002520   Section       32  bsp.o(.bss)
    m_alert_timer_id_data                    0x20002520   Data          32  bsp.o(.bss)
    .bss                                     0x20002540   Section       12  bsp.o(.bss)
    m_events_list                            0x20002540   Data          12  bsp.o(.bss)
    .bss                                     0x2000254c   Section       32  bsp.o(.bss)
    m_button_timer_id_data                   0x2000254c   Data          32  bsp.o(.bss)
    .bss                                     0x2000256c   Section      259  ble_advertising.o(.bss)
    m_advdata                                0x2000256c   Data          56  ble_advertising.o(.bss)
    m_adv_modes_config                       0x200025a4   Data          36  ble_advertising.o(.bss)
    m_whitelist                              0x200025c8   Data          16  ble_advertising.o(.bss)
    mp_whitelist_addr                        0x200025d8   Data          32  ble_advertising.o(.bss)
    mp_whitelist_irk                         0x200025f8   Data          32  ble_advertising.o(.bss)
    m_manuf_specific_data                    0x20002618   Data          12  ble_advertising.o(.bss)
    m_manuf_data_array                       0x20002624   Data          31  ble_advertising.o(.bss)
    m_service_data                           0x20002644   Data          12  ble_advertising.o(.bss)
    m_service_data_array                     0x20002650   Data          31  ble_advertising.o(.bss)
    .bss                                     0x20002670   Section       32  ble_conn_params.o(.bss)
    m_conn_params_timer_id_data              0x20002670   Data          32  ble_conn_params.o(.bss)
    .bss                                     0x20002690   Section       28  ble_conn_params.o(.bss)
    m_conn_params_config                     0x20002690   Data          28  ble_conn_params.o(.bss)
    .bss                                     0x200026ac   Section      335  device_manager_peripheral.o(.bss)
    m_app_context_table                      0x200026ac   Data          28  device_manager_peripheral.o(.bss)
    m_peer_table                             0x200026c8   Data         196  device_manager_peripheral.o(.bss)
    m_bond_table                             0x2000278c   Data          28  device_manager_peripheral.o(.bss)
    m_gatts_table                            0x200027a8   Data          36  device_manager_peripheral.o(.bss)
    m_connection_table                       0x200027cc   Data          12  device_manager_peripheral.o(.bss)
    m_application_table                      0x200027d8   Data          12  device_manager_peripheral.o(.bss)
    m_local_id_info                          0x200027e4   Data          23  device_manager_peripheral.o(.bss)
    .bss                                     0x200027fc   Section       88  nrf_drv_gpiote.o(.bss)
    m_cb                                     0x200027fc   Data          88  nrf_drv_gpiote.o(.bss)
    .bss                                     0x20002854   Section       32  nrf_drv_uart.o(.bss)
    m_cb                                     0x20002854   Data          32  nrf_drv_uart.o(.bss)
    .bss                                     0x20002874   Section      628  pstorage.o(.bss)
    m_cmd_queue                              0x20002874   Data         604  pstorage.o(.bss)
    m_app_table                              0x20002ad0   Data          24  pstorage.o(.bss)
    .bss                                     0x20002ae8   Section       32  app_button.o(.bss)
    m_detection_delay_timer_id_data          0x20002ae8   Data          32  app_button.o(.bss)
    .bss                                     0x20002b08   Section       88  fstorage.o(.bss)
    m_queue                                  0x20002b08   Data          88  fstorage.o(.bss)
    .bss                                     0x20002b60   Section       12  softdevice_handler.o(.bss)
    STACK                                    0x20002b70   Section     8192  arm_startup_nrf52.o(STACK)

    Global Symbols

    Symbol Name                              Value     Ov Type        Size  Object(Section)

    BuildAttributes$$THM_ISAv4$E$P$D$K$B$S$7EM$VFPi3$EXTD16$VFPS$VFMA$PE$A:L22UL41UL21$X:L11$S22US41US21$IEEE1$IW$USESV6$~STKCKD$USESV7$~SHL$OSPACE$ROPI$EBA8$MICROLIB$REQ8$PRES8$EABIv2 0x00000000   Number         0  anon$$obj.o ABSOLUTE
    __ARM_use_no_argv                        0x00000000   Number         0  main.o ABSOLUTE
    __cpp_initialize__aeabi_                  - Undefined Weak Reference
    __cxa_finalize                            - Undefined Weak Reference
    _clock_init                               - Undefined Weak Reference
    _microlib_exit                            - Undefined Weak Reference
    fs_data$$Base                             - Undefined Reference
    fs_data$$Limit                            - Undefined Reference
    __Vectors_Size                           0x00000400   Number         0  arm_startup_nrf52.o ABSOLUTE
    __Vectors                                0x0001c000   Data           4  arm_startup_nrf52.o(RESET)
    __Vectors_End                            0x0001c400   Data           0  arm_startup_nrf52.o(RESET)
    __main                                   0x0001c401   Thumb Code     0  entry.o(.ARM.Collect$$$$00000000)
    _main_stk                                0x0001c401   Thumb Code     0  entry2.o(.ARM.Collect$$$$00000001)
    _main_scatterload                        0x0001c405   Thumb Code     0  entry5.o(.ARM.Collect$$$$00000004)
    __main_after_scatterload                 0x0001c409   Thumb Code     0  entry5.o(.ARM.Collect$$$$00000004)
    _main_clock                              0x0001c409   Thumb Code     0  entry7b.o(.ARM.Collect$$$$00000008)
    _main_cpp_init                           0x0001c409   Thumb Code     0  entry8b.o(.ARM.Collect$$$$0000000A)
    _main_init                               0x0001c409   Thumb Code     0  entry9a.o(.ARM.Collect$$$$0000000B)
    __rt_final_cpp                           0x0001c411   Thumb Code     0  entry10a.o(.ARM.Collect$$$$0000000D)
    __rt_final_exit                          0x0001c411   Thumb Code     0  entry11a.o(.ARM.Collect$$$$0000000F)
    __asm___11_app_timer_c_cd27f9c3__nrf_delay_us 0x0001c415   Thumb Code   118  app_timer.o(.emb_text)
    Reset_Handler                            0x0001c48d   Thumb Code     8  arm_startup_nrf52.o(.text)
    NMI_Handler                              0x0001c495   Thumb Code     2  arm_startup_nrf52.o(.text)
    HardFault_Handler                        0x0001c497   Thumb Code     2  arm_startup_nrf52.o(.text)
    MemoryManagement_Handler                 0x0001c499   Thumb Code     2  arm_startup_nrf52.o(.text)
    BusFault_Handler                         0x0001c49b   Thumb Code     2  arm_startup_nrf52.o(.text)
    UsageFault_Handler                       0x0001c49d   Thumb Code     2  arm_startup_nrf52.o(.text)
    SVC_Handler                              0x0001c49f   Thumb Code     2  arm_startup_nrf52.o(.text)
    DebugMonitor_Handler                     0x0001c4a1   Thumb Code     2  arm_startup_nrf52.o(.text)
    PendSV_Handler                           0x0001c4a3   Thumb Code     2  arm_startup_nrf52.o(.text)
    SysTick_Handler                          0x0001c4a5   Thumb Code     2  arm_startup_nrf52.o(.text)
    CCM_AAR_IRQHandler                       0x0001c4a7   Thumb Code     0  arm_startup_nrf52.o(.text)
    COMP_LPCOMP_IRQHandler                   0x0001c4a7   Thumb Code     0  arm_startup_nrf52.o(.text)
    ECB_IRQHandler                           0x0001c4a7   Thumb Code     0  arm_startup_nrf52.o(.text)
    FPU_IRQHandler                           0x0001c4a7   Thumb Code     0  arm_startup_nrf52.o(.text)
    I2S_IRQHandler                           0x0001c4a7   Thumb Code     0  arm_startup_nrf52.o(.text)
    MWU_IRQHandler                           0x0001c4a7   Thumb Code     0  arm_startup_nrf52.o(.text)
    NFCT_IRQHandler                          0x0001c4a7   Thumb Code     0  arm_startup_nrf52.o(.text)
    PDM_IRQHandler                           0x0001c4a7   Thumb Code     0  arm_startup_nrf52.o(.text)
    POWER_CLOCK_IRQHandler                   0x0001c4a7   Thumb Code     0  arm_startup_nrf52.o(.text)
    PWM0_IRQHandler                          0x0001c4a7   Thumb Code     0  arm_startup_nrf52.o(.text)
    PWM1_IRQHandler                          0x0001c4a7   Thumb Code     0  arm_startup_nrf52.o(.text)
    PWM2_IRQHandler                          0x0001c4a7   Thumb Code     0  arm_startup_nrf52.o(.text)
    QDEC_IRQHandler                          0x0001c4a7   Thumb Code     0  arm_startup_nrf52.o(.text)
    RADIO_IRQHandler                         0x0001c4a7   Thumb Code     0  arm_startup_nrf52.o(.text)
    RNG_IRQHandler                           0x0001c4a7   Thumb Code     0  arm_startup_nrf52.o(.text)
    RTC0_IRQHandler                          0x0001c4a7   Thumb Code     0  arm_startup_nrf52.o(.text)
    RTC2_IRQHandler                          0x0001c4a7   Thumb Code     0  arm_startup_nrf52.o(.text)
    SAADC_IRQHandler                         0x0001c4a7   Thumb Code     0  arm_startup_nrf52.o(.text)
    SPIM0_SPIS0_TWIM0_TWIS0_SPI0_TWI0_IRQHandler 0x0001c4a7   Thumb Code     0  arm_startup_nrf52.o(.text)
    SPIM1_SPIS1_TWIM1_TWIS1_SPI1_TWI1_IRQHandler 0x0001c4a7   Thumb Code     0  arm_startup_nrf52.o(.text)
    SPIM2_SPIS2_SPI2_IRQHandler              0x0001c4a7   Thumb Code     0  arm_startup_nrf52.o(.text)
    SWI1_EGU1_IRQHandler                     0x0001c4a7   Thumb Code     0  arm_startup_nrf52.o(.text)
    SWI3_EGU3_IRQHandler                     0x0001c4a7   Thumb Code     0  arm_startup_nrf52.o(.text)
    SWI4_EGU4_IRQHandler                     0x0001c4a7   Thumb Code     0  arm_startup_nrf52.o(.text)
    SWI5_EGU5_IRQHandler                     0x0001c4a7   Thumb Code     0  arm_startup_nrf52.o(.text)
    TEMP_IRQHandler                          0x0001c4a7   Thumb Code     0  arm_startup_nrf52.o(.text)
    TIMER0_IRQHandler                        0x0001c4a7   Thumb Code     0  arm_startup_nrf52.o(.text)
    TIMER1_IRQHandler                        0x0001c4a7   Thumb Code     0  arm_startup_nrf52.o(.text)
    TIMER2_IRQHandler                        0x0001c4a7   Thumb Code     0  arm_startup_nrf52.o(.text)
    TIMER3_IRQHandler                        0x0001c4a7   Thumb Code     0  arm_startup_nrf52.o(.text)
    TIMER4_IRQHandler                        0x0001c4a7   Thumb Code     0  arm_startup_nrf52.o(.text)
    WDT_IRQHandler                           0x0001c4a7   Thumb Code     0  arm_startup_nrf52.o(.text)
    ___aeabi_memcpy8$move                    0x0001c4b1   Thumb Code     0  memmovea.o(.text)
    __aeabi_memcpy                           0x0001c4b1   Thumb Code    64  memmovea.o(.text)
    __aeabi_memcpy4                          0x0001c4b1   Thumb Code     0  memmovea.o(.text)
    __aeabi_memmove                          0x0001c4b1   Thumb Code     0  memmovea.o(.text)
    __aeabi_memmove4                         0x0001c4b1   Thumb Code     0  memmovea.o(.text)
    __aeabi_memmove8                         0x0001c4b1   Thumb Code     0  memmovea.o(.text)
    __aeabi_memset                           0x0001c4f1   Thumb Code    14  memseta.o(.text)
    __aeabi_memset4                          0x0001c4f1   Thumb Code     0  memseta.o(.text)
    __aeabi_memset8                          0x0001c4f1   Thumb Code     0  memseta.o(.text)
    __aeabi_memclr                           0x0001c4ff   Thumb Code     4  memseta.o(.text)
    __aeabi_memclr4                          0x0001c4ff   Thumb Code     0  memseta.o(.text)
    __aeabi_memclr8                          0x0001c4ff   Thumb Code     0  memseta.o(.text)
    _memset$wrapper                          0x0001c503   Thumb Code    18  memseta.o(.text)
    strlen                                   0x0001c515   Thumb Code    14  strlen.o(.text)
    memcmp                                   0x0001c523   Thumb Code    26  memcmp.o(.text)
    __scatterload                            0x0001c53d   Thumb Code    28  init.o(.text)
    __scatterload_rt2                        0x0001c53d   Thumb Code     0  init.o(.text)
    __decompress                             0x0001c561   Thumb Code     0  __dczerorl.o(.text)
    __decompress0                            0x0001c561   Thumb Code    58  __dczerorl.o(.text)
    GPIOTE_IRQHandler                        0x0001c59d   Thumb Code   316  nrf_drv_gpiote.o(i.GPIOTE_IRQHandler)
    RTC1_IRQHandler                          0x0001c749   Thumb Code    32  app_timer.o(i.RTC1_IRQHandler)
    SWI0_EGU0_IRQHandler                     0x0001c76d   Thumb Code     4  app_timer.o(i.SWI0_EGU0_IRQHandler)
    SWI2_EGU2_IRQHandler                     0x0001c771   Thumb Code    32  softdevice_handler.o(i.SWI2_EGU2_IRQHandler)
    SystemInit                               0x0001c795   Thumb Code   564  system_nrf52.o(i.SystemInit)
    UARTE0_UART0_IRQHandler                  0x0001c9fd   Thumb Code    14  nrf_drv_uart.o(i.UARTE0_UART0_IRQHandler)
    __scatterload_copy                       0x0001ca11   Thumb Code    14  handlers.o(i.__scatterload_copy)
    __scatterload_null                       0x0001ca1f   Thumb Code     2  handlers.o(i.__scatterload_null)
    __scatterload_zeroinit                   0x0001ca21   Thumb Code    14  handlers.o(i.__scatterload_zeroinit)
    adv_data_encode                          0x0001ca2f   Thumb Code   514  ble_advdata.o(i.adv_data_encode)
    app_button_enable                        0x0001cc89   Thumb Code    32  app_button.o(i.app_button_enable)
    app_button_init                          0x0001ccad   Thumb Code    96  app_button.o(i.app_button_init)
    app_error_fault_handler                  0x0001cd1d   Thumb Code    24  app_error_weak.o(i.app_error_fault_handler)
    app_error_handler_bare                   0x0001cd3d   Thumb Code    22  app_error.o(i.app_error_handler_bare)
    app_timer_create                         0x0001cdb1   Thumb Code    32  app_timer.o(i.app_timer_create)
    app_timer_init                           0x0001cdd5   Thumb Code   134  app_timer.o(i.app_timer_init)
    app_timer_start                          0x0001ce65   Thumb Code   118  app_timer.o(i.app_timer_start)
    app_timer_stop                           0x0001cee5   Thumb Code    76  app_timer.o(i.app_timer_stop)
    ble_advdata_set                          0x0001d11d   Thumb Code   104  ble_advdata.o(i.ble_advdata_set)
    ble_advertising_init                     0x0001d185   Thumb Code   274  ble_advertising.o(i.ble_advertising_init)
    ble_advertising_on_ble_evt               0x0001d2a1   Thumb Code   122  ble_advertising.o(i.ble_advertising_on_ble_evt)
    ble_advertising_on_sys_evt               0x0001d321   Thumb Code    46  ble_advertising.o(i.ble_advertising_on_sys_evt)
    ble_advertising_restart_without_whitelist 0x0001d365   Thumb Code    70  ble_advertising.o(i.ble_advertising_restart_without_whitelist)
    ble_advertising_start                    0x0001d3b5   Thumb Code   470  ble_advertising.o(i.ble_advertising_start)
    ble_bas_battery_level_update             0x0001d595   Thumb Code   122  ble_bas.o(i.ble_bas_battery_level_update)
    ble_bas_init                             0x0001d60f   Thumb Code    68  ble_bas.o(i.ble_bas_init)
    ble_bas_on_ble_evt                       0x0001d653   Thumb Code    88  ble_bas.o(i.ble_bas_on_ble_evt)
    ble_conn_params_init                     0x0001d6ad   Thumb Code    72  ble_conn_params.o(i.ble_conn_params_init)
    ble_conn_params_on_ble_evt               0x0001d705   Thumb Code   120  ble_conn_params.o(i.ble_conn_params_on_ble_evt)
    ble_dis_init                             0x0001d7e9   Thumb Code   296  ble_dis.o(i.ble_dis_init)
    ble_hrs_heart_rate_measurement_send      0x0001d971   Thumb Code    92  ble_hrs.o(i.ble_hrs_heart_rate_measurement_send)
    ble_hrs_init                             0x0001d9cd   Thumb Code    88  ble_hrs.o(i.ble_hrs_init)
    ble_hrs_on_ble_evt                       0x0001da25   Thumb Code    74  ble_hrs.o(i.ble_hrs_on_ble_evt)
    ble_hrs_rr_interval_add                  0x0001da6f   Thumb Code    54  ble_hrs.o(i.ble_hrs_rr_interval_add)
    ble_hrs_sensor_contact_detected_update   0x0001daa5   Thumb Code     6  ble_hrs.o(i.ble_hrs_sensor_contact_detected_update)
    ble_srv_ascii_to_utf8                    0x0001daab   Thumb Code    18  ble_srv_common.o(i.ble_srv_ascii_to_utf8)
    ble_srv_report_ref_encode                0x0001dabd   Thumb Code    12  ble_srv_common.o(i.ble_srv_report_ref_encode)
    bond_data_load                           0x0001dbc9   Thumb Code    60  device_manager_peripheral.o(i.bond_data_load)
    bsp_btn_ble_init                         0x0001dc11   Thumb Code    72  bsp_btn_ble.o(i.bsp_btn_ble_init)
    bsp_btn_ble_on_ble_evt                   0x0001dc5d   Thumb Code   106  bsp_btn_ble.o(i.bsp_btn_ble_on_ble_evt)
    bsp_btn_ble_sleep_mode_prepare           0x0001dccd   Thumb Code    18  bsp_btn_ble.o(i.bsp_btn_ble_sleep_mode_prepare)
    bsp_button_is_pressed                    0x0001dd89   Thumb Code    34  bsp.o(i.bsp_button_is_pressed)
    bsp_event_handler                        0x0001ddb5   Thumb Code    54  main.o(i.bsp_event_handler)
    bsp_event_to_button_action_assign        0x0001ddf1   Thumb Code    64  bsp.o(i.bsp_event_to_button_action_assign)
    bsp_indication_set                       0x0001de35   Thumb Code    20  bsp.o(i.bsp_indication_set)
    bsp_init                                 0x0001de4d   Thumb Code   140  bsp.o(i.bsp_init)
    bsp_wakeup_buttons_set                   0x0001e115   Thumb Code    54  bsp.o(i.bsp_wakeup_buttons_set)
    dm_ble_evt_handler                       0x0001e8dd   Thumb Code  1110  device_manager_peripheral.o(i.dm_ble_evt_handler)
    dm_handle_initialize                     0x0001ed33   Thumb Code    22  device_manager_peripheral.o(i.dm_handle_initialize)
    dm_init                                  0x0001ed49   Thumb Code   182  device_manager_peripheral.o(i.dm_init)
    dm_register                              0x0001ef99   Thumb Code    94  device_manager_peripheral.o(i.dm_register)
    fs_queued_op_count_get                   0x0001f0f5   Thumb Code    16  fstorage.o(i.fs_queued_op_count_get)
    intern_softdevice_events_execute         0x0001f5b5   Thumb Code   106  softdevice_handler.o(i.intern_softdevice_events_execute)
    main                                     0x0001f881   Thumb Code   236  main.o(i.main)
    nrf_drv_common_irq_enable                0x0001faa5   Thumb Code    56  nrf_drv_common.o(i.nrf_drv_common_irq_enable)
    nrf_drv_gpiote_in_event_enable           0x0001fadd   Thumb Code   150  nrf_drv_gpiote.o(i.nrf_drv_gpiote_in_event_enable)
    nrf_drv_gpiote_in_init                   0x0001fb81   Thumb Code   170  nrf_drv_gpiote.o(i.nrf_drv_gpiote_in_init)
    nrf_drv_gpiote_in_is_set                 0x0001fc39   Thumb Code    16  nrf_drv_gpiote.o(i.nrf_drv_gpiote_in_is_set)
    nrf_drv_gpiote_init                      0x0001fc4d   Thumb Code    76  nrf_drv_gpiote.o(i.nrf_drv_gpiote_init)
    nrf_drv_gpiote_is_init                   0x0001fca1   Thumb Code    14  nrf_drv_gpiote.o(i.nrf_drv_gpiote_is_init)
    pstorage_access_status_get               0x0001fe31   Thumb Code    28  pstorage.o(i.pstorage_access_status_get)
    pstorage_block_identifier_get            0x0001fe55   Thumb Code    76  pstorage.o(i.pstorage_block_identifier_get)
    pstorage_clear                           0x0001fea9   Thumb Code   148  pstorage.o(i.pstorage_clear)
    pstorage_init                            0x0001ff6d   Thumb Code    84  pstorage.o(i.pstorage_init)
    pstorage_load                            0x0001ffcd   Thumb Code   158  pstorage.o(i.pstorage_load)
    pstorage_register                        0x00020075   Thumb Code   172  pstorage.o(i.pstorage_register)
    pstorage_store                           0x00020129   Thumb Code   128  pstorage.o(i.pstorage_store)
    pstorage_sys_event_handler               0x000201b1   Thumb Code    66  pstorage.o(i.pstorage_sys_event_handler)
    pstorage_update                          0x000201f9   Thumb Code   128  pstorage.o(i.pstorage_update)
    sd_check_ram_start                       0x00020339   Thumb Code    10  softdevice_handler.o(i.sd_check_ram_start)
    sensorsim_decrement                      0x00020449   Thumb Code    28  sensorsim.o(i.sensorsim_decrement)
    sensorsim_increment                      0x00020465   Thumb Code    28  sensorsim.o(i.sensorsim_increment)
    sensorsim_init                           0x00020481   Thumb Code    22  sensorsim.o(i.sensorsim_init)
    sensorsim_measure                        0x00020497   Thumb Code    26  sensorsim.o(i.sensorsim_measure)
    softdevice_ble_evt_handler_set           0x000206e1   Thumb Code    14  softdevice_handler.o(i.softdevice_ble_evt_handler_set)
    softdevice_enable                        0x000206f5   Thumb Code    14  softdevice_handler.o(i.softdevice_enable)
    softdevice_enable_get_default_config     0x00020709   Thumb Code    38  softdevice_handler.o(i.softdevice_enable_get_default_config)
    softdevice_fault_handler                 0x0002072f   Thumb Code     4  softdevice_handler.o(i.softdevice_fault_handler)
    softdevice_handler_init                  0x00020735   Thumb Code    42  softdevice_handler.o(i.softdevice_handler_init)
    softdevice_sys_evt_handler_set           0x00020769   Thumb Code    14  softdevice_handler.o(i.softdevice_sys_evt_handler_set)
    m_context_init_len                       0x00020fcc   Data           4  device_manager_peripheral.o(.constdata)
    m_service_context_store                  0x00020fd0   Data          16  device_manager_peripheral.o(.constdata)
    m_service_context_load                   0x00020fe0   Data          16  device_manager_peripheral.o(.constdata)
    m_service_context_apply                  0x00020ff0   Data          16  device_manager_peripheral.o(.constdata)
    Region$$Table$$Base                      0x00021030   Number         0  anon$$obj.o(Region$$Table)
    Region$$Table$$Limit                     0x00021050   Number         0  anon$$obj.o(Region$$Table)
    Image$$RW_IRAM1$$Base                    0x20002080   Number         0  anon$$obj.o ABSOLUTE
    SystemCoreClock                          0x200020d0   Data           4  system_nrf52.o(.data)
    nrf_nvic_state                           0x20002b60   Data          12  softdevice_handler.o(.bss)
    __initial_sp                             0x20004b70   Data           0  arm_startup_nrf52.o(STACK)



==============================================================================

Memory Map of the image

  Image Entry point : 0x0001c401

  Load Region LR_IROM1 (Base: 0x0001c000, Size: 0x000051a8, Max: 0x00064000, ABSOLUTE, COMPRESSED[0x0000506c])

    Execution Region ER_IROM1 (Base: 0x0001c000, Size: 0x00005050, Max: 0x00064000, ABSOLUTE)

    Base Addr    Size         Type   Attr      Idx    E Section Name        Object

    0x0001c000   0x00000400   Data   RO          488    RESET               arm_startup_nrf52.o
    0x0001c400   0x00000000   Code   RO         2910  * .ARM.Collect$$$$00000000  mc_w.l(entry.o)
    0x0001c400   0x00000004   Code   RO         2957    .ARM.Collect$$$$00000001  mc_w.l(entry2.o)
    0x0001c404   0x00000004   Code   RO         2960    .ARM.Collect$$$$00000004  mc_w.l(entry5.o)
    0x0001c408   0x00000000   Code   RO         2962    .ARM.Collect$$$$00000008  mc_w.l(entry7b.o)
    0x0001c408   0x00000000   Code   RO         2964    .ARM.Collect$$$$0000000A  mc_w.l(entry8b.o)
    0x0001c408   0x00000008   Code   RO         2965    .ARM.Collect$$$$0000000B  mc_w.l(entry9a.o)
    0x0001c410   0x00000000   Code   RO         2967    .ARM.Collect$$$$0000000D  mc_w.l(entry10a.o)
    0x0001c410   0x00000000   Code   RO         2969    .ARM.Collect$$$$0000000F  mc_w.l(entry11a.o)
    0x0001c410   0x00000004   Code   RO         2958    .ARM.Collect$$$$00002712  mc_w.l(entry2.o)
    0x0001c414   0x00000076   Code   RO         2199    .emb_text           app_timer.o
    0x0001c48a   0x00000002   PAD
    0x0001c48c   0x00000024   Code   RO          489    .text               arm_startup_nrf52.o
    0x0001c4b0   0x00000040   Code   RO         2915    .text               mc_w.l(memmovea.o)
    0x0001c4f0   0x00000024   Code   RO         2917    .text               mc_w.l(memseta.o)
    0x0001c514   0x0000000e   Code   RO         2919    .text               mc_w.l(strlen.o)
    0x0001c522   0x0000001a   Code   RO         2921    .text               mc_w.l(memcmp.o)
    0x0001c53c   0x00000024   Code   RO         2986    .text               mc_w.l(init.o)
    0x0001c560   0x0000003a   Code   RO         3004    .text               mc_w.l(__dczerorl.o)
    0x0001c59a   0x00000002   PAD
    0x0001c59c   0x00000148   Code   RO         1385    i.GPIOTE_IRQHandler  nrf_drv_gpiote.o
    0x0001c6e4   0x00000016   Code   RO         2200    i.NVIC_ClearPendingIRQ  app_timer.o
    0x0001c6fa   0x00000016   Code   RO         2201    i.NVIC_EnableIRQ    app_timer.o
    0x0001c710   0x00000016   Code   RO         2202    i.NVIC_SetPendingIRQ  app_timer.o
    0x0001c726   0x00000020   Code   RO         2203    i.NVIC_SetPriority  app_timer.o
    0x0001c746   0x00000002   PAD
    0x0001c748   0x00000024   Code   RO         2204    i.RTC1_IRQHandler   app_timer.o
    0x0001c76c   0x00000004   Code   RO         2205    i.SWI0_EGU0_IRQHandler  app_timer.o
    0x0001c770   0x00000024   Code   RO         2815    i.SWI2_EGU2_IRQHandler  softdevice_handler.o
    0x0001c794   0x00000268   Code   RO          496    i.SystemInit        system_nrf52.o
    0x0001c9fc   0x00000014   Code   RO         1580    i.UARTE0_UART0_IRQHandler  nrf_drv_uart.o
    0x0001ca10   0x0000000e   Code   RO         2998    i.__scatterload_copy  mc_w.l(handlers.o)
    0x0001ca1e   0x00000002   Code   RO         2999    i.__scatterload_null  mc_w.l(handlers.o)
    0x0001ca20   0x0000000e   Code   RO         3000    i.__scatterload_zeroinit  mc_w.l(handlers.o)
    0x0001ca2e   0x00000202   Code   RO          531    i.adv_data_encode   ble_advdata.o
    0x0001cc30   0x00000036   Code   RO          449    i.advertising_buttons_configure  bsp_btn_ble.o
    0x0001cc66   0x00000002   PAD
    0x0001cc68   0x00000020   Code   RO          342    i.alert_timer_handler  bsp.o
    0x0001cc88   0x00000024   Code   RO         2020    i.app_button_enable  app_button.o
    0x0001ccac   0x00000070   Code   RO         2021    i.app_button_init   app_button.o
    0x0001cd1c   0x00000020   Code   RO         2113    i.app_error_fault_handler  app_error_weak.o
    0x0001cd3c   0x00000016   Code   RO         2078    i.app_error_handler_bare  app_error.o
    0x0001cd52   0x00000002   PAD
    0x0001cd54   0x0000000c   Code   RO          966    i.app_evt_notify    device_manager_peripheral.o
    0x0001cd60   0x0000002c   Code   RO         1777    i.app_notify        pstorage.o
    0x0001cd8c   0x00000024   Code   RO         1778    i.app_notify_error_state_transit  pstorage.o
    0x0001cdb0   0x00000024   Code   RO         2208    i.app_timer_create  app_timer.o
    0x0001cdd4   0x00000090   Code   RO         2209    i.app_timer_init    app_timer.o
    0x0001ce64   0x00000080   Code   RO         2210    i.app_timer_start   app_timer.o
    0x0001cee4   0x00000050   Code   RO         2211    i.app_timer_stop    app_timer.o
    0x0001cf34   0x00000058   Code   RO            4    i.application_timers_start  main.o
    0x0001cf8c   0x0000014e   Code   RO          692    i.battery_level_char_add  ble_bas.o
    0x0001d0da   0x00000002   PAD
    0x0001d0dc   0x00000040   Code   RO            6    i.battery_level_meas_timeout_handler  main.o
    0x0001d11c   0x00000068   Code   RO          532    i.ble_advdata_set   ble_advdata.o
    0x0001d184   0x0000011c   Code   RO          612    i.ble_advertising_init  ble_advertising.o
    0x0001d2a0   0x00000080   Code   RO          613    i.ble_advertising_on_ble_evt  ble_advertising.o
    0x0001d320   0x00000034   Code   RO          614    i.ble_advertising_on_sys_evt  ble_advertising.o
    0x0001d354   0x00000010   Code   RO          616    i.ble_advertising_peer_address_clear  ble_advertising.o
    0x0001d364   0x00000050   Code   RO          617    i.ble_advertising_restart_without_whitelist  ble_advertising.o
    0x0001d3b4   0x000001e0   Code   RO          618    i.ble_advertising_start  ble_advertising.o
    0x0001d594   0x0000007a   Code   RO          693    i.ble_bas_battery_level_update  ble_bas.o
    0x0001d60e   0x00000044   Code   RO          694    i.ble_bas_init      ble_bas.o
    0x0001d652   0x00000058   Code   RO          695    i.ble_bas_on_ble_evt  ble_bas.o
    0x0001d6aa   0x00000002   PAD
    0x0001d6ac   0x00000058   Code   RO          736    i.ble_conn_params_init  ble_conn_params.o
    0x0001d704   0x00000084   Code   RO          737    i.ble_conn_params_on_ble_evt  ble_conn_params.o
    0x0001d788   0x0000005e   Code   RO          533    i.ble_device_addr_encode  ble_advdata.o
    0x0001d7e6   0x00000002   PAD
    0x0001d7e8   0x0000012c   Code   RO          803    i.ble_dis_init      ble_dis.o
    0x0001d914   0x0000005c   Code   RO            7    i.ble_evt_dispatch  main.o
    0x0001d970   0x0000005c   Code   RO          844    i.ble_hrs_heart_rate_measurement_send  ble_hrs.o
    0x0001d9cc   0x00000058   Code   RO          845    i.ble_hrs_init      ble_hrs.o
    0x0001da24   0x0000004a   Code   RO          846    i.ble_hrs_on_ble_evt  ble_hrs.o
    0x0001da6e   0x00000036   Code   RO          847    i.ble_hrs_rr_interval_add  ble_hrs.o
    0x0001daa4   0x00000006   Code   RO          849    i.ble_hrs_sensor_contact_detected_update  ble_hrs.o
    0x0001daaa   0x00000012   Code   RO          923    i.ble_srv_ascii_to_utf8  ble_srv_common.o
    0x0001dabc   0x0000000c   Code   RO          924    i.ble_srv_report_ref_encode  ble_srv_common.o
    0x0001dac8   0x00000078   Code   RO            8    i.ble_stack_init    main.o
    0x0001db40   0x00000086   Code   RO          851    i.body_sensor_location_char_add  ble_hrs.o
    0x0001dbc6   0x00000002   PAD
    0x0001dbc8   0x00000048   Code   RO          967    i.bond_data_load    device_manager_peripheral.o
    0x0001dc10   0x0000004c   Code   RO          450    i.bsp_btn_ble_init  bsp_btn_ble.o
    0x0001dc5c   0x00000070   Code   RO          451    i.bsp_btn_ble_on_ble_evt  bsp_btn_ble.o
    0x0001dccc   0x00000012   Code   RO          452    i.bsp_btn_ble_sleep_mode_prepare  bsp_btn_ble.o
    0x0001dcde   0x00000002   PAD
    0x0001dce0   0x000000a8   Code   RO          343    i.bsp_button_event_handler  bsp.o
    0x0001dd88   0x0000002c   Code   RO          344    i.bsp_button_is_pressed  bsp.o
    0x0001ddb4   0x0000003c   Code   RO            9    i.bsp_event_handler  main.o
    0x0001ddf0   0x00000044   Code   RO          348    i.bsp_event_to_button_action_assign  bsp.o
    0x0001de34   0x00000018   Code   RO          349    i.bsp_indication_set  bsp.o
    0x0001de4c   0x000000a4   Code   RO          351    i.bsp_init          bsp.o
    0x0001def0   0x00000224   Code   RO          352    i.bsp_led_indication  bsp.o
    0x0001e114   0x0000003c   Code   RO          353    i.bsp_wakeup_buttons_set  bsp.o
    0x0001e150   0x00000008   Code   RO          354    i.button_timer_handler  bsp.o
    0x0001e158   0x0000001c   Code   RO         1386    i.channel_free      nrf_drv_gpiote.o
    0x0001e174   0x00000048   Code   RO         1387    i.channel_port_alloc  nrf_drv_gpiote.o
    0x0001e1bc   0x00000010   Code   RO         1388    i.channel_port_get  nrf_drv_gpiote.o
    0x0001e1cc   0x000000a0   Code   RO          804    i.char_add          ble_dis.o
    0x0001e26c   0x000000fc   Code   RO         1779    i.clear_operation_execute  pstorage.o
    0x0001e368   0x00000020   Code   RO         1780    i.clear_post_processing_run  pstorage.o
    0x0001e388   0x00000034   Code   RO         1781    i.cmd_process       pstorage.o
    0x0001e3bc   0x00000020   Code   RO         1782    i.cmd_queue_element_init  pstorage.o
    0x0001e3dc   0x00000054   Code   RO         1783    i.cmd_queue_enqueue  pstorage.o
    0x0001e430   0x00000040   Code   RO         1784    i.command_end_procedure_run  pstorage.o
    0x0001e470   0x000000ac   Code   RO         2213    i.compare_reg_update  app_timer.o
    0x0001e51c   0x00000088   Code   RO          534    i.conn_int_encode   ble_advdata.o
    0x0001e5a4   0x00000004   Code   RO           10    i.conn_params_error_handler  main.o
    0x0001e5a8   0x0000005c   Code   RO          739    i.conn_params_negotiation  ble_conn_params.o
    0x0001e604   0x0000002c   Code   RO          968    i.connection_instance_find  device_manager_peripheral.o
    0x0001e630   0x00000028   Code   RO          969    i.connection_instance_init  device_manager_peripheral.o
    0x0001e658   0x00000054   Code   RO         1785    i.data_page_erase_state_run  pstorage.o
    0x0001e6ac   0x00000020   Code   RO         1786    i.data_to_swap_write_state_run  pstorage.o
    0x0001e6cc   0x00000060   Code   RO         2023    i.detection_delay_timeout_handler  app_button.o
    0x0001e72c   0x000000c0   Code   RO          970    i.device_context_store  device_manager_peripheral.o
    0x0001e7ec   0x00000048   Code   RO          971    i.device_instance_find  device_manager_peripheral.o
    0x0001e834   0x0000002c   Code   RO          972    i.device_instance_free  device_manager_peripheral.o
    0x0001e860   0x0000000e   Code   RO           11    i.device_manager_evt_handler  main.o
    0x0001e86e   0x00000002   PAD
    0x0001e870   0x0000006c   Code   RO           12    i.device_manager_init  main.o
    0x0001e8dc   0x00000456   Code   RO          977    i.dm_ble_evt_handler  device_manager_peripheral.o
    0x0001ed32   0x00000016   Code   RO          983    i.dm_handle_initialize  device_manager_peripheral.o
    0x0001ed48   0x000000c8   Code   RO          984    i.dm_init           device_manager_peripheral.o
    0x0001ee10   0x00000188   Code   RO          987    i.dm_pstorage_cb_handler  device_manager_peripheral.o
    0x0001ef98   0x00000068   Code   RO          988    i.dm_register       device_manager_peripheral.o
    0x0001f000   0x00000040   Code   RO         2214    i.elapsed_ticks_acquire  app_timer.o
    0x0001f040   0x0000001c   Code   RO         1787    i.flash_api_err_code_process  pstorage.o
    0x0001f05c   0x0000008c   Code   RO         1788    i.flash_operation_success_run  pstorage.o
    0x0001f0e8   0x00000006   Code   RO         1789    i.flash_page_erase  pstorage.o
    0x0001f0ee   0x00000006   Code   RO         1790    i.flash_write       pstorage.o
    0x0001f0f4   0x00000014   Code   RO         2412    i.fs_queued_op_count_get  fstorage.o
    0x0001f108   0x0000006c   Code   RO           13    i.gap_params_init   main.o
    0x0001f174   0x00000004   Code   RO          995    i.gattc_context_apply  device_manager_peripheral.o
    0x0001f178   0x00000004   Code   RO          996    i.gattc_context_load  device_manager_peripheral.o
    0x0001f17c   0x00000004   Code   RO          997    i.gattc_context_store  device_manager_peripheral.o
    0x0001f180   0x000000b0   Code   RO          998    i.gatts_context_apply  device_manager_peripheral.o
    0x0001f230   0x00000038   Code   RO          999    i.gatts_context_load  device_manager_peripheral.o
    0x0001f268   0x000000c8   Code   RO         1000    i.gatts_context_store  device_manager_peripheral.o
    0x0001f330   0x00000004   Code   RO         1001    i.gattsc_context_apply  device_manager_peripheral.o
    0x0001f334   0x00000004   Code   RO         1002    i.gattsc_context_load  device_manager_peripheral.o
    0x0001f338   0x00000004   Code   RO         1003    i.gattsc_context_store  device_manager_peripheral.o
    0x0001f33c   0x00000058   Code   RO         2024    i.gpiote_event_handler  app_button.o
    0x0001f394   0x00000078   Code   RO         1791    i.head_restore_state_run  pstorage.o
    0x0001f40c   0x00000054   Code   RO           14    i.heart_rate_meas_timeout_handler  main.o
    0x0001f460   0x000000c2   Code   RO          852    i.heart_rate_measurement_char_add  ble_hrs.o
    0x0001f522   0x00000092   Code   RO          853    i.hrm_encode        ble_hrs.o
    0x0001f5b4   0x00000070   Code   RO         2816    i.intern_softdevice_events_execute  softdevice_handler.o
    0x0001f624   0x0000001c   Code   RO          740    i.is_conn_params_ok  ble_conn_params.o
    0x0001f640   0x00000044   Code   RO         1792    i.is_page_erase_required  pstorage.o
    0x0001f684   0x0000000c   Code   RO         1793    i.is_word_aligned   pstorage.o
    0x0001f690   0x00000054   Code   RO          535    i.le_role_encode    ble_advdata.o
    0x0001f6e4   0x00000014   Code   RO          355    i.leds_timer_handler  bsp.o
    0x0001f6f8   0x000000bc   Code   RO         2215    i.list_deletions_handler  app_timer.o
    0x0001f7b4   0x000000cc   Code   RO         2216    i.list_insertions_handler  app_timer.o
    0x0001f880   0x00000104   Code   RO           15    i.main              main.o
    0x0001f984   0x00000014   Code   RO         1794    i.main_state_err_busy_process  pstorage.o
    0x0001f998   0x00000064   Code   RO          536    i.manuf_specific_data_encode  ble_advdata.o
    0x0001f9fc   0x0000009c   Code   RO          537    i.name_encode       ble_advdata.o
    0x0001fa98   0x00000004   Code   RO         1004    i.no_service_context_apply  device_manager_peripheral.o
    0x0001fa9c   0x00000004   Code   RO         1005    i.no_service_context_load  device_manager_peripheral.o
    0x0001faa0   0x00000004   Code   RO         1006    i.no_service_context_store  device_manager_peripheral.o
    0x0001faa4   0x00000038   Code   RO         1351    i.nrf_drv_common_irq_enable  nrf_drv_common.o
    0x0001fadc   0x000000a4   Code   RO         1391    i.nrf_drv_gpiote_in_event_enable  nrf_drv_gpiote.o
    0x0001fb80   0x000000b8   Code   RO         1392    i.nrf_drv_gpiote_in_init  nrf_drv_gpiote.o
    0x0001fc38   0x00000014   Code   RO         1393    i.nrf_drv_gpiote_in_is_set  nrf_drv_gpiote.o
    0x0001fc4c   0x00000054   Code   RO         1395    i.nrf_drv_gpiote_init  nrf_drv_gpiote.o
    0x0001fca0   0x00000014   Code   RO         1396    i.nrf_drv_gpiote_is_init  nrf_drv_gpiote.o
    0x0001fcb4   0x00000022   Code   RO         1408    i.nrf_gpio_cfg      nrf_drv_gpiote.o
    0x0001fcd6   0x0000001c   Code   RO         1410    i.nrf_gpio_cfg_sense_set  nrf_drv_gpiote.o
    0x0001fcf2   0x00000002   PAD
    0x0001fcf4   0x00000014   Code   RO         1411    i.nrf_gpiote_event_clear  nrf_drv_gpiote.o
    0x0001fd08   0x00000010   Code   RO         1412    i.nrf_gpiote_event_is_set  nrf_drv_gpiote.o
    0x0001fd18   0x0000000a   Code   RO         1599    i.nrf_uart_event_check  nrf_drv_uart.o
    0x0001fd22   0x0000000c   Code   RO         1600    i.nrf_uart_int_enable_check  nrf_drv_uart.o
    0x0001fd2e   0x0000000a   Code   RO         1601    i.nrf_uarte_event_check  nrf_drv_uart.o
    0x0001fd38   0x00000024   Code   RO           16    i.on_adv_evt        main.o
    0x0001fd5c   0x0000001c   Code   RO           17    i.on_conn_params_evt  main.o
    0x0001fd78   0x00000014   Code   RO          620    i.peer_address_exists  ble_advertising.o
    0x0001fd8c   0x00000040   Code   RO         1007    i.peer_instance_init  device_manager_peripheral.o
    0x0001fdcc   0x00000018   Code   RO         1413    i.pin_in_use_by_port  nrf_drv_gpiote.o
    0x0001fde4   0x00000018   Code   RO         1414    i.pin_in_use_by_te  nrf_drv_gpiote.o
    0x0001fdfc   0x00000034   Code   RO          805    i.pnp_id_encode     ble_dis.o
    0x0001fe30   0x00000024   Code   RO         1795    i.pstorage_access_status_get  pstorage.o
    0x0001fe54   0x00000054   Code   RO         1796    i.pstorage_block_identifier_get  pstorage.o
    0x0001fea8   0x0000009c   Code   RO         1797    i.pstorage_clear    pstorage.o
    0x0001ff44   0x0000001e   Code   RO         1798    i.pstorage_flash_page_end  pstorage.o
    0x0001ff62   0x0000000a   Code   RO         1799    i.pstorage_flash_page_size  pstorage.o
    0x0001ff6c   0x00000060   Code   RO         1800    i.pstorage_init     pstorage.o
    0x0001ffcc   0x000000a8   Code   RO         1801    i.pstorage_load     pstorage.o
    0x00020074   0x000000b4   Code   RO         1802    i.pstorage_register  pstorage.o
    0x00020128   0x00000088   Code   RO         1803    i.pstorage_store    pstorage.o
    0x000201b0   0x00000048   Code   RO         1804    i.pstorage_sys_event_handler  pstorage.o
    0x000201f8   0x00000088   Code   RO         1805    i.pstorage_update   pstorage.o
    0x00020280   0x0000002c   Code   RO           18    i.rr_interval_timeout_handler  main.o
    0x000202ac   0x0000003c   Code   RO         2217    i.rtc1_stop         app_timer.o
    0x000202e8   0x00000030   Code   RO         1603    i.rx_byte           nrf_drv_uart.o
    0x00020318   0x00000020   Code   RO         1604    i.rx_done_event     nrf_drv_uart.o
    0x00020338   0x00000010   Code   RO         2817    i.sd_check_ram_start  softdevice_handler.o
    0x00020348   0x00000088   Code   RO         2818    i.sd_nvic_EnableIRQ  softdevice_handler.o
    0x000203d0   0x00000018   Code   RO           19    i.sensor_contact_detected_timeout_handler  main.o
    0x000203e8   0x00000060   Code   RO           20    i.sensor_simulator_init  main.o
    0x00020448   0x0000001c   Code   RO         2637    i.sensorsim_decrement  sensorsim.o
    0x00020464   0x0000001c   Code   RO         2638    i.sensorsim_increment  sensorsim.o
    0x00020480   0x00000016   Code   RO         2639    i.sensorsim_init    sensorsim.o
    0x00020496   0x0000001a   Code   RO         2640    i.sensorsim_measure  sensorsim.o
    0x000204b0   0x00000088   Code   RO          538    i.service_data_encode  ble_advdata.o
    0x00020538   0x00000144   Code   RO           21    i.services_init     main.o
    0x0002067c   0x00000028   Code   RO           22    i.sleep_mode_enter  main.o
    0x000206a4   0x0000003c   Code   RO         1806    i.sm_state_change   pstorage.o
    0x000206e0   0x00000014   Code   RO         2819    i.softdevice_ble_evt_handler_set  softdevice_handler.o
    0x000206f4   0x00000014   Code   RO         2820    i.softdevice_enable  softdevice_handler.o
    0x00020708   0x00000026   Code   RO         2821    i.softdevice_enable_get_default_config  softdevice_handler.o
    0x0002072e   0x00000004   Code   RO         2822    i.softdevice_fault_handler  softdevice_handler.o
    0x00020732   0x00000002   PAD
    0x00020734   0x00000034   Code   RO         2823    i.softdevice_handler_init  softdevice_handler.o
    0x00020768   0x00000014   Code   RO         2826    i.softdevice_sys_evt_handler_set  softdevice_handler.o
    0x0002077c   0x00000068   Code   RO         1807    i.state_data_erase_swap_entry_run  pstorage.o
    0x000207e4   0x0000000c   Code   RO         1808    i.state_erase_data_page_entry_run  pstorage.o
    0x000207f0   0x0000002c   Code   RO         1809    i.state_restore_head_entry_run  pstorage.o
    0x0002081c   0x00000050   Code   RO         1810    i.state_restore_tail_entry_run  pstorage.o
    0x0002086c   0x0000001e   Code   RO         1811    i.state_swap_erase_entry_run  pstorage.o
    0x0002088a   0x00000002   PAD
    0x0002088c   0x00000030   Code   RO         1812    i.state_write_data_swap_entry_run  pstorage.o
    0x000208bc   0x00000004   Code   RO         1008    i.storage_operation_dummy_handler  device_manager_peripheral.o
    0x000208c0   0x0000005c   Code   RO         1813    i.store_cmd_flash_write_execute  pstorage.o
    0x0002091c   0x00000018   Code   RO         1814    i.swap_erase_state_run  pstorage.o
    0x00020934   0x00000014   Code   RO         1815    i.swap_sub_state_err_busy_process  pstorage.o
    0x00020948   0x00000014   Code   RO         1816    i.swap_sub_state_state_change  pstorage.o
    0x0002095c   0x00000012   Code   RO           23    i.sys_evt_dispatch  main.o
    0x0002096e   0x00000042   Code   RO          806    i.sys_id_encode     ble_dis.o
    0x000209b0   0x00000014   Code   RO         1817    i.tail_restore_state_run  pstorage.o
    0x000209c4   0x0000008c   Code   RO         2218    i.timer_list_handler  app_timer.o
    0x00020a50   0x0000003c   Code   RO         2219    i.timer_list_insert  app_timer.o
    0x00020a8c   0x00000084   Code   RO         2220    i.timer_timeouts_check  app_timer.o
    0x00020b10   0x0000007c   Code   RO           24    i.timers_init       main.o
    0x00020b8c   0x00000024   Code   RO         1606    i.tx_byte           nrf_drv_uart.o
    0x00020bb0   0x00000024   Code   RO         1607    i.tx_done_event     nrf_drv_uart.o
    0x00020bd4   0x00000108   Code   RO         1608    i.uart_irq_handler  nrf_drv_uart.o
    0x00020cdc   0x000000d8   Code   RO         1609    i.uarte_irq_handler  nrf_drv_uart.o
    0x00020db4   0x0000000a   Code   RO          539    i.uint16_encode     ble_advdata.o
    0x00020dbe   0x00000002   PAD
    0x00020dc0   0x00000014   Code   RO         1009    i.update_status_bit_reset  device_manager_peripheral.o
    0x00020dd4   0x00000060   Code   RO          741    i.update_timeout_handler  ble_conn_params.o
    0x00020e34   0x0000003e   Code   RO         2221    i.user_id_get       app_timer.o
    0x00020e72   0x00000028   Code   RO         2222    i.user_op_alloc     app_timer.o
    0x00020e9a   0x00000030   Code   RO          540    i.uuid_list_encode  ble_advdata.o
    0x00020eca   0x0000009e   Code   RO          541    i.uuid_list_sized_encode  ble_advdata.o
    0x00020f68   0x0000000e   Code   RO          621    i.whitelist_has_entries  ble_advertising.o
    0x00020f76   0x00000002   PAD
    0x00020f78   0x00000014   Data   RO           30    .constdata          main.o
    0x00020f8c   0x0000003c   Data   RO          360    .constdata          bsp.o
    0x00020fc8   0x00000004   Data   RO          744    .constdata          ble_conn_params.o
    0x00020fcc   0x00000034   Data   RO         1011    .constdata          device_manager_peripheral.o
    0x00021000   0x00000028   Data   RO         1819    .constdata          pstorage.o
    0x00021028   0x00000008   Data   RO         2026    .constdata          app_button.o
    0x00021030   0x00000020   Data   RO         2996    Region$$Table       anon$$obj.o


    Execution Region RW_IRAM1 (Base: 0x20002080, Size: 0x00002af0, Max: 0x0000df80, ABSOLUTE, COMPRESSED[0x0000001c])

    Base Addr    Size         Type   Attr      Idx    E Section Name        Object

    0x20002080   0x00000030   Data   RW           31    .data               main.o
    0x200020b0   0x00000018   Data   RW          361    .data               bsp.o
    0x200020c8   0x00000008   Data   RW          453    .data               bsp_btn_ble.o
    0x200020d0   0x00000004   Data   RW          497    .data               system_nrf52.o
    0x200020d4   0x0000001f   Data   RW          623    .data               ble_advertising.o
    0x200020f3   0x00000001   PAD
    0x200020f4   0x00000014   Data   RW          745    .data               ble_conn_params.o
    0x20002108   0x0000004a   Data   RW          807    .data               ble_dis.o
    0x20002152   0x00000002   PAD
    0x20002154   0x00000018   Data   RW         1012    .data               device_manager_peripheral.o
    0x2000216c   0x00000024   Data   RW         1820    .data               pstorage.o
    0x20002190   0x00000014   Data   RW         2027    .data               app_button.o
    0x200021a4   0x00000020   Data   RW         2223    .data               app_timer.o
    0x200021c4   0x00000014   Data   RW         2828    .data               softdevice_handler.o
    0x200021d8   0x00000020   Zero   RW           25    .bss                main.o
    0x200021f8   0x00000020   Zero   RW           26    .bss                main.o
    0x20002218   0x00000020   Zero   RW           27    .bss                main.o
    0x20002238   0x00000020   Zero   RW           28    .bss                main.o
    0x20002258   0x000002a8   Zero   RW           29    .bss                main.o
    0x20002500   0x00000020   Zero   RW          356    .bss                bsp.o
    0x20002520   0x00000020   Zero   RW          357    .bss                bsp.o
    0x20002540   0x0000000c   Zero   RW          358    .bss                bsp.o
    0x2000254c   0x00000020   Zero   RW          359    .bss                bsp.o
    0x2000256c   0x00000103   Zero   RW          622    .bss                ble_advertising.o
    0x2000266f   0x00000001   PAD
    0x20002670   0x00000020   Zero   RW          742    .bss                ble_conn_params.o
    0x20002690   0x0000001c   Zero   RW          743    .bss                ble_conn_params.o
    0x200026ac   0x0000014f   Zero   RW         1010    .bss                device_manager_peripheral.o
    0x200027fb   0x00000001   PAD
    0x200027fc   0x00000058   Zero   RW         1415    .bss                nrf_drv_gpiote.o
    0x20002854   0x00000020   Zero   RW         1610    .bss                nrf_drv_uart.o
    0x20002874   0x00000274   Zero   RW         1818    .bss                pstorage.o
    0x20002ae8   0x00000020   Zero   RW         2025    .bss                app_button.o
    0x20002b08   0x00000058   Zero   RW         2421    .bss                fstorage.o
    0x20002b60   0x0000000c   Zero   RW         2827    .bss                softdevice_handler.o
    0x20002b6c   0x00000004   PAD
    0x20002b70   0x00002000   Zero   RW          486    STACK               arm_startup_nrf52.o


==============================================================================

Image component sizes


      Code (inc. data)   RO Data    RW Data    ZI Data      Debug   Object Name

       332         34          8         20         32       9782   app_button.o
        22          0          0          0          0       2217   app_error.o
        32          8          0          0          0        742   app_error_weak.o
      1766         94          0         32          0      50647   app_timer.o
        36          8       1024          0       8192        972   arm_startup_nrf52.o
      1540          0          0          0          0      18868   ble_advdata.o
      1074         46          0         31        259      10337   ble_advertising.o
       612          0          0          0          0      12963   ble_bas.o
       436         54          4         20         60       6856   ble_conn_params.o
       578          8          0         74          0       5367   ble_dis.o
       788          0          0          0          0      10381   ble_hrs.o
        30          0          0          0          0       2168   ble_srv_common.o
      1136        108         60         24        108       9681   bsp.o
       260         10          0          8          0       4829   bsp_btn_ble.o
      2860        162         52         24        335      31633   device_manager_peripheral.o
        20          4          0          0         88       3784   fstorage.o
      1736        182         20         48        808     126999   main.o
        56          0          0          0          0      28487   nrf_drv_common.o
      1062         92          0          0         88      23124   nrf_drv_gpiote.o
       684         56          0          0         32      20992   nrf_drv_uart.o
      2770        248         40         36        628      39910   pstorage.o
       104          0          0          0          0       3307   sensorsim.o
       454         52          0         20         12      39401   softdevice_handler.o
       616         52          0          4          0      29042   system_nrf52.o

    ----------------------------------------------------------------------
     19034       1218       1240        344      10648     492489   Object Totals
         0          0         32          0          0          0   (incl. Generated)
        30          0          0          3          6          0   (incl. Padding)

    ----------------------------------------------------------------------

      Code (inc. data)   RO Data    RW Data    ZI Data      Debug   Library Member Name

        58          0          0          0          0          0   __dczerorl.o
         0          0          0          0          0          0   entry.o
         0          0          0          0          0          0   entry10a.o
         0          0          0          0          0          0   entry11a.o
         8          4          0          0          0          0   entry2.o
         4          0          0          0          0          0   entry5.o
         0          0          0          0          0          0   entry7b.o
         0          0          0          0          0          0   entry8b.o
         8          4          0          0          0          0   entry9a.o
        30          0          0          0          0          0   handlers.o
        36          8          0          0          0         68   init.o
        26          0          0          0          0         80   memcmp.o
        64          0          0          0          0         76   memmovea.o
        36          0          0          0          0        108   memseta.o
        14          0          0          0          0         68   strlen.o

    ----------------------------------------------------------------------
       286         16          0          0          0        400   Library Totals
         2          0          0          0          0          0   (incl. Padding)

    ----------------------------------------------------------------------

      Code (inc. data)   RO Data    RW Data    ZI Data      Debug   Library Name

       284         16          0          0          0        400   mc_w.l

    ----------------------------------------------------------------------
       286         16          0          0          0        400   Library Totals

    ----------------------------------------------------------------------

==============================================================================


      Code (inc. data)   RO Data    RW Data    ZI Data      Debug   

     19320       1234       1240        344      10648     472469   Grand Totals
     19320       1234       1240         28      10648     472469   ELF Image Totals (compressed)
     19320       1234       1240         28          0          0   ROM Totals

==============================================================================

    Total RO  Size (Code + RO Data)                20560 (  20.08kB)
    Total RW  Size (RW Data + ZI Data)             10992 (  10.73kB)
    Total ROM Size (Code + RO Data + RW Data)      20588 (  20.11kB)

==============================================================================

