Component: ARM Compiler 5.06 update 7 (build 960) Tool: armlink [4d3601]

==============================================================================

Section Cross References

    arm_startup_nrf52.o(RESET) refers to arm_startup_nrf52.o(STACK) for __initial_sp
    arm_startup_nrf52.o(RESET) refers to arm_startup_nrf52.o(.text) for Reset_Handler
    arm_startup_nrf52.o(RESET) refers to nrf_drv_uart.o(i.UARTE0_UART0_IRQHandler) for UARTE0_UART0_IRQHandler
    arm_startup_nrf52.o(RESET) refers to nrf_drv_twi.o(i.SPIM0_SPIS0_TWIM0_TWIS0_SPI0_TWI0_IRQHandler) for SPIM0_SPIS0_TWIM0_TWIS0_SPI0_TWI0_IRQHandler
    arm_startup_nrf52.o(RESET) refers to nrf_drv_twi.o(i.SPIM1_SPIS1_TWIM1_TWIS1_SPI1_TWI1_IRQHandler) for SPIM1_SPIS1_TWIM1_TWIS1_SPI1_TWI1_IRQHandler
    arm_startup_nrf52.o(RESET) refers to nrf_drv_gpiote.o(i.GPIOTE_IRQHandler) for GPIOTE_IRQHandler
    arm_startup_nrf52.o(RESET) refers to app_timer.o(i.RTC1_IRQHandler) for RTC1_IRQHandler
    arm_startup_nrf52.o(RESET) refers to app_timer.o(i.SWI0_EGU0_IRQHandler) for SWI0_EGU0_IRQHandler
    arm_startup_nrf52.o(RESET) refers to softdevice_handler.o(i.SWI2_EGU2_IRQHandler) for SWI2_EGU2_IRQHandler
    arm_startup_nrf52.o(.text) refers to system_nrf52.o(i.SystemInit) for SystemInit
    arm_startup_nrf52.o(.text) refers to entry.o(.ARM.Collect$$$$00000000) for __main
    main.o(i.assert_nrf_callback) refers to app_error.o(i.app_error_handler) for app_error_handler
    main.o(i.ble_evt_dispatch) refers to ble_conn_params.o(i.ble_conn_params_on_ble_evt) for ble_conn_params_on_ble_evt
    main.o(i.ble_evt_dispatch) refers to glass_ble.o(i.ble_glass_on_ble_evt) for ble_glass_on_ble_evt
    main.o(i.ble_evt_dispatch) refers to app_error.o(i.app_error_handler_bare) for app_error_handler_bare
    main.o(i.ble_evt_dispatch) refers to ble_advertising.o(i.ble_advertising_on_ble_evt) for ble_advertising_on_ble_evt
    main.o(i.ble_evt_dispatch) refers to main.o(.bss) for .bss
    main.o(i.ble_evt_dispatch) refers to main.o(.data) for .data
    main.o(i.ble_stack_init) refers to softdevice_handler.o(i.softdevice_handler_init) for softdevice_handler_init
    main.o(i.ble_stack_init) refers to app_error.o(i.app_error_handler_bare) for app_error_handler_bare
    main.o(i.ble_stack_init) refers to softdevice_handler.o(i.softdevice_enable_get_default_config) for softdevice_enable_get_default_config
    main.o(i.ble_stack_init) refers to softdevice_handler.o(i.sd_check_ram_start) for sd_check_ram_start
    main.o(i.ble_stack_init) refers to softdevice_handler.o(i.softdevice_enable) for softdevice_enable
    main.o(i.ble_stack_init) refers to softdevice_handler.o(i.softdevice_ble_evt_handler_set) for softdevice_ble_evt_handler_set
    main.o(i.ble_stack_init) refers to main.o(.constdata) for .constdata
    main.o(i.ble_stack_init) refers to main.o(.bss) for .bss
    main.o(i.ble_stack_init) refers to main.o(i.ble_evt_dispatch) for ble_evt_dispatch
    main.o(i.conn_params_error_handler) refers to app_error.o(i.app_error_handler_bare) for app_error_handler_bare
    main.o(i.glass_data_handler) refers to nrf_log.o(i.log_rtt_printf) for log_rtt_printf
    main.o(i.main) refers to malloc.o(i.malloc) for malloc
    main.o(i.main) refers to app_timer.o(i.app_timer_init) for app_timer_init
    main.o(i.main) refers to app_error.o(i.app_error_handler_bare) for app_error_handler_bare
    main.o(i.main) refers to main.o(i.ble_stack_init) for ble_stack_init
    main.o(i.main) refers to glass_ble.o(i.ble_glass_init) for ble_glass_init
    main.o(i.main) refers to memseta.o(.text) for __aeabi_memclr4
    main.o(i.main) refers to ble_advertising.o(i.ble_advertising_init) for ble_advertising_init
    main.o(i.main) refers to ble_conn_params.o(i.ble_conn_params_init) for ble_conn_params_init
    main.o(i.main) refers to ble_advertising.o(i.ble_advertising_start) for ble_advertising_start
    main.o(i.main) refers to nrf_log.o(i.log_rtt_printf) for log_rtt_printf
    main.o(i.main) refers to bmi160.o(i.bmi160_nrf5_init) for bmi160_nrf5_init
    main.o(i.main) refers to bmi160.o(i.bmi160_fifo_config) for bmi160_fifo_config
    main.o(i.main) refers to nrf_delay.o(i.nrf_delay_ms) for nrf_delay_ms
    main.o(i.main) refers to bmi160.o(i.bmi160_read_fifo) for bmi160_read_fifo
    main.o(i.main) refers to glass_ble.o(i.ble_glass_send) for ble_glass_send
    main.o(i.main) refers to main.o(.bss) for .bss
    main.o(i.main) refers to main.o(i.glass_data_handler) for glass_data_handler
    main.o(i.main) refers to main.o(.data) for .data
    main.o(i.main) refers to main.o(i.on_adv_evt) for on_adv_evt
    main.o(i.main) refers to main.o(i.on_conn_params_evt) for on_conn_params_evt
    main.o(i.main) refers to main.o(i.conn_params_error_handler) for conn_params_error_handler
    main.o(i.on_conn_params_evt) refers to app_error.o(i.app_error_handler_bare) for app_error_handler_bare
    main.o(i.on_conn_params_evt) refers to main.o(.data) for .data
[...]
    ..\\nRF_Library\\src\\bootloader_util.c  0x00000000   Number         0  bootloader_util.o ABSOLUTE
    ..\\nRF_Library\\src\\dfu_app_handler.c  0x00000000   Number         0  dfu_app_handler.o ABSOLUTE
    ..\\nRF_Library\\src\\fstorage.c         0x00000000   Number         0  fstorage.o ABSOLUTE
    ..\\nRF_Library\\src\\nrf_assert.c       0x00000000   Number         0  nrf_assert.o ABSOLUTE
    ..\\nRF_Library\\src\\nrf_log.c          0x00000000   Number         0  nrf_log.o ABSOLUTE
    ..\nRF_APP\src\accel\bmi160.c            0x00000000   Number         0  bmi160.o ABSOLUTE
    ..\nRF_APP\src\glass_app.c               0x00000000   Number         0  glass_app.o ABSOLUTE
    ..\nRF_APP\src\glass_ble.c               0x00000000   Number         0  glass_ble.o ABSOLUTE
    ..\nRF_APP\src\glass_calc.c              0x00000000   Number         0  glass_calc.o ABSOLUTE
    ..\nRF_APP\src\main.c                    0x00000000   Number         0  main.o ABSOLUTE
    ..\nRF_APP\src\motor\motor.c             0x00000000   Number         0  motor.o ABSOLUTE
    ..\nRF_APP\src\sys_debug.c               0x00000000   Number         0  sys_debug.o ABSOLUTE
    ..\nRF_APP\src\tof\vl53l1.c              0x00000000   Number         0  vl53l1.o ABSOLUTE
    ..\nRF_APP\src\tof\vl53l1_api.c          0x00000000   Number         0  vl53l1_api.o ABSOLUTE
    ..\nRF_APP\src\tof\vl53l1_api_calibration.c 0x00000000   Number         0  vl53l1_api_calibration.o ABSOLUTE
    ..\nRF_APP\src\tof\vl53l1_api_core.c     0x00000000   Number         0  vl53l1_api_core.o ABSOLUTE
    ..\nRF_APP\src\tof\vl53l1_api_debug.c    0x00000000   Number         0  vl53l1_api_debug.o ABSOLUTE
    ..\nRF_APP\src\tof\vl53l1_api_preset_modes.c 0x00000000   Number         0  vl53l1_api_preset_modes.o ABSOLUTE
    ..\nRF_APP\src\tof\vl53l1_api_strings.c  0x00000000   Number         0  vl53l1_api_strings.o ABSOLUTE
    ..\nRF_APP\src\tof\vl53l1_core.c         0x00000000   Number         0  vl53l1_core.o ABSOLUTE
    ..\nRF_APP\src\tof\vl53l1_core_support.c 0x00000000   Number         0  vl53l1_core_support.o ABSOLUTE
    ..\nRF_APP\src\tof\vl53l1_error_strings.c 0x00000000   Number         0  vl53l1_error_strings.o ABSOLUTE
    ..\nRF_APP\src\tof\vl53l1_register_funcs.c 0x00000000   Number         0  vl53l1_register_funcs.o ABSOLUTE
    ..\nRF_APP\src\tof\vl53l1_silicon_core.c 0x00000000   Number         0  vl53l1_silicon_core.o ABSOLUTE
    ..\nRF_APP\src\tof\vl53l1_wait.c         0x00000000   Number         0  vl53l1_wait.o ABSOLUTE
    ..\nRF_APP\src\touch\zw101g.c            0x00000000   Number         0  zw101g.o ABSOLUTE
    ..\nRF_Ble\src\ble_advdata.c             0x00000000   Number         0  ble_advdata.o ABSOLUTE
    ..\nRF_Ble\src\ble_advertising.c         0x00000000   Number         0  ble_advertising.o ABSOLUTE
    ..\nRF_Ble\src\ble_bas.c                 0x00000000   Number         0  ble_bas.o ABSOLUTE
    ..\nRF_Ble\src\ble_conn_params.c         0x00000000   Number         0  ble_conn_params.o ABSOLUTE
    ..\nRF_Ble\src\ble_dfu.c                 0x00000000   Number         0  ble_dfu.o ABSOLUTE
    ..\nRF_Ble\src\ble_dis.c                 0x00000000   Number         0  ble_dis.o ABSOLUTE
    ..\nRF_Ble\src\ble_hrs.c                 0x00000000   Number         0  ble_hrs.o ABSOLUTE
    ..\nRF_Ble\src\ble_nus.c                 0x00000000   Number         0  ble_nus.o ABSOLUTE
    ..\nRF_Ble\src\ble_srv_common.c          0x00000000   Number         0  ble_srv_common.o ABSOLUTE
    ..\nRF_Ble\src\device_manager_peripheral.c 0x00000000   Number         0  device_manager_peripheral.o ABSOLUTE
    ..\nRF_Bsp\src\bsp.c                     0x00000000   Number         0  bsp.o ABSOLUTE
    ..\nRF_Bsp\src\bsp_btn_ble.c             0x00000000   Number         0  bsp_btn_ble.o ABSOLUTE
    ..\nRF_Device\src\softdevice_handler.c   0x00000000   Number         0  softdevice_handler.o ABSOLUTE
    ..\nRF_Device\src\system_nrf52.c         0x00000000   Number         0  system_nrf52.o ABSOLUTE
    ..\nRF_Driver\src\app_uart_fifo.c        0x00000000   Number         0  app_uart_fifo.o ABSOLUTE
    ..\nRF_Driver\src\nrf_delay.c            0x00000000   Number         0  nrf_delay.o ABSOLUTE
    ..\nRF_Driver\src\nrf_drv_common.c       0x00000000   Number         0  nrf_drv_common.o ABSOLUTE
    ..\nRF_Driver\src\nrf_drv_gpiote.c       0x00000000   Number         0  nrf_drv_gpiote.o ABSOLUTE
    ..\nRF_Driver\src\nrf_drv_twi.c          0x00000000   Number         0  nrf_drv_twi.o ABSOLUTE
    ..\nRF_Driver\src\nrf_drv_uart.c         0x00000000   Number         0  nrf_drv_uart.o ABSOLUTE
    ..\nRF_Driver\src\pstorage.c             0x00000000   Number         0  pstorage.o ABSOLUTE
    ..\nRF_Library\src\RTT_Syscalls_KEIL.c   0x00000000   Number         0  rtt_syscalls_keil.o ABSOLUTE
    ..\nRF_Library\src\SEGGER_RTT.c          0x00000000   Number         0  segger_rtt.o ABSOLUTE
    ..\nRF_Library\src\SEGGER_RTT_printf.c   0x00000000   Number         0  segger_rtt_printf.o ABSOLUTE
    ..\nRF_Library\src\app_button.c          0x00000000   Number         0  app_button.o ABSOLUTE
    ..\nRF_Library\src\app_error.c           0x00000000   Number         0  app_error.o ABSOLUTE
    ..\nRF_Library\src\app_error_weak.c      0x00000000   Number         0  app_error_weak.o ABSOLUTE
    ..\nRF_Library\src\app_fifo.c            0x00000000   Number         0  app_fifo.o ABSOLUTE
    ..\nRF_Library\src\app_timer.c           0x00000000   Number         0  app_timer.o ABSOLUTE
    ..\nRF_Library\src\app_trace.c           0x00000000   Number         0  app_trace.o ABSOLUTE
    ..\nRF_Library\src\app_twi.c             0x00000000   Number         0  app_twi.o ABSOLUTE
    ..\nRF_Library\src\app_util_platform.c   0x00000000   Number         0  app_util_platform.o ABSOLUTE
    ..\nRF_Library\src\bootloader_util.c     0x00000000   Number         0  bootloader_util.o ABSOLUTE
    ..\nRF_Library\src\dfu_app_handler.c     0x00000000   Number         0  dfu_app_handler.o ABSOLUTE
    ..\nRF_Library\src\fstorage.c            0x00000000   Number         0  fstorage.o ABSOLUTE
    ..\nRF_Library\src\nrf_assert.c          0x00000000   Number         0  nrf_assert.o ABSOLUTE
    ..\nRF_Library\src\nrf_log.c             0x00000000   Number         0  nrf_log.o ABSOLUTE
    ..\nRF_Library\src\retarget.c            0x00000000   Number         0  retarget.o ABSOLUTE
    ..\nRF_Library\src\sensorsim.c           0x00000000   Number         0  sensorsim.o ABSOLUTE
    arm_startup_nrf52.s                      0x00000000   Number         0  arm_startup_nrf52.o ABSOLUTE
    dc.s                                     0x00000000   Number         0  dc.o ABSOLUTE
    handlers.s                               0x00000000   Number         0  handlers.o ABSOLUTE
    init.s                                   0x00000000   Number         0  init.o ABSOLUTE
    RESET                                    0x0001c000   Section     1024  arm_startup_nrf52.o(RESET)
    .ARM.Collect$$$$00000000                 0x0001c400   Section        0  entry.o(.ARM.Collect$$$$00000000)
    .ARM.Collect$$$$00000001                 0x0001c400   Section        4  entry2.o(.ARM.Collect$$$$00000001)
    .ARM.Collect$$$$00000004                 0x0001c404   Section        4  entry5.o(.ARM.Collect$$$$00000004)
    .ARM.Collect$$$$00000008                 0x0001c408   Section        0  entry7b.o(.ARM.Collect$$$$00000008)
    .ARM.Collect$$$$0000000A                 0x0001c408   Section        0  entry8b.o(.ARM.Collect$$$$0000000A)
    .ARM.Collect$$$$0000000B                 0x0001c408   Section        8  entry9a.o(.ARM.Collect$$$$0000000B)
    .ARM.Collect$$$$0000000E                 0x0001c410   Section        4  entry12b.o(.ARM.Collect$$$$0000000E)
    .ARM.Collect$$$$0000000F                 0x0001c414   Section        0  entry10a.o(.ARM.Collect$$$$0000000F)
    .ARM.Collect$$$$00000011                 0x0001c414   Section        0  entry11a.o(.ARM.Collect$$$$00000011)
    .ARM.Collect$$$$00002712                 0x0001c414   Section        4  entry2.o(.ARM.Collect$$$$00002712)
    __lit__00000000                          0x0001c414   Data           4  entry2.o(.ARM.Collect$$$$00002712)
    .emb_text                                0x0001c418   Section      118  nrf_delay.o(.emb_text)
    $v0                                      0x0001c418   Number         0  nrf_delay.o(.emb_text)
    .emb_text                                0x0001c490   Section      118  nrf_drv_twi.o(.emb_text)
    $v0                                      0x0001c490   Number         0  nrf_drv_twi.o(.emb_text)
    .emb_text                                0x0001c508   Section      118  app_timer.o(.emb_text)
    $v0                                      0x0001c508   Number         0  app_timer.o(.emb_text)
    .text                                    0x0001c580   Section       36  arm_startup_nrf52.o(.text)
    $v0                                      0x0001c580   Number         0  arm_startup_nrf52.o(.text)
    .text                                    0x0001c5a4   Section        0  memmovea.o(.text)
    .text                                    0x0001c5e4   Section        0  memseta.o(.text)
    .text                                    0x0001c608   Section        0  strcpy.o(.text)
    .text                                    0x0001c61c   Section       36  init.o(.text)
    i.GPIOTE_IRQHandler                      0x0001c640   Section        0  nrf_drv_gpiote.o(i.GPIOTE_IRQHandler)
    i.RTC1_IRQHandler                        0x0001c788   Section        0  app_timer.o(i.RTC1_IRQHandler)
    i.SEGGER_RTT_ConfigDownBuffer            0x0001c7ac   Section        0  segger_rtt.o(i.SEGGER_RTT_ConfigDownBuffer)
    i.SEGGER_RTT_ConfigUpBuffer              0x0001c7fc   Section        0  segger_rtt.o(i.SEGGER_RTT_ConfigUpBuffer)
    i.SEGGER_RTT_Write                       0x0001c84c   Section        0  segger_rtt.o(i.SEGGER_RTT_Write)
    i.SEGGER_RTT_WriteNoLock                 0x0001c870   Section        0  segger_rtt.o(i.SEGGER_RTT_WriteNoLock)
    i.SEGGER_RTT_vprintf                     0x0001c8cc   Section        0  segger_rtt_printf.o(i.SEGGER_RTT_vprintf)
    i.SPIM0_SPIS0_TWIM0_TWIS0_SPI0_TWI0_IRQHandler 0x0001ca64   Section        0  nrf_drv_twi.o(i.SPIM0_SPIS0_TWIM0_TWIS0_SPI0_TWI0_IRQHandler)
    i.SPIM1_SPIS1_TWIM1_TWIS1_SPI1_TWI1_IRQHandler 0x0001ca74   Section        0  nrf_drv_twi.o(i.SPIM1_SPIS1_TWIM1_TWIS1_SPI1_TWI1_IRQHandler)
    i.SWI0_EGU0_IRQHandler                   0x0001ca84   Section        0  app_timer.o(i.SWI0_EGU0_IRQHandler)
    i.SWI2_EGU2_IRQHandler                   0x0001ca88   Section        0  softdevice_handler.o(i.SWI2_EGU2_IRQHandler)
    i.SystemInit                             0x0001caac   Section        0  system_nrf52.o(i.SystemInit)
    i.UARTE0_UART0_IRQHandler                0x0001cd18   Section        0  nrf_drv_uart.o(i.UARTE0_UART0_IRQHandler)
    i._DoInit                                0x0001cd2c   Section        0  segger_rtt.o(i._DoInit)
    _DoInit                                  0x0001cd2d   Thumb Code    76  segger_rtt.o(i._DoInit)
    i._GetAvailWriteSpace                    0x0001cd94   Section        0  segger_rtt.o(i._GetAvailWriteSpace)
    _GetAvailWriteSpace                      0x0001cd95   Thumb Code    22  segger_rtt.o(i._GetAvailWriteSpace)
    i._PrintInt                              0x0001cdac   Section        0  segger_rtt_printf.o(i._PrintInt)
    _PrintInt                                0x0001cdad   Thumb Code   198  segger_rtt_printf.o(i._PrintInt)
    i._PrintUnsigned                         0x0001ce74   Section        0  segger_rtt_printf.o(i._PrintUnsigned)
    _PrintUnsigned                           0x0001ce75   Thumb Code   206  segger_rtt_printf.o(i._PrintUnsigned)
    i._StoreChar                             0x0001cf48   Section        0  segger_rtt_printf.o(i._StoreChar)
    _StoreChar                               0x0001cf49   Thumb Code    62  segger_rtt_printf.o(i._StoreChar)
    i._WriteBlocking                         0x0001cf86   Section        0  segger_rtt.o(i._WriteBlocking)
    _WriteBlocking                           0x0001cf87   Thumb Code    90  segger_rtt.o(i._WriteBlocking)
    i._WriteNoCheck                          0x0001cfe0   Section        0  segger_rtt.o(i._WriteNoCheck)
    _WriteNoCheck                            0x0001cfe1   Thumb Code    62  segger_rtt.o(i._WriteNoCheck)
    i.__NVIC_ClearPendingIRQ                 0x0001d01e   Section        0  app_timer.o(i.__NVIC_ClearPendingIRQ)
    __NVIC_ClearPendingIRQ                   0x0001d01f   Thumb Code    26  app_timer.o(i.__NVIC_ClearPendingIRQ)
    i.__NVIC_EnableIRQ                       0x0001d038   Section        0  app_timer.o(i.__NVIC_EnableIRQ)
    __NVIC_EnableIRQ                         0x0001d039   Thumb Code    26  app_timer.o(i.__NVIC_EnableIRQ)
    i.__NVIC_SetPendingIRQ                   0x0001d052   Section        0  app_timer.o(i.__NVIC_SetPendingIRQ)
    __NVIC_SetPendingIRQ                     0x0001d053   Thumb Code    26  app_timer.o(i.__NVIC_SetPendingIRQ)
    i.__NVIC_SetPriority                     0x0001d06c   Section        0  app_timer.o(i.__NVIC_SetPriority)
    __NVIC_SetPriority                       0x0001d06d   Thumb Code    32  app_timer.o(i.__NVIC_SetPriority)
    i.__scatterload_copy                     0x0001d08c   Section       14  handlers.o(i.__scatterload_copy)
    i.__scatterload_null                     0x0001d09a   Section        2  handlers.o(i.__scatterload_null)
    i.__scatterload_zeroinit                 0x0001d09c   Section       14  handlers.o(i.__scatterload_zeroinit)
    i.adv_data_encode                        0x0001d0aa   Section        0  ble_advdata.o(i.adv_data_encode)
    i.app_error_fault_handler                0x0001d2ac   Section        0  app_error_weak.o(i.app_error_fault_handler)
    i.app_error_handler_bare                 0x0001d2d0   Section        0  app_error.o(i.app_error_handler_bare)
    i.app_timer_create                       0x0001d2e8   Section        0  app_timer.o(i.app_timer_create)
    i.app_timer_init                         0x0001d310   Section        0  app_timer.o(i.app_timer_init)
    i.app_timer_start                        0x0001d3a0   Section        0  app_timer.o(i.app_timer_start)
    i.app_timer_stop                         0x0001d420   Section        0  app_timer.o(i.app_timer_stop)
    i.ble_advdata_set                        0x0001d470   Section        0  ble_advdata.o(i.ble_advdata_set)
    i.ble_advertising_init                   0x0001d4d8   Section        0  ble_advertising.o(i.ble_advertising_init)
    i.ble_advertising_on_ble_evt             0x0001d5f4   Section        0  ble_advertising.o(i.ble_advertising_on_ble_evt)
    i.ble_advertising_peer_address_clear     0x0001d674   Section        0  ble_advertising.o(i.ble_advertising_peer_address_clear)
    ble_advertising_peer_address_clear       0x0001d675   Thumb Code    12  ble_advertising.o(i.ble_advertising_peer_address_clear)
    i.ble_advertising_start                  0x0001d684   Section        0  ble_advertising.o(i.ble_advertising_start)
    i.ble_conn_params_init                   0x0001d864   Section        0  ble_conn_params.o(i.ble_conn_params_init)
    i.ble_conn_params_on_ble_evt             0x0001d8bc   Section        0  ble_conn_params.o(i.ble_conn_params_on_ble_evt)
    i.ble_device_addr_encode                 0x0001d940   Section        0  ble_advdata.o(i.ble_device_addr_encode)
    ble_device_addr_encode                   0x0001d941   Thumb Code    94  ble_advdata.o(i.ble_device_addr_encode)
    i.ble_evt_dispatch                       0x0001d9a0   Section        0  main.o(i.ble_evt_dispatch)
    ble_evt_dispatch                         0x0001d9a1   Thumb Code    88  main.o(i.ble_evt_dispatch)
    i.ble_glass_init                         0x0001da00   Section        0  glass_ble.o(i.ble_glass_init)
    i.ble_glass_on_ble_evt                   0x0001da64   Section        0  glass_ble.o(i.ble_glass_on_ble_evt)
    i.ble_glass_send                         0x0001dab6   Section        0  glass_ble.o(i.ble_glass_send)
    i.ble_stack_init                         0x0001db04   Section        0  main.o(i.ble_stack_init)
    ble_stack_init                           0x0001db05   Thumb Code    86  main.o(i.ble_stack_init)
    i.bm160_read                             0x0001db6c   Section        0  bmi160.o(i.bm160_read)
    bm160_read                               0x0001db6d   Thumb Code    90  bmi160.o(i.bm160_read)
    i.bm160_write                            0x0001dbd0   Section        0  bmi160.o(i.bm160_write)
    bm160_write                              0x0001dbd1   Thumb Code    96  bmi160.o(i.bm160_write)
    i.bmi160_delay_ms                        0x0001dc38   Section        0  bmi160.o(i.bmi160_delay_ms)
    bmi160_delay_ms                          0x0001dc39   Thumb Code     4  bmi160.o(i.bmi160_delay_ms)
    i.bmi160_device_config                   0x0001dc3c   Section        0  bmi160.o(i.bmi160_device_config)
    i.bmi160_extract_accel                   0x0001dd60   Section        0  bmi160.o(i.bmi160_extract_accel)
    i.bmi160_extract_gyro                    0x0001dde0   Section        0  bmi160.o(i.bmi160_extract_gyro)
    i.bmi160_fifo_config                     0x0001de60   Section        0  bmi160.o(i.bmi160_fifo_config)
    i.bmi160_get_fifo_data                   0x0001dec0   Section        0  bmi160.o(i.bmi160_get_fifo_data)
    i.bmi160_get_offsets                     0x0001df3c   Section        0  bmi160.o(i.bmi160_get_offsets)
    i.bmi160_get_regs                        0x0001dfc8   Section        0  bmi160.o(i.bmi160_get_regs)
    i.bmi160_init                            0x0001e03e   Section        0  bmi160.o(i.bmi160_init)
    i.bmi160_nrf5_init                       0x0001e0ac   Section        0  bmi160.o(i.bmi160_nrf5_init)
    i.bmi160_read_fifo                       0x0001e0c4   Section        0  bmi160.o(i.bmi160_read_fifo)
    i.bmi160_set_fifo_config                 0x0001e134   Section        0  bmi160.o(i.bmi160_set_fifo_config)
    i.bmi160_set_power_mode                  0x0001e1b4   Section        0  bmi160.o(i.bmi160_set_power_mode)
    i.bmi160_set_regs                        0x0001e262   Section        0  bmi160.o(i.bmi160_set_regs)
    i.bmi160_set_sens_conf                   0x0001e2ec   Section        0  bmi160.o(i.bmi160_set_sens_conf)
    i.bmi160_soft_reset                      0x0001e3c6   Section        0  bmi160.o(i.bmi160_soft_reset)
    i.bmi160_start_foc                       0x0001e434   Section        0  bmi160.o(i.bmi160_start_foc)
    i.channel_port_get                       0x0001e4d8   Section        0  nrf_drv_gpiote.o(i.channel_port_get)
    channel_port_get                         0x0001e4d9   Thumb Code    10  nrf_drv_gpiote.o(i.channel_port_get)
    i.check_accel_config                     0x0001e4e8   Section        0  bmi160.o(i.check_accel_config)
    check_accel_config                       0x0001e4e9   Thumb Code   108  bmi160.o(i.check_accel_config)
    i.check_frame_validity                   0x0001e554   Section        0  bmi160.o(i.check_frame_validity)
    check_frame_validity                     0x0001e555   Thumb Code    34  bmi160.o(i.check_frame_validity)
    i.check_gyro_config                      0x0001e576   Section        0  bmi160.o(i.check_gyro_config)
    check_gyro_config                        0x0001e577   Thumb Code   110  bmi160.o(i.check_gyro_config)
    i.compare_reg_update                     0x0001e5e4   Section        0  app_timer.o(i.compare_reg_update)
    compare_reg_update                       0x0001e5e5   Thumb Code   160  app_timer.o(i.compare_reg_update)
    i.conn_int_encode                        0x0001e690   Section        0  ble_advdata.o(i.conn_int_encode)
    conn_int_encode                          0x0001e691   Thumb Code   136  ble_advdata.o(i.conn_int_encode)
    i.conn_params_error_handler              0x0001e718   Section        0  main.o(i.conn_params_error_handler)
    conn_params_error_handler                0x0001e719   Thumb Code     4  main.o(i.conn_params_error_handler)
    i.conn_params_negotiation                0x0001e71c   Section        0  ble_conn_params.o(i.conn_params_negotiation)
    conn_params_negotiation                  0x0001e71d   Thumb Code    78  ble_conn_params.o(i.conn_params_negotiation)
    i.elapsed_ticks_acquire                  0x0001e778   Section        0  app_timer.o(i.elapsed_ticks_acquire)
    elapsed_ticks_acquire                    0x0001e779   Thumb Code    58  app_timer.o(i.elapsed_ticks_acquire)
    i.extract_accel_header_mode              0x0001e7b8   Section        0  bmi160.o(i.extract_accel_header_mode)
    extract_accel_header_mode                0x0001e7b9   Thumb Code   200  bmi160.o(i.extract_accel_header_mode)
    i.extract_gyro_header_mode               0x0001e880   Section        0  bmi160.o(i.extract_gyro_header_mode)
    extract_gyro_header_mode                 0x0001e881   Thumb Code   194  bmi160.o(i.extract_gyro_header_mode)
    i.free                                   0x0001e944   Section        0  malloc.o(i.free)
    i.fs_queued_op_count_get                 0x0001e994   Section        0  fstorage.o(i.fs_queued_op_count_get)
    i.get_accel_len_to_parse                 0x0001e9a8   Section        0  bmi160.o(i.get_accel_len_to_parse)
    get_accel_len_to_parse                   0x0001e9a9   Thumb Code    84  bmi160.o(i.get_accel_len_to_parse)
    i.get_foc_status                         0x0001e9fc   Section        0  bmi160.o(i.get_foc_status)
    get_foc_status                           0x0001e9fd   Thumb Code    32  bmi160.o(i.get_foc_status)
    i.get_gyro_len_to_parse                  0x0001ea1c   Section        0  bmi160.o(i.get_gyro_len_to_parse)
    get_gyro_len_to_parse                    0x0001ea1d   Thumb Code    84  bmi160.o(i.get_gyro_len_to_parse)
    i.glass_data_handler                     0x0001ea70   Section        0  main.o(i.glass_data_handler)
    glass_data_handler                       0x0001ea71   Thumb Code    36  main.o(i.glass_data_handler)
    i.intern_softdevice_events_execute       0x0001eab0   Section        0  softdevice_handler.o(i.intern_softdevice_events_execute)
    i.irq_handler_twi                        0x0001eb20   Section        0  nrf_drv_twi.o(i.irq_handler_twi)
    irq_handler_twi                          0x0001eb21   Thumb Code   182  nrf_drv_twi.o(i.irq_handler_twi)
    i.is_conn_params_ok                      0x0001ebd8   Section        0  ble_conn_params.o(i.is_conn_params_ok)
    is_conn_params_ok                        0x0001ebd9   Thumb Code    24  ble_conn_params.o(i.is_conn_params_ok)
    i.le_role_encode                         0x0001ebf4   Section        0  ble_advdata.o(i.le_role_encode)
    le_role_encode                           0x0001ebf5   Thumb Code    84  ble_advdata.o(i.le_role_encode)
    i.list_deletions_handler                 0x0001ec48   Section        0  app_timer.o(i.list_deletions_handler)
    list_deletions_handler                   0x0001ec49   Thumb Code   178  app_timer.o(i.list_deletions_handler)
    i.list_insertions_handler                0x0001ed04   Section        0  app_timer.o(i.list_insertions_handler)
    list_insertions_handler                  0x0001ed05   Thumb Code   196  app_timer.o(i.list_insertions_handler)
    i.log_rtt_init                           0x0001edd0   Section        0  nrf_log.o(i.log_rtt_init)
    i.log_rtt_printf                         0x0001ee24   Section        0  nrf_log.o(i.log_rtt_printf)
    i.main                                   0x0001ee3c   Section        0  main.o(i.main)
    i.malloc                                 0x0001f09c   Section        0  malloc.o(i.malloc)
    i.manuf_specific_data_encode             0x0001f108   Section        0  ble_advdata.o(i.manuf_specific_data_encode)
    manuf_specific_data_encode               0x0001f109   Thumb Code   100  ble_advdata.o(i.manuf_specific_data_encode)
    i.move_next_frame                        0x0001f16c   Section        0  bmi160.o(i.move_next_frame)
    move_next_frame                          0x0001f16d   Thumb Code    20  bmi160.o(i.move_next_frame)
    i.name_encode                            0x0001f180   Section        0  ble_advdata.o(i.name_encode)
    name_encode                              0x0001f181   Thumb Code   156  ble_advdata.o(i.name_encode)
    i.nrf_delay_ms                           0x0001f21c   Section        0  nrf_delay.o(i.nrf_delay_ms)
    i.nrf_drv_common_irq_enable              0x0001f236   Section        0  nrf_drv_common.o(i.nrf_drv_common_irq_enable)
    i.nrf_drv_twi_enable                     0x0001f274   Section        0  nrf_drv_twi.o(i.nrf_drv_twi_enable)
    i.nrf_drv_twi_init                       0x0001f294   Section        0  nrf_drv_twi.o(i.nrf_drv_twi_init)
    i.nrf_drv_twi_rx                         0x0001f324   Section        0  nrf_drv_twi.o(i.nrf_drv_twi_rx)
    i.nrf_drv_twi_tx                         0x0001f348   Section        0  nrf_drv_twi.o(i.nrf_drv_twi_tx)
    i.nrf_drv_twi_xfer                       0x0001f36c   Section        0  nrf_drv_twi.o(i.nrf_drv_twi_xfer)
    i.nrf_gpio_cfg_sense_set                 0x0001f398   Section        0  nrf_drv_gpiote.o(i.nrf_gpio_cfg_sense_set)
    nrf_gpio_cfg_sense_set                   0x0001f399   Thumb Code    28  nrf_drv_gpiote.o(i.nrf_gpio_cfg_sense_set)
    i.nrf_gpio_pin_set                       0x0001f3b4   Section        0  nrf_drv_twi.o(i.nrf_gpio_pin_set)
    nrf_gpio_pin_set                         0x0001f3b5   Thumb Code    10  nrf_drv_twi.o(i.nrf_gpio_pin_set)
    i.nrf_gpiote_event_clear                 0x0001f3c4   Section        0  nrf_drv_gpiote.o(i.nrf_gpiote_event_clear)
    nrf_gpiote_event_clear                   0x0001f3c5   Thumb Code    16  nrf_drv_gpiote.o(i.nrf_gpiote_event_clear)
    i.nrf_gpiote_event_is_set                0x0001f3d8   Section        0  nrf_drv_gpiote.o(i.nrf_gpiote_event_is_set)
    nrf_gpiote_event_is_set                  0x0001f3d9   Thumb Code    12  nrf_drv_gpiote.o(i.nrf_gpiote_event_is_set)
    i.nrf_twi_event_check                    0x0001f3e8   Section        0  nrf_drv_twi.o(i.nrf_twi_event_check)
    nrf_twi_event_check                      0x0001f3e9   Thumb Code    10  nrf_drv_twi.o(i.nrf_twi_event_check)
    i.nrf_uart_event_check                   0x0001f3f2   Section        0  nrf_drv_uart.o(i.nrf_uart_event_check)
    nrf_uart_event_check                     0x0001f3f3   Thumb Code    10  nrf_drv_uart.o(i.nrf_uart_event_check)
    i.nrf_uart_int_enable_check              0x0001f3fc   Section        0  nrf_drv_uart.o(i.nrf_uart_int_enable_check)
    nrf_uart_int_enable_check                0x0001f3fd   Thumb Code    12  nrf_drv_uart.o(i.nrf_uart_int_enable_check)
    i.nrf_uarte_event_check                  0x0001f408   Section        0  nrf_drv_uart.o(i.nrf_uarte_event_check)
    nrf_uarte_event_check                    0x0001f409   Thumb Code    10  nrf_drv_uart.o(i.nrf_uarte_event_check)
    i.null_ptr_check                         0x0001f412   Section        0  bmi160.o(i.null_ptr_check)
    null_ptr_check                           0x0001f413   Thumb Code    24  bmi160.o(i.null_ptr_check)
    i.on_adv_evt                             0x0001f42a   Section        0  main.o(i.on_adv_evt)
    on_adv_evt                               0x0001f42b   Thumb Code     2  main.o(i.on_adv_evt)
    i.on_conn_params_evt                     0x0001f42c   Section        0  main.o(i.on_conn_params_evt)
    on_conn_params_evt                       0x0001f42d   Thumb Code    24  main.o(i.on_conn_params_evt)
    i.peer_address_exists                    0x0001f448   Section        0  ble_advertising.o(i.peer_address_exists)
    peer_address_exists                      0x0001f449   Thumb Code    20  ble_advertising.o(i.peer_address_exists)
    i.process_under_sampling                 0x0001f45c   Section        0  bmi160.o(i.process_under_sampling)
    process_under_sampling                   0x0001f45d   Thumb Code    96  bmi160.o(i.process_under_sampling)
    i.pstorage_access_status_get             0x0001f4bc   Section        0  pstorage.o(i.pstorage_access_status_get)
    i.ram_end_address_get                    0x0001f4e0   Section        0  softdevice_handler.o(i.ram_end_address_get)
    ram_end_address_get                      0x0001f4e1   Thumb Code    16  softdevice_handler.o(i.ram_end_address_get)
    i.rtc1_stop                              0x0001f4f0   Section        0  app_timer.o(i.rtc1_stop)
    rtc1_stop                                0x0001f4f1   Thumb Code    60  app_timer.o(i.rtc1_stop)
    i.rx_byte                                0x0001f534   Section        0  nrf_drv_uart.o(i.rx_byte)
    rx_byte                                  0x0001f535   Thumb Code    38  nrf_drv_uart.o(i.rx_byte)
    i.rx_character_add                       0x0001f564   Section        0  glass_ble.o(i.rx_character_add)
    rx_character_add                         0x0001f565   Thumb Code   218  glass_ble.o(i.rx_character_add)
    i.rx_done_event                          0x0001f640   Section        0  nrf_drv_uart.o(i.rx_done_event)
    rx_done_event                            0x0001f641   Thumb Code    26  nrf_drv_uart.o(i.rx_done_event)
    i.sd_check_ram_start                     0x0001f660   Section        0  softdevice_handler.o(i.sd_check_ram_start)
    i.sd_nvic_EnableIRQ                      0x0001f6ec   Section        0  softdevice_handler.o(i.sd_nvic_EnableIRQ)
    sd_nvic_EnableIRQ                        0x0001f6ed   Thumb Code   132  softdevice_handler.o(i.sd_nvic_EnableIRQ)
    i.service_data_encode                    0x0001f778   Section        0  ble_advdata.o(i.service_data_encode)
    service_data_encode                      0x0001f779   Thumb Code   136  ble_advdata.o(i.service_data_encode)
    i.softdevice_ble_evt_handler_set         0x0001f800   Section        0  softdevice_handler.o(i.softdevice_ble_evt_handler_set)
    i.softdevice_enable                      0x0001f814   Section        0  softdevice_handler.o(i.softdevice_enable)
    i.softdevice_enable_get_default_config   0x0001f910   Section        0  softdevice_handler.o(i.softdevice_enable_get_default_config)
    i.softdevice_fault_handler               0x0001f936   Section        0  softdevice_handler.o(i.softdevice_fault_handler)
    i.softdevice_handler_init                0x0001f93c   Section        0  softdevice_handler.o(i.softdevice_handler_init)
    i.timer_list_handler                     0x0001f988   Section        0  app_timer.o(i.timer_list_handler)
    timer_list_handler                       0x0001f989   Thumb Code   134  app_timer.o(i.timer_list_handler)
    i.timer_list_insert                      0x0001fa14   Section        0  app_timer.o(i.timer_list_insert)
    timer_list_insert                        0x0001fa15   Thumb Code    56  app_timer.o(i.timer_list_insert)
    i.timer_timeouts_check                   0x0001fa50   Section        0  app_timer.o(i.timer_timeouts_check)
    timer_timeouts_check                     0x0001fa51   Thumb Code   124  app_timer.o(i.timer_timeouts_check)
    i.trigger_foc                            0x0001fad4   Section        0  bmi160.o(i.trigger_foc)
    trigger_foc                              0x0001fad5   Thumb Code   120  bmi160.o(i.trigger_foc)
    i.twi_bmi160_init                        0x0001fb4c   Section        0  bmi160.o(i.twi_bmi160_init)
    i.twi_clear_bus                          0x0001fb7c   Section        0  nrf_drv_twi.o(i.twi_clear_bus)
    twi_clear_bus                            0x0001fb7d   Thumb Code   170  nrf_drv_twi.o(i.twi_clear_bus)
    i.twi_handler                            0x0001fc2c   Section        0  bmi160.o(i.twi_handler)
    twi_handler                              0x0001fc2d   Thumb Code    40  bmi160.o(i.twi_handler)
    i.twi_rx_start_transfer                  0x0001fcc8   Section        0  nrf_drv_twi.o(i.twi_rx_start_transfer)
    twi_rx_start_transfer                    0x0001fcc9   Thumb Code   124  nrf_drv_twi.o(i.twi_rx_start_transfer)
    i.twi_send_byte                          0x0001fd44   Section        0  nrf_drv_twi.o(i.twi_send_byte)
    twi_send_byte                            0x0001fd45   Thumb Code    40  nrf_drv_twi.o(i.twi_send_byte)
    i.twi_transfer                           0x0001fd6c   Section        0  nrf_drv_twi.o(i.twi_transfer)
    twi_transfer                             0x0001fd6d   Thumb Code   242  nrf_drv_twi.o(i.twi_transfer)
    i.twi_tx_start_transfer                  0x0001fe5e   Section        0  nrf_drv_twi.o(i.twi_tx_start_transfer)
    twi_tx_start_transfer                    0x0001fe5f   Thumb Code   124  nrf_drv_twi.o(i.twi_tx_start_transfer)
    i.twi_xfer                               0x0001feda   Section        0  nrf_drv_twi.o(i.twi_xfer)
    twi_xfer                                 0x0001fedb   Thumb Code   140  nrf_drv_twi.o(i.twi_xfer)
    i.tx_byte                                0x0001ff68   Section        0  nrf_drv_uart.o(i.tx_byte)
    tx_byte                                  0x0001ff69   Thumb Code    28  nrf_drv_uart.o(i.tx_byte)
    i.tx_character_add                       0x0001ff8c   Section        0  glass_ble.o(i.tx_character_add)
    tx_character_add                         0x0001ff8d   Thumb Code   162  glass_ble.o(i.tx_character_add)
    i.tx_done_event                          0x00020030   Section        0  nrf_drv_uart.o(i.tx_done_event)
    tx_done_event                            0x00020031   Thumb Code    30  nrf_drv_uart.o(i.tx_done_event)
    i.uart_irq_handler                       0x00020054   Section        0  nrf_drv_uart.o(i.uart_irq_handler)
    uart_irq_handler                         0x00020055   Thumb Code   254  nrf_drv_uart.o(i.uart_irq_handler)
    i.uarte_irq_handler                      0x0002015c   Section        0  nrf_drv_uart.o(i.uarte_irq_handler)
    uarte_irq_handler                        0x0002015d   Thumb Code   206  nrf_drv_uart.o(i.uarte_irq_handler)
    i.uint16_encode                          0x00020234   Section        0  ble_advdata.o(i.uint16_encode)
    uint16_encode                            0x00020235   Thumb Code    10  ble_advdata.o(i.uint16_encode)
    i.unpack_accel_data                      0x0002023e   Section        0  bmi160.o(i.unpack_accel_data)
    unpack_accel_data                        0x0002023f   Thumb Code    66  bmi160.o(i.unpack_accel_data)
    i.unpack_accel_frame                     0x00020280   Section        0  bmi160.o(i.unpack_accel_frame)
    unpack_accel_frame                       0x00020281   Thumb Code   258  bmi160.o(i.unpack_accel_frame)
    i.unpack_gyro_data                       0x00020382   Section        0  bmi160.o(i.unpack_gyro_data)
    unpack_gyro_data                         0x00020383   Thumb Code    66  bmi160.o(i.unpack_gyro_data)
    i.unpack_gyro_frame                      0x000203c4   Section        0  bmi160.o(i.unpack_gyro_frame)
    unpack_gyro_frame                        0x000203c5   Thumb Code   250  bmi160.o(i.unpack_gyro_frame)
    i.unpack_sensortime_frame                0x000204be   Section        0  bmi160.o(i.unpack_sensortime_frame)
    unpack_sensortime_frame                  0x000204bf   Thumb Code    42  bmi160.o(i.unpack_sensortime_frame)
    i.unpack_skipped_frame                   0x000204e8   Section        0  bmi160.o(i.unpack_skipped_frame)
    unpack_skipped_frame                     0x000204e9   Thumb Code    28  bmi160.o(i.unpack_skipped_frame)
    i.update_timeout_handler                 0x00020504   Section        0  ble_conn_params.o(i.update_timeout_handler)
    update_timeout_handler                   0x00020505   Thumb Code    88  ble_conn_params.o(i.update_timeout_handler)
    i.user_id_get                            0x00020564   Section        0  app_timer.o(i.user_id_get)
    user_id_get                              0x00020565   Thumb Code    62  app_timer.o(i.user_id_get)
    i.user_op_alloc                          0x000205a2   Section        0  app_timer.o(i.user_op_alloc)
    user_op_alloc                            0x000205a3   Thumb Code    40  app_timer.o(i.user_op_alloc)
    i.uuid_list_encode                       0x000205ca   Section        0  ble_advdata.o(i.uuid_list_encode)
    uuid_list_encode                         0x000205cb   Thumb Code    48  ble_advdata.o(i.uuid_list_encode)
    i.uuid_list_sized_encode                 0x000205fa   Section        0  ble_advdata.o(i.uuid_list_sized_encode)
    uuid_list_sized_encode                   0x000205fb   Thumb Code   158  ble_advdata.o(i.uuid_list_sized_encode)
    i.whitelist_has_entries                  0x00020698   Section        0  ble_advertising.o(i.whitelist_has_entries)
    whitelist_has_entries                    0x00020699   Thumb Code    14  ble_advertising.o(i.whitelist_has_entries)
    .constdata                               0x000206a8   Section        4  main.o(.constdata)
    .constdata                               0x000206ac   Section       48  bmi160.o(.constdata)
    twi_bmi160                               0x000206b4   Data           8  bmi160.o(.constdata)
    .constdata                               0x000206dc   Section       16  glass_ble.o(.constdata)
    .constdata                               0x000206ec   Section        4  ble_conn_params.o(.constdata)
    m_conn_params_timer_id                   0x000206ec   Data           4  ble_conn_params.o(.constdata)
    .constdata                               0x000206f0   Section       44  nrf_drv_twi.o(.constdata)
    m_default_config                         0x000206f0   Data          32  nrf_drv_twi.o(.constdata)
    .constdata                               0x0002071c   Section       16  segger_rtt_printf.o(.constdata)
    _aV2C                                    0x0002071c   Data          16  segger_rtt_printf.o(.constdata)
    .data                                    0x20001fe8   Section        6  main.o(.data)
    m_conn_handle                            0x20001fe8   Data           2  main.o(.data)
    m_adv_uuids                              0x20001fea   Data           4  main.o(.data)
    .data                                    0x20001fee   Section        1  bmi160.o(.data)
    m_xfer_done                              0x20001fee   Data           1  bmi160.o(.data)
    .data                                    0x20001ff0   Section       31  ble_advertising.o(.data)
    m_advertising_start_pending              0x20001ff0   Data           1  ble_advertising.o(.data)
    m_whitelist_temporarily_disabled         0x20001ff1   Data           1  ble_advertising.o(.data)
    m_whitelist_reply_expected               0x20001ff2   Data           1  ble_advertising.o(.data)
    m_peer_addr_reply_expected               0x20001ff3   Data           1  ble_advertising.o(.data)
    m_adv_evt                                0x20001ff4   Data           1  ble_advertising.o(.data)
    m_adv_mode_current                       0x20001ff5   Data           1  ble_advertising.o(.data)
    m_tx_power_level                         0x20001ff6   Data           1  ble_advertising.o(.data)
    current_slave_link_conn_handle           0x20001ff8   Data           2  ble_advertising.o(.data)
    m_evt_handler                            0x20001ffc   Data           4  ble_advertising.o(.data)
    m_error_handler                          0x20002000   Data           4  ble_advertising.o(.data)
    m_slave_conn_int                         0x20002004   Data           4  ble_advertising.o(.data)
    m_peer_address                           0x20002008   Data           7  ble_advertising.o(.data)
    .data                                    0x20002010   Section       20  ble_conn_params.o(.data)
    m_change_param                           0x20002010   Data           1  ble_conn_params.o(.data)
    m_update_count                           0x20002011   Data           1  ble_conn_params.o(.data)
    m_conn_handle                            0x20002012   Data           2  ble_conn_params.o(.data)
    m_preferred_conn_params                  0x20002014   Data           8  ble_conn_params.o(.data)
    m_current_conn_params                    0x2000201c   Data           8  ble_conn_params.o(.data)
    .data                                    0x20002024   Section       20  softdevice_handler.o(.data)
    m_softdevice_enabled                     0x20002024   Data           1  softdevice_handler.o(.data)
    m_ble_evt_buffer_size                    0x20002026   Data           2  softdevice_handler.o(.data)
    m_evt_schedule_func                      0x20002028   Data           4  softdevice_handler.o(.data)
    mp_ble_evt_buffer                        0x2000202c   Data           4  softdevice_handler.o(.data)
    m_ble_evt_handler                        0x20002030   Data           4  softdevice_handler.o(.data)
    m_sys_evt_handler                        0x20002034   Data           4  softdevice_handler.o(.data)
    .data                                    0x20002038   Section        4  system_nrf52.o(.data)
    __tagsym$$used                           0x20002038   Number         0  system_nrf52.o(.data)
    .data                                    0x2000203c   Section       36  pstorage.o(.data)
    m_state                                  0x2000203c   Data           1  pstorage.o(.data)
    m_swap_sub_state                         0x2000203d   Data           1  pstorage.o(.data)
    m_next_app_instance                      0x2000203e   Data           2  pstorage.o(.data)
    m_flags                                  0x20002040   Data           4  pstorage.o(.data)
    m_next_page_addr                         0x20002044   Data           4  pstorage.o(.data)
    m_head_word_size                         0x20002048   Data           4  pstorage.o(.data)
    m_tail_word_size                         0x2000204c   Data           4  pstorage.o(.data)
    m_current_page_id                        0x20002050   Data           4  pstorage.o(.data)
    m_num_of_command_retries                 0x20002054   Data           4  pstorage.o(.data)
    m_num_of_bytes_written                   0x20002058   Data           4  pstorage.o(.data)
    m_app_data_size                          0x2000205c   Data           4  pstorage.o(.data)
    .data                                    0x20002060   Section       32  app_timer.o(.data)
    m_user_array_size                        0x20002060   Data           1  app_timer.o(.data)
    m_ticks_elapsed_q_read_ind               0x20002061   Data           1  app_timer.o(.data)
    m_ticks_elapsed_q_write_ind              0x20002062   Data           1  app_timer.o(.data)
    m_rtc1_running                           0x20002063   Data           1  app_timer.o(.data)
    m_rtc1_reset                             0x20002064   Data           1  app_timer.o(.data)
    mp_users                                 0x20002068   Data           4  app_timer.o(.data)
    mp_timer_id_head                         0x2000206c   Data           4  app_timer.o(.data)
    m_ticks_latest                           0x20002070   Data           4  app_timer.o(.data)
    m_evt_schedule_func                      0x20002074   Data           4  app_timer.o(.data)
    m_ticks_elapsed                          0x20002078   Data           8  app_timer.o(.data)
    .data                                    0x20002080   Section        4  nrf_log.o(.data)
    initialized                              0x20002080   Data           1  nrf_log.o(.data)
    hex_string                               0x20002081   Data           3  nrf_log.o(.data)
    .data                                    0x20002084   Section        4  mvars.o(.data)
    .data                                    0x20002088   Section        4  mvars.o(.data)
    .bss                                     0x2000208c   Section      556  main.o(.bss)
    BLE_EVT_BUFFER                           0x2000208c   Data          72  main.o(.bss)
    APP_TIMER_BUF                            0x200020d4   Data         456  main.o(.bss)
    m_glass                                  0x2000229c   Data          28  main.o(.bss)
    .bss                                     0x200022b8   Section       68  bmi160.o(.bss)
    device                                   0x200022b8   Data          44  bmi160.o(.bss)
    fifo_frame                               0x200022e4   Data          24  bmi160.o(.bss)
    .bss                                     0x200022fc   Section      259  ble_advertising.o(.bss)
    m_advdata                                0x200022fc   Data          56  ble_advertising.o(.bss)
    m_adv_modes_config                       0x20002334   Data          36  ble_advertising.o(.bss)
    m_whitelist                              0x20002358   Data          16  ble_advertising.o(.bss)
    mp_whitelist_addr                        0x20002368   Data          32  ble_advertising.o(.bss)
    mp_whitelist_irk                         0x20002388   Data          32  ble_advertising.o(.bss)
    m_manuf_specific_data                    0x200023a8   Data          12  ble_advertising.o(.bss)
    m_manuf_data_array                       0x200023b4   Data          31  ble_advertising.o(.bss)
    m_service_data                           0x200023d4   Data          12  ble_advertising.o(.bss)
    m_service_data_array                     0x200023e0   Data          31  ble_advertising.o(.bss)
    .bss                                     0x20002400   Section       32  ble_conn_params.o(.bss)
    m_conn_params_timer_id_data              0x20002400   Data          32  ble_conn_params.o(.bss)
    .bss                                     0x20002420   Section       28  ble_conn_params.o(.bss)
    m_conn_params_config                     0x20002420   Data          28  ble_conn_params.o(.bss)
    .bss                                     0x2000243c   Section       12  softdevice_handler.o(.bss)
    .bss                                     0x20002448   Section       88  nrf_drv_gpiote.o(.bss)
    m_cb                                     0x20002448   Data          88  nrf_drv_gpiote.o(.bss)
    .bss                                     0x200024a0   Section       32  nrf_drv_uart.o(.bss)
    m_cb                                     0x200024a0   Data          32  nrf_drv_uart.o(.bss)
    .bss                                     0x200024c0   Section     1372  pstorage.o(.bss)
    m_cmd_queue                              0x200024c0   Data         604  pstorage.o(.bss)
    m_app_table                              0x2000271c   Data         768  pstorage.o(.bss)
    .bss                                     0x20002a1c   Section       80  nrf_drv_twi.o(.bss)
    m_cb                                     0x20002a1c   Data          80  nrf_drv_twi.o(.bss)
    .bss                                     0x20002a6c   Section       88  fstorage.o(.bss)
    m_queue                                  0x20002a6c   Data          88  fstorage.o(.bss)
    .bss                                     0x20002ac4   Section     1051  nrf_log.o(.bss)
    hex_string                               0x20002ac4   Data          11  nrf_log.o(.bss)
    buf_normal_up                            0x20002acf   Data        1024  nrf_log.o(.bss)
    buf_down                                 0x20002ecf   Data          16  nrf_log.o(.bss)
    .bss                                     0x20002ee0   Section     1160  segger_rtt.o(.bss)
    _acUpBuffer                              0x20002ee0   Data        1024  segger_rtt.o(.bss)
    _acDownBuffer                            0x200032e0   Data          16  segger_rtt.o(.bss)
    HEAP                                     0x20003368   Section     8192  arm_startup_nrf52.o(HEAP)
    STACK                                    0x20005368   Section     8192  arm_startup_nrf52.o(STACK)

    Global Symbols

    Symbol Name                              Value     Ov Type        Size  Object(Section)

    BuildAttributes$$THM_ISAv4$E$P$D$K$B$S$7EM$VFPi3$EXTD16$VFPS$VFMA$PE$A:L22UL41UL21$X:L11$S22US41US21$IEEE1$IW$USESV6$~STKCKD$USESV7$~SHL$OSPACE$EBA8$MICROLIB$REQ8$PRES8$EABIv2 0x00000000   Number         0  anon$$obj.o ABSOLUTE
    __ARM_use_no_argv                        0x00000000   Number         0  main.o ABSOLUTE
    __arm_fini_                               - Undefined Weak Reference
    __cpp_initialize__aeabi_                  - Undefined Weak Reference
    __cxa_finalize                            - Undefined Weak Reference
    __decompress                              - Undefined Weak Reference
    _clock_init                               - Undefined Weak Reference
    _microlib_exit                            - Undefined Weak Reference
    fs_data$$Base                             - Undefined Reference
    fs_data$$Limit                            - Undefined Reference
    __Vectors_Size                           0x00000400   Number         0  arm_startup_nrf52.o ABSOLUTE
    __Vectors                                0x0001c000   Data           4  arm_startup_nrf52.o(RESET)
    __Vectors_End                            0x0001c400   Data           0  arm_startup_nrf52.o(RESET)
    __main                                   0x0001c401   Thumb Code     0  entry.o(.ARM.Collect$$$$00000000)
    _main_stk                                0x0001c401   Thumb Code     0  entry2.o(.ARM.Collect$$$$00000001)
    _main_scatterload                        0x0001c405   Thumb Code     0  entry5.o(.ARM.Collect$$$$00000004)
    __main_after_scatterload                 0x0001c409   Thumb Code     0  entry5.o(.ARM.Collect$$$$00000004)
    _main_clock                              0x0001c409   Thumb Code     0  entry7b.o(.ARM.Collect$$$$00000008)
    _main_cpp_init                           0x0001c409   Thumb Code     0  entry8b.o(.ARM.Collect$$$$0000000A)
    _main_init                               0x0001c409   Thumb Code     0  entry9a.o(.ARM.Collect$$$$0000000B)
    __rt_lib_shutdown_fini                   0x0001c411   Thumb Code     0  entry12b.o(.ARM.Collect$$$$0000000E)
    __rt_final_cpp                           0x0001c415   Thumb Code     0  entry10a.o(.ARM.Collect$$$$0000000F)
    __rt_final_exit                          0x0001c415   Thumb Code     0  entry11a.o(.ARM.Collect$$$$00000011)
    __asm___11_nrf_delay_c_532987f3__nrf_delay_us 0x0001c419   Thumb Code   118  nrf_delay.o(.emb_text)
    __asm___13_nrf_drv_twi_c_a9bcf68d__nrf_delay_us 0x0001c491   Thumb Code   118  nrf_drv_twi.o(.emb_text)
    __asm___11_app_timer_c_cd27f9c3__nrf_delay_us 0x0001c509   Thumb Code   118  app_timer.o(.emb_text)
    Reset_Handler                            0x0001c581   Thumb Code     8  arm_startup_nrf52.o(.text)
    NMI_Handler                              0x0001c589   Thumb Code     2  arm_startup_nrf52.o(.text)
    HardFault_Handler                        0x0001c58b   Thumb Code     2  arm_startup_nrf52.o(.text)
    MemoryManagement_Handler                 0x0001c58d   Thumb Code     2  arm_startup_nrf52.o(.text)
    BusFault_Handler                         0x0001c58f   Thumb Code     2  arm_startup_nrf52.o(.text)
    UsageFault_Handler                       0x0001c591   Thumb Code     2  arm_startup_nrf52.o(.text)
    SVC_Handler                              0x0001c593   Thumb Code     2  arm_startup_nrf52.o(.text)
    DebugMonitor_Handler                     0x0001c595   Thumb Code     2  arm_startup_nrf52.o(.text)
    PendSV_Handler                           0x0001c597   Thumb Code     2  arm_startup_nrf52.o(.text)
    SysTick_Handler                          0x0001c599   Thumb Code     2  arm_startup_nrf52.o(.text)
    CCM_AAR_IRQHandler                       0x0001c59b   Thumb Code     0  arm_startup_nrf52.o(.text)
    COMP_LPCOMP_IRQHandler                   0x0001c59b   Thumb Code     0  arm_startup_nrf52.o(.text)
    ECB_IRQHandler                           0x0001c59b   Thumb Code     0  arm_startup_nrf52.o(.text)
    FPU_IRQHandler                           0x0001c59b   Thumb Code     0  arm_startup_nrf52.o(.text)
    I2S_IRQHandler                           0x0001c59b   Thumb Code     0  arm_startup_nrf52.o(.text)
    MWU_IRQHandler                           0x0001c59b   Thumb Code     0  arm_startup_nrf52.o(.text)
    NFCT_IRQHandler                          0x0001c59b   Thumb Code     0  arm_startup_nrf52.o(.text)
    PDM_IRQHandler                           0x0001c59b   Thumb Code     0  arm_startup_nrf52.o(.text)
    POWER_CLOCK_IRQHandler                   0x0001c59b   Thumb Code     0  arm_startup_nrf52.o(.text)
    PWM0_IRQHandler                          0x0001c59b   Thumb Code     0  arm_startup_nrf52.o(.text)
    PWM1_IRQHandler                          0x0001c59b   Thumb Code     0  arm_startup_nrf52.o(.text)
    PWM2_IRQHandler                          0x0001c59b   Thumb Code     0  arm_startup_nrf52.o(.text)
    QDEC_IRQHandler                          0x0001c59b   Thumb Code     0  arm_startup_nrf52.o(.text)
    RADIO_IRQHandler                         0x0001c59b   Thumb Code     0  arm_startup_nrf52.o(.text)
    RNG_IRQHandler                           0x0001c59b   Thumb Code     0  arm_startup_nrf52.o(.text)
    RTC0_IRQHandler                          0x0001c59b   Thumb Code     0  arm_startup_nrf52.o(.text)
    RTC2_IRQHandler                          0x0001c59b   Thumb Code     0  arm_startup_nrf52.o(.text)
    SAADC_IRQHandler                         0x0001c59b   Thumb Code     0  arm_startup_nrf52.o(.text)
    SPIM2_SPIS2_SPI2_IRQHandler              0x0001c59b   Thumb Code     0  arm_startup_nrf52.o(.text)
    SWI1_EGU1_IRQHandler                     0x0001c59b   Thumb Code     0  arm_startup_nrf52.o(.text)
    SWI3_EGU3_IRQHandler                     0x0001c59b   Thumb Code     0  arm_startup_nrf52.o(.text)
    SWI4_EGU4_IRQHandler                     0x0001c59b   Thumb Code     0  arm_startup_nrf52.o(.text)
    SWI5_EGU5_IRQHandler                     0x0001c59b   Thumb Code     0  arm_startup_nrf52.o(.text)
    TEMP_IRQHandler                          0x0001c59b   Thumb Code     0  arm_startup_nrf52.o(.text)
    TIMER0_IRQHandler                        0x0001c59b   Thumb Code     0  arm_startup_nrf52.o(.text)
    TIMER1_IRQHandler                        0x0001c59b   Thumb Code     0  arm_startup_nrf52.o(.text)
    TIMER2_IRQHandler                        0x0001c59b   Thumb Code     0  arm_startup_nrf52.o(.text)
    TIMER3_IRQHandler                        0x0001c59b   Thumb Code     0  arm_startup_nrf52.o(.text)
    TIMER4_IRQHandler                        0x0001c59b   Thumb Code     0  arm_startup_nrf52.o(.text)
    WDT_IRQHandler                           0x0001c59b   Thumb Code     0  arm_startup_nrf52.o(.text)
    ___aeabi_memcpy8$move                    0x0001c5a5   Thumb Code     0  memmovea.o(.text)
    __aeabi_memcpy                           0x0001c5a5   Thumb Code    64  memmovea.o(.text)
    __aeabi_memcpy4                          0x0001c5a5   Thumb Code     0  memmovea.o(.text)
    __aeabi_memmove                          0x0001c5a5   Thumb Code     0  memmovea.o(.text)
    __aeabi_memmove4                         0x0001c5a5   Thumb Code     0  memmovea.o(.text)
    __aeabi_memmove8                         0x0001c5a5   Thumb Code     0  memmovea.o(.text)
    __aeabi_memset                           0x0001c5e5   Thumb Code    14  memseta.o(.text)
    __aeabi_memset4                          0x0001c5e5   Thumb Code     0  memseta.o(.text)
    __aeabi_memset8                          0x0001c5e5   Thumb Code     0  memseta.o(.text)
    __aeabi_memclr                           0x0001c5f3   Thumb Code     4  memseta.o(.text)
    __aeabi_memclr4                          0x0001c5f3   Thumb Code     0  memseta.o(.text)
    __aeabi_memclr8                          0x0001c5f3   Thumb Code     0  memseta.o(.text)
    _memset$wrapper                          0x0001c5f7   Thumb Code    18  memseta.o(.text)
    strcpy                                   0x0001c609   Thumb Code    18  strcpy.o(.text)
    __scatterload                            0x0001c61d   Thumb Code    28  init.o(.text)
    __scatterload_rt2                        0x0001c61d   Thumb Code     0  init.o(.text)
    GPIOTE_IRQHandler                        0x0001c641   Thumb Code   316  nrf_drv_gpiote.o(i.GPIOTE_IRQHandler)
    RTC1_IRQHandler                          0x0001c789   Thumb Code    32  app_timer.o(i.RTC1_IRQHandler)
    SEGGER_RTT_ConfigDownBuffer              0x0001c7ad   Thumb Code    74  segger_rtt.o(i.SEGGER_RTT_ConfigDownBuffer)
    SEGGER_RTT_ConfigUpBuffer                0x0001c7fd   Thumb Code    74  segger_rtt.o(i.SEGGER_RTT_ConfigUpBuffer)
    SEGGER_RTT_Write                         0x0001c84d   Thumb Code    32  segger_rtt.o(i.SEGGER_RTT_Write)
    SEGGER_RTT_WriteNoLock                   0x0001c871   Thumb Code    86  segger_rtt.o(i.SEGGER_RTT_WriteNoLock)
    SEGGER_RTT_vprintf                       0x0001c8cd   Thumb Code   406  segger_rtt_printf.o(i.SEGGER_RTT_vprintf)
    SPIM0_SPIS0_TWIM0_TWIS0_SPI0_TWI0_IRQHandler 0x0001ca65   Thumb Code     8  nrf_drv_twi.o(i.SPIM0_SPIS0_TWIM0_TWIS0_SPI0_TWI0_IRQHandler)
    SPIM1_SPIS1_TWIM1_TWIS1_SPI1_TWI1_IRQHandler 0x0001ca75   Thumb Code    10  nrf_drv_twi.o(i.SPIM1_SPIS1_TWIM1_TWIS1_SPI1_TWI1_IRQHandler)
    SWI0_EGU0_IRQHandler                     0x0001ca85   Thumb Code     4  app_timer.o(i.SWI0_EGU0_IRQHandler)
    SWI2_EGU2_IRQHandler                     0x0001ca89   Thumb Code    32  softdevice_handler.o(i.SWI2_EGU2_IRQHandler)
    SystemInit                               0x0001caad   Thumb Code   566  system_nrf52.o(i.SystemInit)
    UARTE0_UART0_IRQHandler                  0x0001cd19   Thumb Code    14  nrf_drv_uart.o(i.UARTE0_UART0_IRQHandler)
    __scatterload_copy                       0x0001d08d   Thumb Code    14  handlers.o(i.__scatterload_copy)
    __scatterload_null                       0x0001d09b   Thumb Code     2  handlers.o(i.__scatterload_null)
    __scatterload_zeroinit                   0x0001d09d   Thumb Code    14  handlers.o(i.__scatterload_zeroinit)
    adv_data_encode                          0x0001d0ab   Thumb Code   514  ble_advdata.o(i.adv_data_encode)
    app_error_fault_handler                  0x0001d2ad   Thumb Code    26  app_error_weak.o(i.app_error_fault_handler)
    app_error_handler_bare                   0x0001d2d1   Thumb Code    22  app_error.o(i.app_error_handler_bare)
    app_timer_create                         0x0001d2e9   Thumb Code    36  app_timer.o(i.app_timer_create)
    app_timer_init                           0x0001d311   Thumb Code   134  app_timer.o(i.app_timer_init)
    app_timer_start                          0x0001d3a1   Thumb Code   118  app_timer.o(i.app_timer_start)
    app_timer_stop                           0x0001d421   Thumb Code    76  app_timer.o(i.app_timer_stop)
    ble_advdata_set                          0x0001d471   Thumb Code   104  ble_advdata.o(i.ble_advdata_set)
    ble_advertising_init                     0x0001d4d9   Thumb Code   274  ble_advertising.o(i.ble_advertising_init)
    ble_advertising_on_ble_evt               0x0001d5f5   Thumb Code   122  ble_advertising.o(i.ble_advertising_on_ble_evt)
    ble_advertising_start                    0x0001d685   Thumb Code   470  ble_advertising.o(i.ble_advertising_start)
    ble_conn_params_init                     0x0001d865   Thumb Code    72  ble_conn_params.o(i.ble_conn_params_init)
    ble_conn_params_on_ble_evt               0x0001d8bd   Thumb Code   120  ble_conn_params.o(i.ble_conn_params_on_ble_evt)
    ble_glass_init                           0x0001da01   Thumb Code    96  glass_ble.o(i.ble_glass_init)
    ble_glass_on_ble_evt                     0x0001da65   Thumb Code    82  glass_ble.o(i.ble_glass_on_ble_evt)
    ble_glass_send                           0x0001dab7   Thumb Code    78  glass_ble.o(i.ble_glass_send)
    bmi160_device_config                     0x0001dc3d   Thumb Code   184  bmi160.o(i.bmi160_device_config)
    bmi160_extract_accel                     0x0001dd61   Thumb Code   128  bmi160.o(i.bmi160_extract_accel)
    bmi160_extract_gyro                      0x0001dde1   Thumb Code   126  bmi160.o(i.bmi160_extract_gyro)
    bmi160_fifo_config                       0x0001de61   Thumb Code    54  bmi160.o(i.bmi160_fifo_config)
    bmi160_get_fifo_data                     0x0001dec1   Thumb Code   124  bmi160.o(i.bmi160_get_fifo_data)
    bmi160_get_offsets                       0x0001df3d   Thumb Code   138  bmi160.o(i.bmi160_get_offsets)
    bmi160_get_regs                          0x0001dfc9   Thumb Code   118  bmi160.o(i.bmi160_get_regs)
    bmi160_init                              0x0001e03f   Thumb Code   110  bmi160.o(i.bmi160_init)
    bmi160_nrf5_init                         0x0001e0ad   Thumb Code    22  bmi160.o(i.bmi160_nrf5_init)
    bmi160_read_fifo                         0x0001e0c5   Thumb Code   108  bmi160.o(i.bmi160_read_fifo)
    bmi160_set_fifo_config                   0x0001e135   Thumb Code   128  bmi160.o(i.bmi160_set_fifo_config)
    bmi160_set_power_mode                    0x0001e1b5   Thumb Code   174  bmi160.o(i.bmi160_set_power_mode)
    bmi160_set_regs                          0x0001e263   Thumb Code   138  bmi160.o(i.bmi160_set_regs)
    bmi160_set_sens_conf                     0x0001e2ed   Thumb Code   218  bmi160.o(i.bmi160_set_sens_conf)
    bmi160_soft_reset                        0x0001e3c7   Thumb Code   110  bmi160.o(i.bmi160_soft_reset)
    bmi160_start_foc                         0x0001e435   Thumb Code   162  bmi160.o(i.bmi160_start_foc)
    free                                     0x0001e945   Thumb Code    76  malloc.o(i.free)
    fs_queued_op_count_get                   0x0001e995   Thumb Code    16  fstorage.o(i.fs_queued_op_count_get)
    intern_softdevice_events_execute         0x0001eab1   Thumb Code   106  softdevice_handler.o(i.intern_softdevice_events_execute)
    log_rtt_init                             0x0001edd1   Thumb Code    54  nrf_log.o(i.log_rtt_init)
    log_rtt_printf                           0x0001ee25   Thumb Code    22  nrf_log.o(i.log_rtt_printf)
    main                                     0x0001ee3d   Thumb Code   550  main.o(i.main)
    malloc                                   0x0001f09d   Thumb Code    92  malloc.o(i.malloc)
    nrf_delay_ms                             0x0001f21d   Thumb Code    26  nrf_delay.o(i.nrf_delay_ms)
    nrf_drv_common_irq_enable                0x0001f237   Thumb Code    60  nrf_drv_common.o(i.nrf_drv_common_irq_enable)
    nrf_drv_twi_enable                       0x0001f275   Thumb Code    28  nrf_drv_twi.o(i.nrf_drv_twi_enable)
    nrf_drv_twi_init                         0x0001f295   Thumb Code   134  nrf_drv_twi.o(i.nrf_drv_twi_init)
    nrf_drv_twi_rx                           0x0001f325   Thumb Code    32  nrf_drv_twi.o(i.nrf_drv_twi_rx)
    nrf_drv_twi_tx                           0x0001f349   Thumb Code    36  nrf_drv_twi.o(i.nrf_drv_twi_tx)
    nrf_drv_twi_xfer                         0x0001f36d   Thumb Code    40  nrf_drv_twi.o(i.nrf_drv_twi_xfer)
    pstorage_access_status_get               0x0001f4bd   Thumb Code    28  pstorage.o(i.pstorage_access_status_get)
    sd_check_ram_start                       0x0001f661   Thumb Code    44  softdevice_handler.o(i.sd_check_ram_start)
    softdevice_ble_evt_handler_set           0x0001f801   Thumb Code    14  softdevice_handler.o(i.softdevice_ble_evt_handler_set)
    softdevice_enable                        0x0001f815   Thumb Code    84  softdevice_handler.o(i.softdevice_enable)
    softdevice_enable_get_default_config     0x0001f911   Thumb Code    38  softdevice_handler.o(i.softdevice_enable_get_default_config)
    softdevice_fault_handler                 0x0001f937   Thumb Code     4  softdevice_handler.o(i.softdevice_fault_handler)
    softdevice_handler_init                  0x0001f93d   Thumb Code    66  softdevice_handler.o(i.softdevice_handler_init)
    twi_bmi160_init                          0x0001fb4d   Thumb Code    40  bmi160.o(i.twi_bmi160_init)
    int_mask_lookup_table                    0x000206bc   Data          13  bmi160.o(.constdata)
    Region$$Table$$Base                      0x0002072c   Number         0  anon$$obj.o(Region$$Table)
    Region$$Table$$Limit                     0x0002074c   Number         0  anon$$obj.o(Region$$Table)
    Image$$RW_IRAM1$$Base                    0x20001fe8   Number         0  anon$$obj.o ABSOLUTE
    SystemCoreClock                          0x20002038   Data           4  system_nrf52.o(.data)
    __microlib_freelist                      0x20002084   Data           4  mvars.o(.data)
    __microlib_freelist_initialised          0x20002088   Data           4  mvars.o(.data)
    nrf_nvic_state                           0x2000243c   Data          12  softdevice_handler.o(.bss)
    _SEGGER_RTT                              0x200032f0   Data         120  segger_rtt.o(.bss)
    __heap_base                              0x20003368   Data           0  arm_startup_nrf52.o(HEAP)
    __heap_limit                             0x20005368   Data           0  arm_startup_nrf52.o(HEAP)
    __initial_sp                             0x20007368   Data           0  arm_startup_nrf52.o(STACK)



==============================================================================

Memory Map of the image

  Image Entry point : 0x0001c401

  Load Region LR_IROM1 (Base: 0x0001c000, Size: 0x000047f0, Max: 0x00064000, ABSOLUTE)

    Execution Region ER_IROM1 (Exec base: 0x0001c000, Load base: 0x0001c000, Size: 0x0000474c, Max: 0x00064000, ABSOLUTE)

    Exec Addr    Load Addr    Size         Type   Attr      Idx    E Section Name        Object

    0x0001c000   0x0001c000   0x00000400   Data   RO            3    RESET               arm_startup_nrf52.o
    0x0001c400   0x0001c400   0x00000000   Code   RO         5915  * .ARM.Collect$$$$00000000  mc_w.l(entry.o)
    0x0001c400   0x0001c400   0x00000004   Code   RO         5971    .ARM.Collect$$$$00000001  mc_w.l(entry2.o)
    0x0001c404   0x0001c404   0x00000004   Code   RO         5974    .ARM.Collect$$$$00000004  mc_w.l(entry5.o)
    0x0001c408   0x0001c408   0x00000000   Code   RO         5976    .ARM.Collect$$$$00000008  mc_w.l(entry7b.o)
    0x0001c408   0x0001c408   0x00000000   Code   RO         5978    .ARM.Collect$$$$0000000A  mc_w.l(entry8b.o)
    0x0001c408   0x0001c408   0x00000008   Code   RO         5979    .ARM.Collect$$$$0000000B  mc_w.l(entry9a.o)
    0x0001c410   0x0001c410   0x00000004   Code   RO         5986    .ARM.Collect$$$$0000000E  mc_w.l(entry12b.o)
    0x0001c414   0x0001c414   0x00000000   Code   RO         5981    .ARM.Collect$$$$0000000F  mc_w.l(entry10a.o)
    0x0001c414   0x0001c414   0x00000000   Code   RO         5983    .ARM.Collect$$$$00000011  mc_w.l(entry11a.o)
    0x0001c414   0x0001c414   0x00000004   Code   RO         5972    .ARM.Collect$$$$00002712  mc_w.l(entry2.o)
    0x0001c418   0x0001c418   0x00000076   Code   RO         3981    .emb_text           nrf_delay.o
    0x0001c48e   0x0001c48e   0x00000002   PAD
    0x0001c490   0x0001c490   0x00000076   Code   RO         4692    .emb_text           nrf_drv_twi.o
    0x0001c506   0x0001c506   0x00000002   PAD
    0x0001c508   0x0001c508   0x00000076   Code   RO         5041    .emb_text           app_timer.o
    0x0001c57e   0x0001c57e   0x00000002   PAD
    0x0001c580   0x0001c580   0x00000024   Code   RO            4    .text               arm_startup_nrf52.o
    0x0001c5a4   0x0001c5a4   0x00000040   Code   RO         5925    .text               mc_w.l(memmovea.o)
    0x0001c5e4   0x0001c5e4   0x00000024   Code   RO         5927    .text               mc_w.l(memseta.o)
    0x0001c608   0x0001c608   0x00000012   Code   RO         5937    .text               mc_w.l(strcpy.o)
    0x0001c61a   0x0001c61a   0x00000002   PAD
    0x0001c61c   0x0001c61c   0x00000024   Code   RO         5991    .text               mc_w.l(init.o)
    0x0001c640   0x0001c640   0x00000148   Code   RO         4050    i.GPIOTE_IRQHandler  nrf_drv_gpiote.o
    0x0001c788   0x0001c788   0x00000024   Code   RO         5042    i.RTC1_IRQHandler   app_timer.o
    0x0001c7ac   0x0001c7ac   0x00000050   Code   RO         5640    i.SEGGER_RTT_ConfigDownBuffer  segger_rtt.o
    0x0001c7fc   0x0001c7fc   0x00000050   Code   RO         5641    i.SEGGER_RTT_ConfigUpBuffer  segger_rtt.o
    0x0001c84c   0x0001c84c   0x00000024   Code   RO         5653    i.SEGGER_RTT_Write  segger_rtt.o
    0x0001c870   0x0001c870   0x0000005c   Code   RO         5654    i.SEGGER_RTT_WriteNoLock  segger_rtt.o
    0x0001c8cc   0x0001c8cc   0x00000196   Code   RO         5779    i.SEGGER_RTT_vprintf  segger_rtt_printf.o
    0x0001ca62   0x0001ca62   0x00000002   PAD
    0x0001ca64   0x0001ca64   0x00000010   Code   RO         4693    i.SPIM0_SPIS0_TWIM0_TWIS0_SPI0_TWI0_IRQHandler  nrf_drv_twi.o
    0x0001ca74   0x0001ca74   0x00000010   Code   RO         4694    i.SPIM1_SPIS1_TWIM1_TWIS1_SPI1_TWI1_IRQHandler  nrf_drv_twi.o
    0x0001ca84   0x0001ca84   0x00000004   Code   RO         5043    i.SWI0_EGU0_IRQHandler  app_timer.o
    0x0001ca88   0x0001ca88   0x00000024   Code   RO         3756    i.SWI2_EGU2_IRQHandler  softdevice_handler.o
    0x0001caac   0x0001caac   0x0000026c   Code   RO         3867    i.SystemInit        system_nrf52.o
    0x0001cd18   0x0001cd18   0x00000014   Code   RO         4249    i.UARTE0_UART0_IRQHandler  nrf_drv_uart.o
    0x0001cd2c   0x0001cd2c   0x00000068   Code   RO         5657    i._DoInit           segger_rtt.o
    0x0001cd94   0x0001cd94   0x00000016   Code   RO         5658    i._GetAvailWriteSpace  segger_rtt.o
    0x0001cdaa   0x0001cdaa   0x00000002   PAD
    0x0001cdac   0x0001cdac   0x000000c6   Code   RO         5780    i._PrintInt         segger_rtt_printf.o
    0x0001ce72   0x0001ce72   0x00000002   PAD
    0x0001ce74   0x0001ce74   0x000000d4   Code   RO         5781    i._PrintUnsigned    segger_rtt_printf.o
    0x0001cf48   0x0001cf48   0x0000003e   Code   RO         5782    i._StoreChar        segger_rtt_printf.o
    0x0001cf86   0x0001cf86   0x0000005a   Code   RO         5660    i._WriteBlocking    segger_rtt.o
    0x0001cfe0   0x0001cfe0   0x0000003e   Code   RO         5661    i._WriteNoCheck     segger_rtt.o
    0x0001d01e   0x0001d01e   0x0000001a   Code   RO         5044    i.__NVIC_ClearPendingIRQ  app_timer.o
    0x0001d038   0x0001d038   0x0000001a   Code   RO         5045    i.__NVIC_EnableIRQ  app_timer.o
    0x0001d052   0x0001d052   0x0000001a   Code   RO         5046    i.__NVIC_SetPendingIRQ  app_timer.o
    0x0001d06c   0x0001d06c   0x00000020   Code   RO         5047    i.__NVIC_SetPriority  app_timer.o
    0x0001d08c   0x0001d08c   0x0000000e   Code   RO         5995    i.__scatterload_copy  mc_w.l(handlers.o)
    0x0001d09a   0x0001d09a   0x00000002   Code   RO         5996    i.__scatterload_null  mc_w.l(handlers.o)
    0x0001d09c   0x0001d09c   0x0000000e   Code   RO         5997    i.__scatterload_zeroinit  mc_w.l(handlers.o)
    0x0001d0aa   0x0001d0aa   0x00000202   Code   RO         2889    i.adv_data_encode   ble_advdata.o
    0x0001d2ac   0x0001d2ac   0x00000024   Code   RO         4947    i.app_error_fault_handler  app_error_weak.o
    0x0001d2d0   0x0001d2d0   0x00000016   Code   RO         4908    i.app_error_handler_bare  app_error.o
    0x0001d2e6   0x0001d2e6   0x00000002   PAD
    0x0001d2e8   0x0001d2e8   0x00000028   Code   RO         5050    i.app_timer_create  app_timer.o
    0x0001d310   0x0001d310   0x00000090   Code   RO         5051    i.app_timer_init    app_timer.o
    0x0001d3a0   0x0001d3a0   0x00000080   Code   RO         5052    i.app_timer_start   app_timer.o
    0x0001d420   0x0001d420   0x00000050   Code   RO         5053    i.app_timer_stop    app_timer.o
    0x0001d470   0x0001d470   0x00000068   Code   RO         2890    i.ble_advdata_set   ble_advdata.o
    0x0001d4d8   0x0001d4d8   0x0000011c   Code   RO         2971    i.ble_advertising_init  ble_advertising.o
    0x0001d5f4   0x0001d5f4   0x00000080   Code   RO         2972    i.ble_advertising_on_ble_evt  ble_advertising.o
    0x0001d674   0x0001d674   0x00000010   Code   RO         2975    i.ble_advertising_peer_address_clear  ble_advertising.o
    0x0001d684   0x0001d684   0x000001e0   Code   RO         2977    i.ble_advertising_start  ble_advertising.o
    0x0001d864   0x0001d864   0x00000058   Code   RO         3106    i.ble_conn_params_init  ble_conn_params.o
    0x0001d8bc   0x0001d8bc   0x00000084   Code   RO         3107    i.ble_conn_params_on_ble_evt  ble_conn_params.o
    0x0001d940   0x0001d940   0x0000005e   Code   RO         2891    i.ble_device_addr_encode  ble_advdata.o
    0x0001d99e   0x0001d99e   0x00000002   PAD
    0x0001d9a0   0x0001d9a0   0x00000060   Code   RO           40    i.ble_evt_dispatch  main.o
    0x0001da00   0x0001da00   0x00000064   Code   RO         2668    i.ble_glass_init    glass_ble.o
    0x0001da64   0x0001da64   0x00000052   Code   RO         2669    i.ble_glass_on_ble_evt  glass_ble.o
    0x0001dab6   0x0001dab6   0x0000004e   Code   RO         2670    i.ble_glass_send    glass_ble.o
    0x0001db04   0x0001db04   0x00000068   Code   RO           41    i.ble_stack_init    main.o
    0x0001db6c   0x0001db6c   0x00000064   Code   RO          400    i.bm160_read        bmi160.o
    0x0001dbd0   0x0001dbd0   0x00000068   Code   RO          401    i.bm160_write       bmi160.o
    0x0001dc38   0x0001dc38   0x00000004   Code   RO          406    i.bmi160_delay_ms   bmi160.o
    0x0001dc3c   0x0001dc3c   0x00000124   Code   RO          407    i.bmi160_device_config  bmi160.o
    0x0001dd60   0x0001dd60   0x00000080   Code   RO          408    i.bmi160_extract_accel  bmi160.o
    0x0001dde0   0x0001dde0   0x0000007e   Code   RO          410    i.bmi160_extract_gyro  bmi160.o
    0x0001de5e   0x0001de5e   0x00000002   PAD
    0x0001de60   0x0001de60   0x00000060   Code   RO          411    i.bmi160_fifo_config  bmi160.o
    0x0001dec0   0x0001dec0   0x0000007c   Code   RO          412    i.bmi160_get_fifo_data  bmi160.o
    0x0001df3c   0x0001df3c   0x0000008a   Code   RO          414    i.bmi160_get_offsets  bmi160.o
    0x0001dfc6   0x0001dfc6   0x00000002   PAD
    0x0001dfc8   0x0001dfc8   0x00000076   Code   RO          416    i.bmi160_get_regs   bmi160.o
    0x0001e03e   0x0001e03e   0x0000006e   Code   RO          418    i.bmi160_init       bmi160.o
    0x0001e0ac   0x0001e0ac   0x00000016   Code   RO          419    i.bmi160_nrf5_init  bmi160.o
    0x0001e0c2   0x0001e0c2   0x00000002   PAD
    0x0001e0c4   0x0001e0c4   0x00000070   Code   RO          422    i.bmi160_read_fifo  bmi160.o
    0x0001e134   0x0001e134   0x00000080   Code   RO          425    i.bmi160_set_fifo_config  bmi160.o
    0x0001e1b4   0x0001e1b4   0x000000ae   Code   RO          431    i.bmi160_set_power_mode  bmi160.o
    0x0001e262   0x0001e262   0x0000008a   Code   RO          432    i.bmi160_set_regs   bmi160.o
    0x0001e2ec   0x0001e2ec   0x000000da   Code   RO          433    i.bmi160_set_sens_conf  bmi160.o
    0x0001e3c6   0x0001e3c6   0x0000006e   Code   RO          435    i.bmi160_soft_reset  bmi160.o
    0x0001e434   0x0001e434   0x000000a2   Code   RO          436    i.bmi160_start_foc  bmi160.o
    0x0001e4d6   0x0001e4d6   0x00000002   PAD
    0x0001e4d8   0x0001e4d8   0x00000010   Code   RO         4053    i.channel_port_get  nrf_drv_gpiote.o
    0x0001e4e8   0x0001e4e8   0x0000006c   Code   RO          438    i.check_accel_config  bmi160.o
    0x0001e554   0x0001e554   0x00000022   Code   RO          439    i.check_frame_validity  bmi160.o
    0x0001e576   0x0001e576   0x0000006e   Code   RO          440    i.check_gyro_config  bmi160.o
    0x0001e5e4   0x0001e5e4   0x000000ac   Code   RO         5055    i.compare_reg_update  app_timer.o
    0x0001e690   0x0001e690   0x00000088   Code   RO         2892    i.conn_int_encode   ble_advdata.o
    0x0001e718   0x0001e718   0x00000004   Code   RO           42    i.conn_params_error_handler  main.o
    0x0001e71c   0x0001e71c   0x0000005c   Code   RO         3109    i.conn_params_negotiation  ble_conn_params.o
    0x0001e778   0x0001e778   0x00000040   Code   RO         5056    i.elapsed_ticks_acquire  app_timer.o
    0x0001e7b8   0x0001e7b8   0x000000c8   Code   RO          450    i.extract_accel_header_mode  bmi160.o
    0x0001e880   0x0001e880   0x000000c2   Code   RO          453    i.extract_gyro_header_mode  bmi160.o
    0x0001e942   0x0001e942   0x00000002   PAD
    0x0001e944   0x0001e944   0x00000050   Code   RO         5943    i.free              mc_w.l(malloc.o)
    0x0001e994   0x0001e994   0x00000014   Code   RO         5355    i.fs_queued_op_count_get  fstorage.o
    0x0001e9a8   0x0001e9a8   0x00000054   Code   RO          456    i.get_accel_len_to_parse  bmi160.o
    0x0001e9fc   0x0001e9fc   0x00000020   Code   RO          457    i.get_foc_status    bmi160.o
    0x0001ea1c   0x0001ea1c   0x00000054   Code   RO          459    i.get_gyro_len_to_parse  bmi160.o
    0x0001ea70   0x0001ea70   0x00000040   Code   RO           43    i.glass_data_handler  main.o
    0x0001eab0   0x0001eab0   0x00000070   Code   RO         3757    i.intern_softdevice_events_execute  softdevice_handler.o
    0x0001eb20   0x0001eb20   0x000000b6   Code   RO         4695    i.irq_handler_twi   nrf_drv_twi.o
    0x0001ebd6   0x0001ebd6   0x00000002   PAD
    0x0001ebd8   0x0001ebd8   0x0000001c   Code   RO         3110    i.is_conn_params_ok  ble_conn_params.o
    0x0001ebf4   0x0001ebf4   0x00000054   Code   RO         2893    i.le_role_encode    ble_advdata.o
    0x0001ec48   0x0001ec48   0x000000bc   Code   RO         5057    i.list_deletions_handler  app_timer.o
    0x0001ed04   0x0001ed04   0x000000cc   Code   RO         5058    i.list_insertions_handler  app_timer.o
    0x0001edd0   0x0001edd0   0x00000054   Code   RO         5465    i.log_rtt_init      nrf_log.o
    0x0001ee24   0x0001ee24   0x00000016   Code   RO         5466    i.log_rtt_printf    nrf_log.o
    0x0001ee3a   0x0001ee3a   0x00000002   PAD
    0x0001ee3c   0x0001ee3c   0x00000260   Code   RO           44    i.main              main.o
    0x0001f09c   0x0001f09c   0x0000006c   Code   RO         5944    i.malloc            mc_w.l(malloc.o)
    0x0001f108   0x0001f108   0x00000064   Code   RO         2894    i.manuf_specific_data_encode  ble_advdata.o
    0x0001f16c   0x0001f16c   0x00000014   Code   RO          462    i.move_next_frame   bmi160.o
    0x0001f180   0x0001f180   0x0000009c   Code   RO         2895    i.name_encode       ble_advdata.o
    0x0001f21c   0x0001f21c   0x0000001a   Code   RO         3983    i.nrf_delay_ms      nrf_delay.o
    0x0001f236   0x0001f236   0x0000003c   Code   RO         4019    i.nrf_drv_common_irq_enable  nrf_drv_common.o
    0x0001f272   0x0001f272   0x00000002   PAD
    0x0001f274   0x0001f274   0x00000020   Code   RO         4698    i.nrf_drv_twi_enable  nrf_drv_twi.o
    0x0001f294   0x0001f294   0x00000090   Code   RO         4699    i.nrf_drv_twi_init  nrf_drv_twi.o
    0x0001f324   0x0001f324   0x00000024   Code   RO         4700    i.nrf_drv_twi_rx    nrf_drv_twi.o
    0x0001f348   0x0001f348   0x00000024   Code   RO         4703    i.nrf_drv_twi_tx    nrf_drv_twi.o
    0x0001f36c   0x0001f36c   0x0000002c   Code   RO         4705    i.nrf_drv_twi_xfer  nrf_drv_twi.o
    0x0001f398   0x0001f398   0x0000001c   Code   RO         4075    i.nrf_gpio_cfg_sense_set  nrf_drv_gpiote.o
    0x0001f3b4   0x0001f3b4   0x00000010   Code   RO         4706    i.nrf_gpio_pin_set  nrf_drv_twi.o
    0x0001f3c4   0x0001f3c4   0x00000014   Code   RO         4076    i.nrf_gpiote_event_clear  nrf_drv_gpiote.o
    0x0001f3d8   0x0001f3d8   0x00000010   Code   RO         4077    i.nrf_gpiote_event_is_set  nrf_drv_gpiote.o
    0x0001f3e8   0x0001f3e8   0x0000000a   Code   RO         4707    i.nrf_twi_event_check  nrf_drv_twi.o
    0x0001f3f2   0x0001f3f2   0x0000000a   Code   RO         4268    i.nrf_uart_event_check  nrf_drv_uart.o
    0x0001f3fc   0x0001f3fc   0x0000000c   Code   RO         4269    i.nrf_uart_int_enable_check  nrf_drv_uart.o
    0x0001f408   0x0001f408   0x0000000a   Code   RO         4270    i.nrf_uarte_event_check  nrf_drv_uart.o
    0x0001f412   0x0001f412   0x00000018   Code   RO          463    i.null_ptr_check    bmi160.o
    0x0001f42a   0x0001f42a   0x00000002   Code   RO           45    i.on_adv_evt        main.o
    0x0001f42c   0x0001f42c   0x0000001c   Code   RO           46    i.on_conn_params_evt  main.o
    0x0001f448   0x0001f448   0x00000014   Code   RO         2979    i.peer_address_exists  ble_advertising.o
    0x0001f45c   0x0001f45c   0x00000060   Code   RO          466    i.process_under_sampling  bmi160.o
    0x0001f4bc   0x0001f4bc   0x00000024   Code   RO         4468    i.pstorage_access_status_get  pstorage.o
    0x0001f4e0   0x0001f4e0   0x00000010   Code   RO         3758    i.ram_end_address_get  softdevice_handler.o
    0x0001f4f0   0x0001f4f0   0x00000044   Code   RO         5059    i.rtc1_stop         app_timer.o
    0x0001f534   0x0001f534   0x00000030   Code   RO         4272    i.rx_byte           nrf_drv_uart.o
    0x0001f564   0x0001f564   0x000000da   Code   RO         2671    i.rx_character_add  glass_ble.o
    0x0001f63e   0x0001f63e   0x00000002   PAD
    0x0001f640   0x0001f640   0x00000020   Code   RO         4273    i.rx_done_event     nrf_drv_uart.o
    0x0001f660   0x0001f660   0x0000008c   Code   RO         3759    i.sd_check_ram_start  softdevice_handler.o
    0x0001f6ec   0x0001f6ec   0x0000008c   Code   RO         3760    i.sd_nvic_EnableIRQ  softdevice_handler.o
    0x0001f778   0x0001f778   0x00000088   Code   RO         2896    i.service_data_encode  ble_advdata.o
    0x0001f800   0x0001f800   0x00000014   Code   RO         3761    i.softdevice_ble_evt_handler_set  softdevice_handler.o
    0x0001f814   0x0001f814   0x000000fc   Code   RO         3762    i.softdevice_enable  softdevice_handler.o
    0x0001f910   0x0001f910   0x00000026   Code   RO         3763    i.softdevice_enable_get_default_config  softdevice_handler.o
    0x0001f936   0x0001f936   0x00000004   Code   RO         3764    i.softdevice_fault_handler  softdevice_handler.o
    0x0001f93a   0x0001f93a   0x00000002   PAD
    0x0001f93c   0x0001f93c   0x0000004c   Code   RO         3765    i.softdevice_handler_init  softdevice_handler.o
    0x0001f988   0x0001f988   0x0000008c   Code   RO         5060    i.timer_list_handler  app_timer.o
    0x0001fa14   0x0001fa14   0x0000003c   Code   RO         5061    i.timer_list_insert  app_timer.o
    0x0001fa50   0x0001fa50   0x00000084   Code   RO         5062    i.timer_timeouts_check  app_timer.o
    0x0001fad4   0x0001fad4   0x00000078   Code   RO          476    i.trigger_foc       bmi160.o
    0x0001fb4c   0x0001fb4c   0x00000030   Code   RO          477    i.twi_bmi160_init   bmi160.o
    0x0001fb7c   0x0001fb7c   0x000000b0   Code   RO         4708    i.twi_clear_bus     nrf_drv_twi.o
    0x0001fc2c   0x0001fc2c   0x0000009c   Code   RO          478    i.twi_handler       bmi160.o
    0x0001fcc8   0x0001fcc8   0x0000007c   Code   RO         4709    i.twi_rx_start_transfer  nrf_drv_twi.o
    0x0001fd44   0x0001fd44   0x00000028   Code   RO         4710    i.twi_send_byte     nrf_drv_twi.o
    0x0001fd6c   0x0001fd6c   0x000000f2   Code   RO         4711    i.twi_transfer      nrf_drv_twi.o
    0x0001fe5e   0x0001fe5e   0x0000007c   Code   RO         4712    i.twi_tx_start_transfer  nrf_drv_twi.o
    0x0001feda   0x0001feda   0x0000008c   Code   RO         4713    i.twi_xfer          nrf_drv_twi.o
    0x0001ff66   0x0001ff66   0x00000002   PAD
    0x0001ff68   0x0001ff68   0x00000024   Code   RO         4275    i.tx_byte           nrf_drv_uart.o
    0x0001ff8c   0x0001ff8c   0x000000a2   Code   RO         2672    i.tx_character_add  glass_ble.o
    0x0002002e   0x0002002e   0x00000002   PAD
    0x00020030   0x00020030   0x00000024   Code   RO         4276    i.tx_done_event     nrf_drv_uart.o
    0x00020054   0x00020054   0x00000108   Code   RO         4277    i.uart_irq_handler  nrf_drv_uart.o
    0x0002015c   0x0002015c   0x000000d8   Code   RO         4278    i.uarte_irq_handler  nrf_drv_uart.o
    0x00020234   0x00020234   0x0000000a   Code   RO         2897    i.uint16_encode     ble_advdata.o
    0x0002023e   0x0002023e   0x00000042   Code   RO          479    i.unpack_accel_data  bmi160.o
    0x00020280   0x00020280   0x00000102   Code   RO          480    i.unpack_accel_frame  bmi160.o
    0x00020382   0x00020382   0x00000042   Code   RO          483    i.unpack_gyro_data  bmi160.o
    0x000203c4   0x000203c4   0x000000fa   Code   RO          484    i.unpack_gyro_frame  bmi160.o
    0x000204be   0x000204be   0x0000002a   Code   RO          485    i.unpack_sensortime_frame  bmi160.o
    0x000204e8   0x000204e8   0x0000001c   Code   RO          486    i.unpack_skipped_frame  bmi160.o
    0x00020504   0x00020504   0x00000060   Code   RO         3111    i.update_timeout_handler  ble_conn_params.o
    0x00020564   0x00020564   0x0000003e   Code   RO         5063    i.user_id_get       app_timer.o
    0x000205a2   0x000205a2   0x00000028   Code   RO         5064    i.user_op_alloc     app_timer.o
    0x000205ca   0x000205ca   0x00000030   Code   RO         2898    i.uuid_list_encode  ble_advdata.o
    0x000205fa   0x000205fa   0x0000009e   Code   RO         2899    i.uuid_list_sized_encode  ble_advdata.o
    0x00020698   0x00020698   0x0000000e   Code   RO         2980    i.whitelist_has_entries  ble_advertising.o
    0x000206a6   0x000206a6   0x00000002   PAD
    0x000206a8   0x000206a8   0x00000004   Data   RO           51    .constdata          main.o
    0x000206ac   0x000206ac   0x00000030   Data   RO          488    .constdata          bmi160.o
    0x000206dc   0x000206dc   0x00000010   Data   RO         2673    .constdata          glass_ble.o
    0x000206ec   0x000206ec   0x00000004   Data   RO         3114    .constdata          ble_conn_params.o
    0x000206f0   0x000206f0   0x0000002c   Data   RO         4715    .constdata          nrf_drv_twi.o
    0x0002071c   0x0002071c   0x00000010   Data   RO         5783    .constdata          segger_rtt_printf.o
    0x0002072c   0x0002072c   0x00000020   Data   RO         5993    Region$$Table       anon$$obj.o


    Execution Region RW_IRAM1 (Exec base: 0x20001fe8, Load base: 0x0002074c, Size: 0x00005380, Max: 0x0000e018, ABSOLUTE)

    Exec Addr    Load Addr    Size         Type   Attr      Idx    E Section Name        Object

    0x20001fe8   0x0002074c   0x00000006   Data   RW           52    .data               main.o
    0x20001fee   0x00020752   0x00000001   Data   RW          489    .data               bmi160.o
    0x20001fef   0x00020753   0x00000001   PAD
    0x20001ff0   0x00020754   0x0000001f   Data   RW         2982    .data               ble_advertising.o
    0x2000200f   0x00020773   0x00000001   PAD
    0x20002010   0x00020774   0x00000014   Data   RW         3115    .data               ble_conn_params.o
    0x20002024   0x00020788   0x00000014   Data   RW         3770    .data               softdevice_handler.o
    0x20002038   0x0002079c   0x00000004   Data   RW         3868    .data               system_nrf52.o
    0x2000203c   0x000207a0   0x00000024   Data   RW         4493    .data               pstorage.o
    0x20002060   0x000207c4   0x00000020   Data   RW         5065    .data               app_timer.o
    0x20002080   0x000207e4   0x00000004   Data   RW         5471    .data               nrf_log.o
    0x20002084   0x000207e8   0x00000004   Data   RW         5988    .data               mc_w.l(mvars.o)
    0x20002088   0x000207ec   0x00000004   Data   RW         5989    .data               mc_w.l(mvars.o)
    0x2000208c        -       0x0000022c   Zero   RW           47    .bss                main.o
    0x200022b8        -       0x00000044   Zero   RW          487    .bss                bmi160.o
    0x200022fc        -       0x00000103   Zero   RW         2981    .bss                ble_advertising.o
    0x200023ff   0x000207f0   0x00000001   PAD
    0x20002400        -       0x00000020   Zero   RW         3112    .bss                ble_conn_params.o
    0x20002420        -       0x0000001c   Zero   RW         3113    .bss                ble_conn_params.o
    0x2000243c        -       0x0000000c   Zero   RW         3769    .bss                softdevice_handler.o
    0x20002448        -       0x00000058   Zero   RW         4080    .bss                nrf_drv_gpiote.o
    0x200024a0        -       0x00000020   Zero   RW         4279    .bss                nrf_drv_uart.o
    0x200024c0        -       0x0000055c   Zero   RW         4491    .bss                pstorage.o
    0x20002a1c        -       0x00000050   Zero   RW         4714    .bss                nrf_drv_twi.o
    0x20002a6c        -       0x00000058   Zero   RW         5364    .bss                fstorage.o
    0x20002ac4        -       0x0000041b   Zero   RW         5470    .bss                nrf_log.o
    0x20002edf   0x000207f0   0x00000001   PAD
    0x20002ee0        -       0x00000488   Zero   RW         5662    .bss                segger_rtt.o
    0x20003368        -       0x00002000   Zero   RW            2    HEAP                arm_startup_nrf52.o
    0x20005368        -       0x00002000   Zero   RW            1    STACK               arm_startup_nrf52.o


==============================================================================

Image component sizes


      Code (inc. data)   RO Data    RW Data    ZI Data      Debug   Object Name

        22          0          0          0          0       1985   app_error.o
        36         10          0          0          0        662   app_error_weak.o
      1790         94          0         32          0      57455   app_timer.o
        36          8       1024          0      16384        860   arm_startup_nrf52.o
      1540          0          0          0          0      18736   ble_advdata.o
       942         30          0         31        259       7648   ble_advertising.o
       436         54          4         20         60       5984   ble_conn_params.o
      4424        296         48          1         68      41554   bmi160.o
        20          4          0          0         88       3176   fstorage.o
         0          0          0          0          0       1444   glass_app.o
       640          4         16          0          0      11677   glass_ble.o
       906        116          4          6        556     124506   main.o
       144          0          0          0          0       1467   nrf_delay.o
        60          0          0          0          0      32007   nrf_drv_common.o
       408         26          0          0         88      13804   nrf_drv_gpiote.o
      1496         48         44          0         80      26247   nrf_drv_twi.o
       684         56          0          0         32      18724   nrf_drv_uart.o
       106         30          0          4       1051       3765   nrf_log.o
        36          8          0         36       1372       7081   pstorage.o
       566         50          0          0       1160      10118   segger_rtt.o
       878          6         16          0          0       5117   segger_rtt_printf.o
       834        298          0         20         12      44776   softdevice_handler.o
       620         54          0          4          0      32442   system_nrf52.o

    ----------------------------------------------------------------------
     16666       1192       1188        156      21212     471235   Object Totals
         0          0         32          0          0          0   (incl. Generated)
        42          0          0          2          2          0   (incl. Padding)

    ----------------------------------------------------------------------

      Code (inc. data)   RO Data    RW Data    ZI Data      Debug   Library Member Name

         0          0          0          0          0          0   entry.o
         0          0          0          0          0          0   entry10a.o
         0          0          0          0          0          0   entry11a.o
         4          0          0          0          0          0   entry12b.o
         8          4          0          0          0          0   entry2.o
         4          0          0          0          0          0   entry5.o
         0          0          0          0          0          0   entry7b.o
         0          0          0          0          0          0   entry8b.o
         8          4          0          0          0          0   entry9a.o
        30          0          0          0          0          0   handlers.o
        36          8          0          0          0         68   init.o
       188         20          0          0          0        160   malloc.o
        64          0          0          0          0         76   memmovea.o
        36          0          0          0          0        108   memseta.o
         0          0          0          8          0          0   mvars.o
        18          0          0          0          0         68   strcpy.o

    ----------------------------------------------------------------------
       398         36          0          8          0        480   Library Totals
         2          0          0          0          0          0   (incl. Padding)

    ----------------------------------------------------------------------

      Code (inc. data)   RO Data    RW Data    ZI Data      Debug   Library Name

       396         36          0          8          0        480   mc_w.l

    ----------------------------------------------------------------------
       398         36          0          8          0        480   Library Totals

    ----------------------------------------------------------------------

==============================================================================


      Code (inc. data)   RO Data    RW Data    ZI Data      Debug   

     17064       1228       1188        164      21212     456311   Grand Totals
     17064       1228       1188        164      21212     456311   ELF Image Totals
     17064       1228       1188        164          0          0   ROM Totals

==============================================================================

    Total RO  Size (Code + RO Data)                18252 (  17.82kB)
    Total RW  Size (RW Data + ZI Data)             21376 (  20.88kB)
    Total ROM Size (Code + RO Data + RW Data)      18416 (  17.98kB)

==============================================================================

