<html>
<body>
<pre>
<h1>µVision Build Log</h1>
<h2>Tool Versions:</h2>
IDE-Version: ¦ÌVision V5.33.0.0
Copyright (C) 2020 ARM Ltd and ARM Germany GmbH. All rights reserved.
License Information: q q, q, LIC=----
 
Tool Versions:
Toolchain:       MDK-Lite  Version: 5.33.0.0
Toolchain Path:  C:\Keil_v5\ARM\ARMCC\Bin
C Compiler:      Armcc.exe V5.06 update 7 (build 960)
Assembler:       Armasm.exe V5.06 update 7 (build 960)
Linker/Locator:  ArmLink.exe V5.06 update 7 (build 960)
Library Manager: ArmAr.exe V5.06 update 7 (build 960)
Hex Converter:   FromElf.exe V5.06 update 7 (build 960)
CPU DLL:         SARMCM3.DLL V5.33.0.0
Dialog DLL:      DARMCM1.DLL V1.19.4.0
Target DLL:      Segger\JL2CM3.dll V2.99.38.0
Dialog DLL:      TARMCM1.DLL V1.14.3.0
 
<h2>Project:</h2>
C:\Users\andre\Desktop\glass\NordicGlass-14\app\nRF_Project\app.uvproj
Project File Date:  12/28/2020

<h2>Output:</h2>
*** Using Compiler 'V5.06 update 7 (build 960)', folder: 'C:\Keil_v5\ARM\ARMCC\Bin'
Rebuild target 'App'
assembling arm_startup_nrf52.s...
compiling glass_app.c...
compiling glass_calc.c...
compiling vl53l1_api.c...
compiling vl53l1_api_calibration.c...
compiling motor.c...
..\nRF_APP\inc\motor\motor.h(13): warning:  #1295-D: Deprecated declaration motor_init - give arg types
  void motor_init();
..\nRF_APP\inc\motor\motor.h(14): warning:  #1295-D: Deprecated declaration motor_set - give arg types
  void motor_set();
..\nRF_APP\inc\motor\motor.h(15): warning:  #1295-D: Deprecated declaration motor_clear - give arg types
  void motor_clear();
..\nRF_APP\inc\motor\motor.h(17): warning:  #1-D: last line of file ends without a newline
  #endif
..\nRF_APP\src\motor\motor.c(15): warning:  #1-D: last line of file ends without a newline
  }
..\nRF_APP\src\motor\motor.c: 5 warnings, 0 errors
compiling zw101g.c...
..\nRF_APP\inc\touch\zw101g.h(13): warning:  #1295-D: Deprecated declaration zw101g_init - give arg types
  void zw101g_init();
..\nRF_APP\inc\touch\zw101g.h(14): warning:  #1295-D: Deprecated declaration zw101g_read_stat - give arg types
  uint8_t zw101g_read_stat();
..\nRF_APP\inc\touch\zw101g.h(16): warning:  #1-D: last line of file ends without a newline
  #endif
..\nRF_APP\src\touch\zw101g.c(9): warning:  #1-D: last line of file ends without a newline
  }
..\nRF_APP\src\touch\zw101g.c: 4 warnings, 0 errors
compiling sys_debug.c...
compiling vl53l1_api_core.c...
compiling vl53l1_api_debug.c...
compiling vl53l1_api_preset_modes.c...
compiling vl53l1.c...
compiling vl53l1_api_strings.c...
compiling vl53l1_error_strings.c...
compiling main.c...
..\nRF_APP\inc\touch\zw101g.h(13): warning:  #1295-D: Deprecated declaration zw101g_init - give arg types
  void zw101g_init();
..\nRF_APP\inc\touch\zw101g.h(14): warning:  #1295-D: Deprecated declaration zw101g_read_stat - give arg types
  uint8_t zw101g_read_stat();
..\nRF_APP\inc\touch\zw101g.h(16): warning:  #1-D: last line of file ends without a newline
  #endif
..\nRF_APP\inc\motor\motor.h(13): warning:  #1295-D: Deprecated declaration motor_init - give arg types
  void motor_init();
..\nRF_APP\inc\motor\motor.h(14): warning:  #1295-D: Deprecated declaration motor_set - give arg types
  void motor_set();
..\nRF_APP\inc\motor\motor.h(15): warning:  #1295-D: Deprecated declaration motor_clear - give arg types
  void motor_clear();
..\nRF_APP\inc\motor\motor.h(17): warning:  #1-D: last line of file ends without a newline
  #endif
..\nRF_APP\src\main.c(357): warning:  #177-D: variable "r_acc_x"  was declared but never referenced
      float r_acc_x = 0;
..\nRF_APP\src\main.c(358): warning:  #177-D: variable "r_acc_y"  was declared but never referenced
      float r_acc_y = 0;
..\nRF_APP\src\main.c(359): warning:  #177-D: variable "r_acc_z"  was declared but never referenced
      float r_acc_z = 0;
..\nRF_APP\src\main.c(360): warning:  #177-D: variable "angle_acc_x"  was declared but never referenced
      float angle_acc_x = 0;
..\nRF_APP\src\main.c(361): warning:  #177-D: variable "angle_acc_y"  was declared but never referenced
      float angle_acc_y = 0;
..\nRF_APP\src\main.c(362): warning:  #177-D: variable "angle_acc_z"  was declared but never referenced
      float angle_acc_z = 0;
..\nRF_APP\src\main.c(363): warning:  #177-D: variable "w_gyr_x"  was declared but never referenced
      float w_gyr_x = 0;
..\nRF_APP\src\main.c(364): warning:  #177-D: variable "w_gyr_y"  was declared but never referenced
      float w_gyr_y = 0;
..\nRF_APP\src\main.c(365): warning:  #177-D: variable "w_gyr_z"  was declared but never referenced
      float w_gyr_z = 0;
..\nRF_APP\src\main.c(366): warning:  #177-D: variable "angle_cur_x"  was declared but never referenced
      float angle_cur_x = 0;
..\nRF_APP\src\main.c(367): warning:  #177-D: variable "angle_cur_y"  was declared but never referenced
      float angle_cur_y = 0;
..\nRF_APP\src\main.c(368): warning:  #177-D: variable "angle_cur_z"  was declared but never referenced
      float angle_cur_z = 0;
..\nRF_APP\src\main.c(369): warning:  #177-D: variable "angle_pre_x"  was declared but never referenced
      float angle_pre_x = 0;
..\nRF_APP\src\main.c(370): warning:  #177-D: variable "angle_pre_y"  was declared but never referenced
      float angle_pre_y = 0;
..\nRF_APP\src\main.c(371): warning:  #177-D: variable "angle_pre_z"  was declared but never referenced
      float angle_pre_z = 0;
..\nRF_APP\src\main.c(372): warning:  #177-D: variable "angle_filter_x"  was declared but never referenced
  		float angle_filter_x = 0;
..\nRF_APP\src\main.c(373): warning:  #177-D: variable "angle_filter_y"  was declared but never referenced
      float angle_filter_y = 0;
..\nRF_APP\src\main.c(374): warning:  #177-D: variable "angle_filter_z"  was declared but never referenced
      float angle_filter_z = 0;
..\nRF_APP\src\main.c(375): warning:  #177-D: variable "angle_out_x"  was declared but never referenced
      int16_t angle_out_x = 0;
..\nRF_APP\src\main.c(376): warning:  #177-D: variable "angle_out_y"  was declared but never referenced
      int16_t angle_out_y = 0;
..\nRF_APP\src\main.c(377): warning:  #177-D: variable "angle_out_z"  was declared but never referenced
      int16_t angle_out_z = 0;
..\nRF_APP\src\main.c: 28 warnings, 0 errors
compiling vl53l1_core.c...
compiling bmi160.c...
..\nRF_APP\src\accel\bmi160.c(193): warning:  #177-D: variable "index"  was declared but never referenced
    uint16_t index = 0;
..\nRF_APP\src\accel\bmi160.c: 1 warning, 0 errors
compiling vl53l1_core_support.c...
compiling vl53l1_register_funcs.c...
compiling vl53l1_silicon_core.c...
compiling vl53l1_wait.c...
compiling ble_advertising.c...
compiling glass_ble.c...
compiling ble_conn_params.c...
compiling ble_bas.c...
compiling ble_advdata.c...
compiling bsp_btn_ble.c...
compiling bsp.c...
compiling ble_nus.c...
compiling ble_dfu.c...
compiling ble_dis.c...
compiling ble_hrs.c...
compiling softdevice_handler.c...
compiling ble_srv_common.c...
compiling device_manager_peripheral.c...
compiling system_nrf52.c...
compiling app_uart_fifo.c...
compiling nrf_delay.c...
compiling nrf_drv_common.c...
compiling nrf_drv_twi.c...
compiling pstorage.c...
compiling nrf_drv_gpiote.c...
compiling app_button.c...
compiling nrf_drv_uart.c...
compiling app_error.c...
..\nRF_Library\src\app_error.c(57): warning:  #223-D: function "nrf_delay_ms" declared implicitly
         nrf_delay_ms(1000);
..\nRF_Library\src\app_error.c(60): warning:  #111-D: statement is unreachable
      app_error_fault_handler(NRF_FAULT_ID_SDK_ERROR, 0, (uint32_t)(&error_info));
..\nRF_Library\src\app_error.c: 2 warnings, 0 errors
compiling app_trace.c...
compiling app_error_weak.c...
compiling bootloader_util.c...
compiling app_fifo.c...
compiling app_util_platform.c...
compiling retarget.c...
compiling RTT_Syscalls_KEIL.c...
compiling app_timer.c...
compiling dfu_app_handler.c...
compiling SEGGER_RTT.c...
compiling fstorage.c...
compiling nrf_assert.c...
compiling nrf_log.c...
compiling SEGGER_RTT_printf.c...
compiling sensorsim.c...
compiling app_twi.c...
linking...
Program Size: Code=17064 RO-data=1188 RW-data=164 ZI-data=21212  
FromELF: creating hex file...
"..\nRF_Obj\app.axf" - 0 Error(s), 40 Warning(s).
Build Time Elapsed:  00:00:37
</pre>
</body>
</html>
